113.211.214.178 - - [24/Apr/2025:10:49:19 +0700] "GET /images/icons/map-pin.svg HTTP/1.1" 304 0 "https://staging.bumimascitramandiri.com/id/lowongan" "Mozilla/5.0 (iPhone; CPU iPhone OS 18_3_1 like Mac OS X) AppleWebKit/605.1.15 (KHTML, like Gecko) Version/18.3 Mobile/15E148 Safari/604.1"
113.211.214.178 - - [24/Apr/2025:10:49:25 +0700] "GET /_next/image?url=%2Fimages%2Fflag%2FEN.png&w=48&q=75 HTTP/1.1" 304 0 "https://staging.bumimascitramandiri.com/en/about-us" "Mozilla/5.0 (iPhone; CPU iPhone OS 18_3_1 like Mac OS X) AppleWebKit/605.1.15 (KHTML, like Gecko) Version/18.3 Mobile/15E148 Safari/604.1"
113.211.214.178 - - [24/Apr/2025:10:49:28 +0700] "GET /images/icons/align-right.svg HTTP/1.1" 304 0 "https://staging.bumimascitramandiri.com/en/about-us" "Mozilla/5.0 (iPhone; CPU iPhone OS 18_3_1 like Mac OS X) AppleWebKit/605.1.15 (KHTML, like Gecko) Version/18.3 Mobile/15E148 Safari/604.1"
113.211.214.178 - - [24/Apr/2025:10:49:28 +0700] "GET /images/icons/worker-office.svg HTTP/1.1" 304 0 "https://staging.bumimascitramandiri.com/en/about-us" "Mozilla/5.0 (iPhone; CPU iPhone OS 18_3_1 like Mac OS X) AppleWebKit/605.1.15 (KHTML, like Gecko) Version/18.3 Mobile/15E148 Safari/604.1"
113.211.214.178 - - [24/Apr/2025:10:49:38 +0700] "GET /_next/image?url=%2Fimages%2Fflag%2FID.png&w=48&q=75 HTTP/1.1" 304 0 "https://staging.bumimascitramandiri.com/id/tentang-kami" "Mozilla/5.0 (iPhone; CPU iPhone OS 18_3_1 like Mac OS X) AppleWebKit/605.1.15 (KHTML, like Gecko) Version/18.3 Mobile/15E148 Safari/604.1"
113.211.214.178 - - [24/Apr/2025:10:49:39 +0700] "GET /_next/image?url=%2Fimages%2Flogo.png&w=128&q=100 HTTP/1.1" 304 0 "https://staging.bumimascitramandiri.com/id/tentang-kami" "Mozilla/5.0 (iPhone; CPU iPhone OS 18_3_1 like Mac OS X) AppleWebKit/605.1.15 (KHTML, like Gecko) Version/18.3 Mobile/15E148 Safari/604.1"
113.211.214.178 - - [24/Apr/2025:10:49:39 +0700] "GET /images/icons/worker-office.svg HTTP/1.1" 304 0 "https://staging.bumimascitramandiri.com/id/tentang-kami" "Mozilla/5.0 (iPhone; CPU iPhone OS 18_3_1 like Mac OS X) AppleWebKit/605.1.15 (KHTML, like Gecko) Version/18.3 Mobile/15E148 Safari/604.1"
113.211.214.178 - - [24/Apr/2025:10:49:39 +0700] "GET /images/icons/align-right.svg HTTP/1.1" 304 0 "https://staging.bumimascitramandiri.com/id/tentang-kami" "Mozilla/5.0 (iPhone; CPU iPhone OS 18_3_1 like Mac OS X) AppleWebKit/605.1.15 (KHTML, like Gecko) Version/18.3 Mobile/15E148 Safari/604.1"
113.211.214.178 - - [24/Apr/2025:10:50:10 +0700] "GET /images/icons/align-right.svg HTTP/1.1" 304 0 "https://staging.bumimascitramandiri.com/en/about-us" "Mozilla/5.0 (iPhone; CPU iPhone OS 18_3_1 like Mac OS X) AppleWebKit/605.1.15 (KHTML, like Gecko) Version/18.3 Mobile/15E148 Safari/604.1"
113.211.214.178 - - [24/Apr/2025:10:50:16 +0700] "GET /id/tentang-kami?_rsc=1jnes HTTP/1.1" 200 4443 "https://staging.bumimascitramandiri.com/en/about-us" "Mozilla/5.0 (iPhone; CPU iPhone OS 18_3_1 like Mac OS X) AppleWebKit/605.1.15 (KHTML, like Gecko) Version/18.3 Mobile/15E148 Safari/604.1"
113.211.214.178 - - [24/Apr/2025:10:50:16 +0700] "GET /images/icons/align-right.svg HTTP/1.1" 304 0 "https://staging.bumimascitramandiri.com/en/about-us" "Mozilla/5.0 (iPhone; CPU iPhone OS 18_3_1 like Mac OS X) AppleWebKit/605.1.15 (KHTML, like Gecko) Version/18.3 Mobile/15E148 Safari/604.1"
113.211.214.178 - - [24/Apr/2025:10:50:16 +0700] "GET /_next/image?url=%2Fimages%2Fuser-1.png&w=96&q=75 HTTP/1.1" 304 0 "https://staging.bumimascitramandiri.com/en/about-us" "Mozilla/5.0 (iPhone; CPU iPhone OS 18_3_1 like Mac OS X) AppleWebKit/605.1.15 (KHTML, like Gecko) Version/18.3 Mobile/15E148 Safari/604.1"
113.211.214.178 - - [24/Apr/2025:10:50:16 +0700] "GET /_next/image?url=%2Fimages%2Fvisi-misi-2.png&w=1200&q=75 HTTP/1.1" 304 0 "https://staging.bumimascitramandiri.com/en/about-us" "Mozilla/5.0 (iPhone; CPU iPhone OS 18_3_1 like Mac OS X) AppleWebKit/605.1.15 (KHTML, like Gecko) Version/18.3 Mobile/15E148 Safari/604.1"
113.211.214.178 - - [24/Apr/2025:10:50:16 +0700] "GET /images/icons/worker-office.svg HTTP/1.1" 304 0 "https://staging.bumimascitramandiri.com/en/about-us" "Mozilla/5.0 (iPhone; CPU iPhone OS 18_3_1 like Mac OS X) AppleWebKit/605.1.15 (KHTML, like Gecko) Version/18.3 Mobile/15E148 Safari/604.1"
113.211.214.178 - - [24/Apr/2025:10:50:18 +0700] "GET /images/vector-footer.svg HTTP/1.1" 304 0 "https://staging.bumimascitramandiri.com/en/about-us" "Mozilla/5.0 (iPhone; CPU iPhone OS 18_3_1 like Mac OS X) AppleWebKit/605.1.15 (KHTML, like Gecko) Version/18.3 Mobile/15E148 Safari/604.1"
113.211.214.178 - - [24/Apr/2025:10:50:18 +0700] "GET /images/icons/tiktok-icon.svg HTTP/1.1" 304 0 "https://staging.bumimascitramandiri.com/en/about-us" "Mozilla/5.0 (iPhone; CPU iPhone OS 18_3_1 like Mac OS X) AppleWebKit/605.1.15 (KHTML, like Gecko) Version/18.3 Mobile/15E148 Safari/604.1"
202.10.42.99 - - [24/Apr/2025:10:50:18 +0700] "GET /api/v1/agencies/ab7cf6f0-c70e-4402-9175-72fb1c1c7a62/jobs?page=1&limit=9&status=ACTIVE HTTP/1.1" 200 8350 "-" "node"
113.211.214.178 - - [24/Apr/2025:10:50:18 +0700] "GET /id/lowongan?_rsc=sokpo HTTP/1.1" 200 3107 "https://staging.bumimascitramandiri.com/id/tentang-kami" "Mozilla/5.0 (iPhone; CPU iPhone OS 18_3_1 like Mac OS X) AppleWebKit/605.1.15 (KHTML, like Gecko) Version/18.3 Mobile/15E148 Safari/604.1"
113.211.214.178 - - [24/Apr/2025:10:50:18 +0700] "GET /images/icons/clock.svg HTTP/1.1" 304 0 "https://staging.bumimascitramandiri.com/id/lowongan" "Mozilla/5.0 (iPhone; CPU iPhone OS 18_3_1 like Mac OS X) AppleWebKit/605.1.15 (KHTML, like Gecko) Version/18.3 Mobile/15E148 Safari/604.1"
113.211.214.178 - - [24/Apr/2025:10:50:18 +0700] "GET /images/icons/search.svg HTTP/1.1" 304 0 "https://staging.bumimascitramandiri.com/id/lowongan" "Mozilla/5.0 (iPhone; CPU iPhone OS 18_3_1 like Mac OS X) AppleWebKit/605.1.15 (KHTML, like Gecko) Version/18.3 Mobile/15E148 Safari/604.1"
113.211.214.178 - - [24/Apr/2025:10:50:18 +0700] "GET /_next/image?url=%2Fimages%2Fvacancy-banner.png&w=1200&q=75 HTTP/1.1" 304 0 "https://staging.bumimascitramandiri.com/id/lowongan" "Mozilla/5.0 (iPhone; CPU iPhone OS 18_3_1 like Mac OS X) AppleWebKit/605.1.15 (KHTML, like Gecko) Version/18.3 Mobile/15E148 Safari/604.1"
113.211.214.178 - - [24/Apr/2025:10:50:21 +0700] "GET /id/lowongan/5003952b-5b55-4338-93cb-049583a007a3?_rsc=cair4 HTTP/1.1" 200 1445 "https://staging.bumimascitramandiri.com/id/lowongan" "Mozilla/5.0 (iPhone; CPU iPhone OS 18_3_1 like Mac OS X) AppleWebKit/605.1.15 (KHTML, like Gecko) Version/18.3 Mobile/15E148 Safari/604.1"
113.211.214.178 - - [24/Apr/2025:10:50:22 +0700] "GET /id/lowongan/812128dd-1f0b-4daf-ab0e-7e0f8844dd84?_rsc=cair4 HTTP/1.1" 200 1444 "https://staging.bumimascitramandiri.com/id/lowongan" "Mozilla/5.0 (iPhone; CPU iPhone OS 18_3_1 like Mac OS X) AppleWebKit/605.1.15 (KHTML, like Gecko) Version/18.3 Mobile/15E148 Safari/604.1"
49.142.32.46 - - [24/Apr/2025:10:50:23 +0700] "GET / HTTP/1.0" 444 0 "-" "curl/7.88.1"
113.211.214.178 - - [24/Apr/2025:10:50:23 +0700] "GET /images/icons/phone.svg HTTP/1.1" 304 0 "https://staging.bumimascitramandiri.com/en/about-us" "Mozilla/5.0 (iPhone; CPU iPhone OS 18_3_1 like Mac OS X) AppleWebKit/605.1.15 (KHTML, like Gecko) Version/18.3 Mobile/15E148 Safari/604.1"
202.10.42.99 - - [24/Apr/2025:10:50:23 +0700] "GET /api/v1/agencies/ab7cf6f0-c70e-4402-9175-72fb1c1c7a62/jobs/5003952b-5b55-4338-93cb-049583a007a3 HTTP/1.1" 200 1144 "-" "node"
113.211.214.178 - - [24/Apr/2025:10:50:23 +0700] "GET /id/lowongan/5003952b-5b55-4338-93cb-049583a007a3?_rsc=d0drl HTTP/1.1" 200 2835 "https://staging.bumimascitramandiri.com/id/lowongan" "Mozilla/5.0 (iPhone; CPU iPhone OS 18_3_1 like Mac OS X) AppleWebKit/605.1.15 (KHTML, like Gecko) Version/18.3 Mobile/15E148 Safari/604.1"
113.211.214.178 - - [24/Apr/2025:10:50:23 +0700] "GET /images/icons/clock.svg HTTP/1.1" 304 0 "https://staging.bumimascitramandiri.com/id/lowongan/5003952b-5b55-4338-93cb-049583a007a3" "Mozilla/5.0 (iPhone; CPU iPhone OS 18_3_1 like Mac OS X) AppleWebKit/605.1.15 (KHTML, like Gecko) Version/18.3 Mobile/15E148 Safari/604.1"
113.211.214.178 - - [24/Apr/2025:10:50:23 +0700] "GET /images/icons/flag.svg HTTP/1.1" 304 0 "https://staging.bumimascitramandiri.com/id/lowongan/5003952b-5b55-4338-93cb-049583a007a3" "Mozilla/5.0 (iPhone; CPU iPhone OS 18_3_1 like Mac OS X) AppleWebKit/605.1.15 (KHTML, like Gecko) Version/18.3 Mobile/15E148 Safari/604.1"
113.211.214.178 - - [24/Apr/2025:10:50:23 +0700] "GET /images/icons/cross-black.svg HTTP/1.1" 304 0 "https://staging.bumimascitramandiri.com/id/lowongan/5003952b-5b55-4338-93cb-049583a007a3" "Mozilla/5.0 (iPhone; CPU iPhone OS 18_3_1 like Mac OS X) AppleWebKit/605.1.15 (KHTML, like Gecko) Version/18.3 Mobile/15E148 Safari/604.1"
113.211.214.178 - - [24/Apr/2025:10:50:23 +0700] "GET /_next/image?url=%2Fimages%2Fsuccess.png&w=256&q=75 HTTP/1.1" 304 0 "https://staging.bumimascitramandiri.com/id/lowongan/5003952b-5b55-4338-93cb-049583a007a3" "Mozilla/5.0 (iPhone; CPU iPhone OS 18_3_1 like Mac OS X) AppleWebKit/605.1.15 (KHTML, like Gecko) Version/18.3 Mobile/15E148 Safari/604.1"
113.211.214.178 - - [24/Apr/2025:10:50:35 +0700] "GET /images/icons/align-right.svg HTTP/1.1" 304 0 "https://staging.bumimascitramandiri.com/id/lowongan/5003952b-5b55-4338-93cb-049583a007a3" "Mozilla/5.0 (iPhone; CPU iPhone OS 18_3_1 like Mac OS X) AppleWebKit/605.1.15 (KHTML, like Gecko) Version/18.3 Mobile/15E148 Safari/604.1"
113.211.214.178 - - [24/Apr/2025:10:50:46 +0700] "GET /_next/image?url=%2Fimages%2Fflag%2FID.png&w=48&q=75 HTTP/1.1" 304 0 "https://staging.bumimascitramandiri.com/id/lowongan/5003952b-5b55-4338-93cb-049583a007a3" "Mozilla/5.0 (iPhone; CPU iPhone OS 18_3_1 like Mac OS X) AppleWebKit/605.1.15 (KHTML, like Gecko) Version/18.3 Mobile/15E148 Safari/604.1"
113.211.214.178 - - [24/Apr/2025:10:50:46 +0700] "GET /_next/image?url=%2Fimages%2Fflag%2FEN.png&w=48&q=75 HTTP/1.1" 304 0 "https://staging.bumimascitramandiri.com/id/lowongan/5003952b-5b55-4338-93cb-049583a007a3" "Mozilla/5.0 (iPhone; CPU iPhone OS 18_3_1 like Mac OS X) AppleWebKit/605.1.15 (KHTML, like Gecko) Version/18.3 Mobile/15E148 Safari/604.1"
202.10.42.99 - - [24/Apr/2025:10:50:48 +0700] "GET /api/v1/agencies/ab7cf6f0-c70e-4402-9175-72fb1c1c7a62/jobs/%5Bid%5D HTTP/1.1" 500 26 "-" "node"
113.211.214.178 - - [24/Apr/2025:10:50:48 +0700] "GET /en/vacancy/[id]?_rsc=1dtt3 HTTP/1.1" 200 4350 "https://staging.bumimascitramandiri.com/id/lowongan/5003952b-5b55-4338-93cb-049583a007a3" "Mozilla/5.0 (iPhone; CPU iPhone OS 18_3_1 like Mac OS X) AppleWebKit/605.1.15 (KHTML, like Gecko) Version/18.3 Mobile/15E148 Safari/604.1"
113.211.214.178 - - [24/Apr/2025:10:50:48 +0700] "GET /_next/image?url=%2Fimages%2Flogo.png&w=128&q=100 HTTP/1.1" 304 0 "https://staging.bumimascitramandiri.com/id/lowongan/5003952b-5b55-4338-93cb-049583a007a3" "Mozilla/5.0 (iPhone; CPU iPhone OS 18_3_1 like Mac OS X) AppleWebKit/605.1.15 (KHTML, like Gecko) Version/18.3 Mobile/15E148 Safari/604.1"
113.211.214.178 - - [24/Apr/2025:10:50:48 +0700] "GET /images/icons/align-right.svg HTTP/1.1" 304 0 "https://staging.bumimascitramandiri.com/id/lowongan/5003952b-5b55-4338-93cb-049583a007a3" "Mozilla/5.0 (iPhone; CPU iPhone OS 18_3_1 like Mac OS X) AppleWebKit/605.1.15 (KHTML, like Gecko) Version/18.3 Mobile/15E148 Safari/604.1"
113.211.214.178 - - [24/Apr/2025:10:50:48 +0700] "GET /images/icons/tiktok-icon.svg HTTP/1.1" 304 0 "https://staging.bumimascitramandiri.com/id/lowongan/5003952b-5b55-4338-93cb-049583a007a3" "Mozilla/5.0 (iPhone; CPU iPhone OS 18_3_1 like Mac OS X) AppleWebKit/605.1.15 (KHTML, like Gecko) Version/18.3 Mobile/15E148 Safari/604.1"
113.211.214.178 - - [24/Apr/2025:10:50:48 +0700] "GET /_next/image?url=%2Fimages%2Fempty.png&w=640&q=75 HTTP/1.1" 304 0 "https://staging.bumimascitramandiri.com/id/lowongan/5003952b-5b55-4338-93cb-049583a007a3" "Mozilla/5.0 (iPhone; CPU iPhone OS 18_3_1 like Mac OS X) AppleWebKit/605.1.15 (KHTML, like Gecko) Version/18.3 Mobile/15E148 Safari/604.1"
113.211.214.178 - - [24/Apr/2025:10:50:48 +0700] "GET /images/vector-footer.svg HTTP/1.1" 304 0 "https://staging.bumimascitramandiri.com/id/lowongan/5003952b-5b55-4338-93cb-049583a007a3" "Mozilla/5.0 (iPhone; CPU iPhone OS 18_3_1 like Mac OS X) AppleWebKit/605.1.15 (KHTML, like Gecko) Version/18.3 Mobile/15E148 Safari/604.1"
113.211.214.178 - - [24/Apr/2025:10:50:51 +0700] "GET /images/icons/phone.svg HTTP/1.1" 304 0 "https://staging.bumimascitramandiri.com/id/lowongan/5003952b-5b55-4338-93cb-049583a007a3" "Mozilla/5.0 (iPhone; CPU iPhone OS 18_3_1 like Mac OS X) AppleWebKit/605.1.15 (KHTML, like Gecko) Version/18.3 Mobile/15E148 Safari/604.1"
113.211.214.178 - - [24/Apr/2025:10:50:51 +0700] "GET /images/icons/mail.svg HTTP/1.1" 304 0 "https://staging.bumimascitramandiri.com/id/lowongan/5003952b-5b55-4338-93cb-049583a007a3" "Mozilla/5.0 (iPhone; CPU iPhone OS 18_3_1 like Mac OS X) AppleWebKit/605.1.15 (KHTML, like Gecko) Version/18.3 Mobile/15E148 Safari/604.1"
113.211.214.178 - - [24/Apr/2025:10:50:51 +0700] "GET /images/icons/map-pin.svg HTTP/1.1" 304 0 "https://staging.bumimascitramandiri.com/id/lowongan/5003952b-5b55-4338-93cb-049583a007a3" "Mozilla/5.0 (iPhone; CPU iPhone OS 18_3_1 like Mac OS X) AppleWebKit/605.1.15 (KHTML, like Gecko) Version/18.3 Mobile/15E148 Safari/604.1"
202.10.42.99 - - [24/Apr/2025:10:51:06 +0700] "GET /api/v1/agencies/ab7cf6f0-c70e-4402-9175-72fb1c1c7a62/jobs/%5Bid%5D HTTP/1.1" 500 26 "-" "node"
113.211.214.178 - - [24/Apr/2025:10:51:06 +0700] "GET /id/lowongan/[id]?_rsc=1doq1 HTTP/1.1" 200 4364 "https://staging.bumimascitramandiri.com/en/vacancy/[id]" "Mozilla/5.0 (iPhone; CPU iPhone OS 18_3_1 like Mac OS X) AppleWebKit/605.1.15 (KHTML, like Gecko) Version/18.3 Mobile/15E148 Safari/604.1"
113.211.214.178 - - [24/Apr/2025:10:51:06 +0700] "GET /images/icons/align-right.svg HTTP/1.1" 304 0 "https://staging.bumimascitramandiri.com/en/vacancy/[id]" "Mozilla/5.0 (iPhone; CPU iPhone OS 18_3_1 like Mac OS X) AppleWebKit/605.1.15 (KHTML, like Gecko) Version/18.3 Mobile/15E148 Safari/604.1"
113.211.214.178 - - [24/Apr/2025:10:51:06 +0700] "GET /images/icons/tiktok-icon.svg HTTP/1.1" 304 0 "https://staging.bumimascitramandiri.com/en/vacancy/[id]" "Mozilla/5.0 (iPhone; CPU iPhone OS 18_3_1 like Mac OS X) AppleWebKit/605.1.15 (KHTML, like Gecko) Version/18.3 Mobile/15E148 Safari/604.1"
113.211.214.178 - - [24/Apr/2025:10:51:06 +0700] "GET /images/vector-footer.svg HTTP/1.1" 304 0 "https://staging.bumimascitramandiri.com/en/vacancy/[id]" "Mozilla/5.0 (iPhone; CPU iPhone OS 18_3_1 like Mac OS X) AppleWebKit/605.1.15 (KHTML, like Gecko) Version/18.3 Mobile/15E148 Safari/604.1"
113.211.214.178 - - [24/Apr/2025:10:51:08 +0700] "GET /images/vector-footer.svg HTTP/1.1" 304 0 "https://staging.bumimascitramandiri.com/id/lowongan/[id]" "Mozilla/5.0 (iPhone; CPU iPhone OS 18_3_1 like Mac OS X) AppleWebKit/605.1.15 (KHTML, like Gecko) Version/18.3 Mobile/15E148 Safari/604.1"
113.211.214.178 - - [24/Apr/2025:10:51:08 +0700] "GET /images/icons/align-right.svg HTTP/1.1" 304 0 "https://staging.bumimascitramandiri.com/id/lowongan/[id]" "Mozilla/5.0 (iPhone; CPU iPhone OS 18_3_1 like Mac OS X) AppleWebKit/605.1.15 (KHTML, like Gecko) Version/18.3 Mobile/15E148 Safari/604.1"
113.211.214.178 - - [24/Apr/2025:10:51:08 +0700] "GET /images/icons/tiktok-icon.svg HTTP/1.1" 304 0 "https://staging.bumimascitramandiri.com/id/lowongan/[id]" "Mozilla/5.0 (iPhone; CPU iPhone OS 18_3_1 like Mac OS X) AppleWebKit/605.1.15 (KHTML, like Gecko) Version/18.3 Mobile/15E148 Safari/604.1"
113.211.214.178 - - [24/Apr/2025:10:51:10 +0700] "GET /images/vector-footer.svg HTTP/1.1" 304 0 "https://staging.bumimascitramandiri.com/en/vacancy/[id]" "Mozilla/5.0 (iPhone; CPU iPhone OS 18_3_1 like Mac OS X) AppleWebKit/605.1.15 (KHTML, like Gecko) Version/18.3 Mobile/15E148 Safari/604.1"
113.211.214.178 - - [24/Apr/2025:10:51:10 +0700] "GET /images/icons/align-right.svg HTTP/1.1" 304 0 "https://staging.bumimascitramandiri.com/en/vacancy/[id]" "Mozilla/5.0 (iPhone; CPU iPhone OS 18_3_1 like Mac OS X) AppleWebKit/605.1.15 (KHTML, like Gecko) Version/18.3 Mobile/15E148 Safari/604.1"
113.211.214.178 - - [24/Apr/2025:10:51:10 +0700] "GET /images/icons/tiktok-icon.svg HTTP/1.1" 304 0 "https://staging.bumimascitramandiri.com/en/vacancy/[id]" "Mozilla/5.0 (iPhone; CPU iPhone OS 18_3_1 like Mac OS X) AppleWebKit/605.1.15 (KHTML, like Gecko) Version/18.3 Mobile/15E148 Safari/604.1"
202.10.42.99 - - [24/Apr/2025:10:51:12 +0700] "GET /api/v1/agencies/ab7cf6f0-c70e-4402-9175-72fb1c1c7a62/jobs?page=1&limit=9&status=ACTIVE HTTP/1.1" 200 8350 "-" "node"
113.211.214.178 - - [24/Apr/2025:10:51:12 +0700] "GET /id/lowongan?_rsc=sokpo HTTP/1.1" 200 3107 "https://staging.bumimascitramandiri.com/id/lowongan/[id]" "Mozilla/5.0 (iPhone; CPU iPhone OS 18_3_1 like Mac OS X) AppleWebKit/605.1.15 (KHTML, like Gecko) Version/18.3 Mobile/15E148 Safari/604.1"
113.211.214.178 - - [24/Apr/2025:10:51:12 +0700] "GET /images/icons/search.svg HTTP/1.1" 304 0 "https://staging.bumimascitramandiri.com/id/lowongan" "Mozilla/5.0 (iPhone; CPU iPhone OS 18_3_1 like Mac OS X) AppleWebKit/605.1.15 (KHTML, like Gecko) Version/18.3 Mobile/15E148 Safari/604.1"
113.211.214.178 - - [24/Apr/2025:10:51:12 +0700] "GET /images/icons/clock.svg HTTP/1.1" 304 0 "https://staging.bumimascitramandiri.com/id/lowongan" "Mozilla/5.0 (iPhone; CPU iPhone OS 18_3_1 like Mac OS X) AppleWebKit/605.1.15 (KHTML, like Gecko) Version/18.3 Mobile/15E148 Safari/604.1"
47.96.10.143 - - [24/Apr/2025:10:51:15 +0700] "GET /.env HTTP/1.1" 404 134 "-" "Mozilla/5.0 (X11; Linux x86_64; rv:83.0) Gecko/20100101 Firefox/83.0"
113.211.214.178 - - [24/Apr/2025:10:51:17 +0700] "GET /images/icons/phone.svg HTTP/1.1" 304 0 "https://staging.bumimascitramandiri.com/en/vacancy/[id]" "Mozilla/5.0 (iPhone; CPU iPhone OS 18_3_1 like Mac OS X) AppleWebKit/605.1.15 (KHTML, like Gecko) Version/18.3 Mobile/15E148 Safari/604.1"
202.10.42.99 - - [24/Apr/2025:10:51:17 +0700] "GET /api/v1/agencies/ab7cf6f0-c70e-4402-9175-72fb1c1c7a62/jobs/5003952b-5b55-4338-93cb-049583a007a3 HTTP/1.1" 200 1144 "-" "node"
113.211.214.178 - - [24/Apr/2025:10:51:17 +0700] "GET /id/lowongan/5003952b-5b55-4338-93cb-049583a007a3?_rsc=d0drl HTTP/1.1" 200 2835 "https://staging.bumimascitramandiri.com/id/lowongan" "Mozilla/5.0 (iPhone; CPU iPhone OS 18_3_1 like Mac OS X) AppleWebKit/605.1.15 (KHTML, like Gecko) Version/18.3 Mobile/15E148 Safari/604.1"
113.211.214.178 - - [24/Apr/2025:10:51:18 +0700] "GET /_next/image?url=%2Fimages%2Fvacancy-banner.png&w=1200&q=75 HTTP/1.1" 304 0 "https://staging.bumimascitramandiri.com/id/lowongan/5003952b-5b55-4338-93cb-049583a007a3" "Mozilla/5.0 (iPhone; CPU iPhone OS 18_3_1 like Mac OS X) AppleWebKit/605.1.15 (KHTML, like Gecko) Version/18.3 Mobile/15E148 Safari/604.1"
113.211.214.178 - - [24/Apr/2025:10:51:18 +0700] "GET /images/icons/flag.svg HTTP/1.1" 304 0 "https://staging.bumimascitramandiri.com/id/lowongan/5003952b-5b55-4338-93cb-049583a007a3" "Mozilla/5.0 (iPhone; CPU iPhone OS 18_3_1 like Mac OS X) AppleWebKit/605.1.15 (KHTML, like Gecko) Version/18.3 Mobile/15E148 Safari/604.1"
113.211.214.178 - - [24/Apr/2025:10:51:18 +0700] "GET /images/icons/clock.svg HTTP/1.1" 304 0 "https://staging.bumimascitramandiri.com/id/lowongan/5003952b-5b55-4338-93cb-049583a007a3" "Mozilla/5.0 (iPhone; CPU iPhone OS 18_3_1 like Mac OS X) AppleWebKit/605.1.15 (KHTML, like Gecko) Version/18.3 Mobile/15E148 Safari/604.1"
47.96.10.143 - - [24/Apr/2025:10:51:19 +0700] "POST / HTTP/1.1" 405 166 "-" "Mozilla/5.0 (X11; Linux x86_64; rv:83.0) Gecko/20100101 Firefox/83.0"
113.211.214.178 - - [24/Apr/2025:10:51:19 +0700] "GET /images/icons/cross-black.svg HTTP/1.1" 304 0 "https://staging.bumimascitramandiri.com/id/lowongan/5003952b-5b55-4338-93cb-049583a007a3" "Mozilla/5.0 (iPhone; CPU iPhone OS 18_3_1 like Mac OS X) AppleWebKit/605.1.15 (KHTML, like Gecko) Version/18.3 Mobile/15E148 Safari/604.1"
202.10.42.99 - - [24/Apr/2025:10:51:25 +0700] "GET /api/v1/agencies/ab7cf6f0-c70e-4402-9175-72fb1c1c7a62/jobs/%5Bid%5D HTTP/1.1" 500 26 "-" "node"
113.211.214.178 - - [24/Apr/2025:10:51:25 +0700] "GET /en/vacancy/[id]?_rsc=1dg4d HTTP/1.1" 200 4350 "https://staging.bumimascitramandiri.com/id/lowongan/[id]" "Mozilla/5.0 (iPhone; CPU iPhone OS 18_3_1 like Mac OS X) AppleWebKit/605.1.15 (KHTML, like Gecko) Version/18.3 Mobile/15E148 Safari/604.1"
113.211.214.178 - - [24/Apr/2025:10:51:25 +0700] "GET /images/icons/tiktok-icon.svg HTTP/1.1" 304 0 "https://staging.bumimascitramandiri.com/id/lowongan/[id]" "Mozilla/5.0 (iPhone; CPU iPhone OS 18_3_1 like Mac OS X) AppleWebKit/605.1.15 (KHTML, like Gecko) Version/18.3 Mobile/15E148 Safari/604.1"
113.211.214.178 - - [24/Apr/2025:10:51:25 +0700] "GET /images/vector-footer.svg HTTP/1.1" 304 0 "https://staging.bumimascitramandiri.com/id/lowongan/[id]" "Mozilla/5.0 (iPhone; CPU iPhone OS 18_3_1 like Mac OS X) AppleWebKit/605.1.15 (KHTML, like Gecko) Version/18.3 Mobile/15E148 Safari/604.1"
113.211.214.178 - - [24/Apr/2025:10:51:25 +0700] "GET /images/icons/align-right.svg HTTP/1.1" 304 0 "https://staging.bumimascitramandiri.com/id/lowongan/[id]" "Mozilla/5.0 (iPhone; CPU iPhone OS 18_3_1 like Mac OS X) AppleWebKit/605.1.15 (KHTML, like Gecko) Version/18.3 Mobile/15E148 Safari/604.1"
113.211.214.178 - - [24/Apr/2025:10:51:27 +0700] "GET /images/icons/phone.svg HTTP/1.1" 304 0 "https://staging.bumimascitramandiri.com/id/lowongan/[id]" "Mozilla/5.0 (iPhone; CPU iPhone OS 18_3_1 like Mac OS X) AppleWebKit/605.1.15 (KHTML, like Gecko) Version/18.3 Mobile/15E148 Safari/604.1"
113.211.214.178 - - [24/Apr/2025:10:51:27 +0700] "GET /images/icons/mail.svg HTTP/1.1" 304 0 "https://staging.bumimascitramandiri.com/id/lowongan/[id]" "Mozilla/5.0 (iPhone; CPU iPhone OS 18_3_1 like Mac OS X) AppleWebKit/605.1.15 (KHTML, like Gecko) Version/18.3 Mobile/15E148 Safari/604.1"
113.211.214.178 - - [24/Apr/2025:10:51:27 +0700] "GET /images/icons/map-pin.svg HTTP/1.1" 304 0 "https://staging.bumimascitramandiri.com/id/lowongan/[id]" "Mozilla/5.0 (iPhone; CPU iPhone OS 18_3_1 like Mac OS X) AppleWebKit/605.1.15 (KHTML, like Gecko) Version/18.3 Mobile/15E148 Safari/604.1"
113.211.214.178 - - [24/Apr/2025:10:52:06 +0700] "GET /_next/image?url=%2Fimages%2Fflag%2FEN.png&w=48&q=75 HTTP/1.1" 304 0 "https://staging.bumimascitramandiri.com/en/vacancy" "Mozilla/5.0 (iPhone; CPU iPhone OS 18_3_1 like Mac OS X) AppleWebKit/605.1.15 (KHTML, like Gecko) Version/18.3 Mobile/15E148 Safari/604.1"
113.211.214.178 - - [24/Apr/2025:10:52:06 +0700] "GET /images/icons/search.svg HTTP/1.1" 304 0 "https://staging.bumimascitramandiri.com/en/vacancy" "Mozilla/5.0 (iPhone; CPU iPhone OS 18_3_1 like Mac OS X) AppleWebKit/605.1.15 (KHTML, like Gecko) Version/18.3 Mobile/15E148 Safari/604.1"
202.10.42.99 - - [24/Apr/2025:10:52:06 +0700] "GET /api/v1/agencies/ab7cf6f0-c70e-4402-9175-72fb1c1c7a62/jobs?page=1&limit=9&status=ACTIVE HTTP/1.1" 200 8350 "-" "node"
202.10.42.99 - - [24/Apr/2025:10:52:06 +0700] "GET /api/v1/agencies/ab7cf6f0-c70e-4402-9175-72fb1c1c7a62/jobs?page=1&limit=9&status=ACTIVE HTTP/1.1" 200 8343 "-" "node"
113.211.214.178 - - [24/Apr/2025:10:52:06 +0700] "GET /images/icons/clock.svg HTTP/1.1" 304 0 "https://staging.bumimascitramandiri.com/en/vacancy" "Mozilla/5.0 (iPhone; CPU iPhone OS 18_3_1 like Mac OS X) AppleWebKit/605.1.15 (KHTML, like Gecko) Version/18.3 Mobile/15E148 Safari/604.1"
113.211.214.178 - - [24/Apr/2025:10:52:06 +0700] "GET /id/lowongan?_rsc=sokpo HTTP/1.1" 200 3107 "https://staging.bumimascitramandiri.com/en/vacancy" "Mozilla/5.0 (iPhone; CPU iPhone OS 18_3_1 like Mac OS X) AppleWebKit/605.1.15 (KHTML, like Gecko) Version/18.3 Mobile/15E148 Safari/604.1"
113.211.214.178 - - [24/Apr/2025:10:52:06 +0700] "GET /en/vacancy?_rsc=ta05c HTTP/1.1" 200 3104 "https://staging.bumimascitramandiri.com/en/vacancy/[id]" "Mozilla/5.0 (iPhone; CPU iPhone OS 18_3_1 like Mac OS X) AppleWebKit/605.1.15 (KHTML, like Gecko) Version/18.3 Mobile/15E148 Safari/604.1"
113.211.214.178 - - [24/Apr/2025:10:52:06 +0700] "GET /_next/image?url=%2Fimages%2Fflag%2FID.png&w=48&q=75 HTTP/1.1" 304 0 "https://staging.bumimascitramandiri.com/en/vacancy" "Mozilla/5.0 (iPhone; CPU iPhone OS 18_3_1 like Mac OS X) AppleWebKit/605.1.15 (KHTML, like Gecko) Version/18.3 Mobile/15E148 Safari/604.1"
113.211.214.178 - - [24/Apr/2025:10:52:06 +0700] "GET /_next/image?url=%2Fimages%2Fflag%2FID.png&w=48&q=75 HTTP/1.1" 304 0 "https://staging.bumimascitramandiri.com/en/vacancy" "Mozilla/5.0 (iPhone; CPU iPhone OS 18_3_1 like Mac OS X) AppleWebKit/605.1.15 (KHTML, like Gecko) Version/18.3 Mobile/15E148 Safari/604.1"
113.211.214.178 - - [24/Apr/2025:10:52:06 +0700] "GET /_next/image?url=%2Fimages%2Fflag%2FEN.png&w=48&q=75 HTTP/1.1" 304 0 "https://staging.bumimascitramandiri.com/en/vacancy" "Mozilla/5.0 (iPhone; CPU iPhone OS 18_3_1 like Mac OS X) AppleWebKit/605.1.15 (KHTML, like Gecko) Version/18.3 Mobile/15E148 Safari/604.1"
113.211.214.178 - - [24/Apr/2025:10:52:06 +0700] "GET /images/icons/align-right.svg HTTP/1.1" 304 0 "https://staging.bumimascitramandiri.com/en/vacancy" "Mozilla/5.0 (iPhone; CPU iPhone OS 18_3_1 like Mac OS X) AppleWebKit/605.1.15 (KHTML, like Gecko) Version/18.3 Mobile/15E148 Safari/604.1"
113.211.214.178 - - [24/Apr/2025:10:52:06 +0700] "GET /images/vector-footer.svg HTTP/1.1" 304 0 "https://staging.bumimascitramandiri.com/en/vacancy" "Mozilla/5.0 (iPhone; CPU iPhone OS 18_3_1 like Mac OS X) AppleWebKit/605.1.15 (KHTML, like Gecko) Version/18.3 Mobile/15E148 Safari/604.1"
113.211.214.178 - - [24/Apr/2025:10:52:07 +0700] "GET /_next/image?url=%2Fimages%2Flogo.png&w=128&q=100 HTTP/1.1" 304 0 "https://staging.bumimascitramandiri.com/en/vacancy" "Mozilla/5.0 (iPhone; CPU iPhone OS 18_3_1 like Mac OS X) AppleWebKit/605.1.15 (KHTML, like Gecko) Version/18.3 Mobile/15E148 Safari/604.1"
113.211.214.178 - - [24/Apr/2025:10:52:07 +0700] "GET /images/icons/tiktok-icon.svg HTTP/1.1" 304 0 "https://staging.bumimascitramandiri.com/en/vacancy" "Mozilla/5.0 (iPhone; CPU iPhone OS 18_3_1 like Mac OS X) AppleWebKit/605.1.15 (KHTML, like Gecko) Version/18.3 Mobile/15E148 Safari/604.1"
113.211.214.178 - - [24/Apr/2025:10:52:07 +0700] "GET /_next/image?url=%2Fimages%2Fflag%2FID.png&w=48&q=75 HTTP/1.1" 304 0 "https://staging.bumimascitramandiri.com/en/vacancy" "Mozilla/5.0 (iPhone; CPU iPhone OS 18_3_1 like Mac OS X) AppleWebKit/605.1.15 (KHTML, like Gecko) Version/18.3 Mobile/15E148 Safari/604.1"
113.211.214.178 - - [24/Apr/2025:10:52:07 +0700] "GET /images/icons/search.svg HTTP/1.1" 304 0 "https://staging.bumimascitramandiri.com/id/lowongan" "Mozilla/5.0 (iPhone; CPU iPhone OS 18_3_1 like Mac OS X) AppleWebKit/605.1.15 (KHTML, like Gecko) Version/18.3 Mobile/15E148 Safari/604.1"
113.211.214.178 - - [24/Apr/2025:10:52:07 +0700] "GET /images/icons/phone.svg HTTP/1.1" 304 0 "https://staging.bumimascitramandiri.com/en/vacancy" "Mozilla/5.0 (iPhone; CPU iPhone OS 18_3_1 like Mac OS X) AppleWebKit/605.1.15 (KHTML, like Gecko) Version/18.3 Mobile/15E148 Safari/604.1"
113.211.214.178 - - [24/Apr/2025:10:52:07 +0700] "GET /images/icons/clock.svg HTTP/1.1" 304 0 "https://staging.bumimascitramandiri.com/id/lowongan" "Mozilla/5.0 (iPhone; CPU iPhone OS 18_3_1 like Mac OS X) AppleWebKit/605.1.15 (KHTML, like Gecko) Version/18.3 Mobile/15E148 Safari/604.1"
113.211.214.178 - - [24/Apr/2025:10:52:09 +0700] "GET /images/vector-footer.svg HTTP/1.1" 304 0 "https://staging.bumimascitramandiri.com/id/lowongan" "Mozilla/5.0 (iPhone; CPU iPhone OS 18_3_1 like Mac OS X) AppleWebKit/605.1.15 (KHTML, like Gecko) Version/18.3 Mobile/15E148 Safari/604.1"
113.211.214.178 - - [24/Apr/2025:10:52:09 +0700] "GET /images/icons/tiktok-icon.svg HTTP/1.1" 304 0 "https://staging.bumimascitramandiri.com/id/lowongan" "Mozilla/5.0 (iPhone; CPU iPhone OS 18_3_1 like Mac OS X) AppleWebKit/605.1.15 (KHTML, like Gecko) Version/18.3 Mobile/15E148 Safari/604.1"
113.211.214.178 - - [24/Apr/2025:10:52:09 +0700] "GET /images/icons/align-right.svg HTTP/1.1" 304 0 "https://staging.bumimascitramandiri.com/id/lowongan" "Mozilla/5.0 (iPhone; CPU iPhone OS 18_3_1 like Mac OS X) AppleWebKit/605.1.15 (KHTML, like Gecko) Version/18.3 Mobile/15E148 Safari/604.1"
202.10.42.99 - - [24/Apr/2025:10:52:09 +0700] "GET /api/v1/agencies/ab7cf6f0-c70e-4402-9175-72fb1c1c7a62/jobs?page=1&limit=9&status=ACTIVE HTTP/1.1" 200 8350 "-" "node"
113.211.214.178 - - [24/Apr/2025:10:52:09 +0700] "GET /en/vacancy?_rsc=ta05c HTTP/1.1" 200 3104 "https://staging.bumimascitramandiri.com/id/lowongan" "Mozilla/5.0 (iPhone; CPU iPhone OS 18_3_1 like Mac OS X) AppleWebKit/605.1.15 (KHTML, like Gecko) Version/18.3 Mobile/15E148 Safari/604.1"
113.211.214.178 - - [24/Apr/2025:10:52:09 +0700] "GET /images/icons/phone.svg HTTP/1.1" 304 0 "https://staging.bumimascitramandiri.com/id/lowongan" "Mozilla/5.0 (iPhone; CPU iPhone OS 18_3_1 like Mac OS X) AppleWebKit/605.1.15 (KHTML, like Gecko) Version/18.3 Mobile/15E148 Safari/604.1"
113.211.214.178 - - [24/Apr/2025:10:52:10 +0700] "GET /images/icons/search.svg HTTP/1.1" 304 0 "https://staging.bumimascitramandiri.com/en/vacancy" "Mozilla/5.0 (iPhone; CPU iPhone OS 18_3_1 like Mac OS X) AppleWebKit/605.1.15 (KHTML, like Gecko) Version/18.3 Mobile/15E148 Safari/604.1"
113.211.214.178 - - [24/Apr/2025:10:52:10 +0700] "GET /images/icons/clock.svg HTTP/1.1" 304 0 "https://staging.bumimascitramandiri.com/en/vacancy" "Mozilla/5.0 (iPhone; CPU iPhone OS 18_3_1 like Mac OS X) AppleWebKit/605.1.15 (KHTML, like Gecko) Version/18.3 Mobile/15E148 Safari/604.1"
113.211.214.178 - - [24/Apr/2025:10:52:10 +0700] "GET /_next/image?url=%2Fimages%2Fflag%2FID.png&w=48&q=75 HTTP/1.1" 304 0 "https://staging.bumimascitramandiri.com/en/vacancy" "Mozilla/5.0 (iPhone; CPU iPhone OS 18_3_1 like Mac OS X) AppleWebKit/605.1.15 (KHTML, like Gecko) Version/18.3 Mobile/15E148 Safari/604.1"
113.211.214.178 - - [24/Apr/2025:10:52:10 +0700] "GET /_next/image?url=%2Fimages%2Fflag%2FEN.png&w=48&q=75 HTTP/1.1" 304 0 "https://staging.bumimascitramandiri.com/en/vacancy" "Mozilla/5.0 (iPhone; CPU iPhone OS 18_3_1 like Mac OS X) AppleWebKit/605.1.15 (KHTML, like Gecko) Version/18.3 Mobile/15E148 Safari/604.1"
113.211.214.178 - - [24/Apr/2025:10:52:11 +0700] "GET /images/icons/search.svg HTTP/1.1" 304 0 "https://staging.bumimascitramandiri.com/en/vacancy" "Mozilla/5.0 (iPhone; CPU iPhone OS 18_3_1 like Mac OS X) AppleWebKit/605.1.15 (KHTML, like Gecko) Version/18.3 Mobile/15E148 Safari/604.1"
113.211.214.178 - - [24/Apr/2025:10:52:11 +0700] "GET /images/icons/clock.svg HTTP/1.1" 304 0 "https://staging.bumimascitramandiri.com/en/vacancy" "Mozilla/5.0 (iPhone; CPU iPhone OS 18_3_1 like Mac OS X) AppleWebKit/605.1.15 (KHTML, like Gecko) Version/18.3 Mobile/15E148 Safari/604.1"
113.211.214.178 - - [24/Apr/2025:10:52:11 +0700] "GET /images/icons/align-right.svg HTTP/1.1" 304 0 "https://staging.bumimascitramandiri.com/en/vacancy" "Mozilla/5.0 (iPhone; CPU iPhone OS 18_3_1 like Mac OS X) AppleWebKit/605.1.15 (KHTML, like Gecko) Version/18.3 Mobile/15E148 Safari/604.1"
113.211.214.178 - - [24/Apr/2025:10:52:16 +0700] "GET /images/vector-footer.svg HTTP/1.1" 304 0 "https://staging.bumimascitramandiri.com/en/vacancy" "Mozilla/5.0 (iPhone; CPU iPhone OS 18_3_1 like Mac OS X) AppleWebKit/605.1.15 (KHTML, like Gecko) Version/18.3 Mobile/15E148 Safari/604.1"
113.211.214.178 - - [24/Apr/2025:10:52:16 +0700] "GET /images/icons/phone.svg HTTP/1.1" 304 0 "https://staging.bumimascitramandiri.com/en/vacancy" "Mozilla/5.0 (iPhone; CPU iPhone OS 18_3_1 like Mac OS X) AppleWebKit/605.1.15 (KHTML, like Gecko) Version/18.3 Mobile/15E148 Safari/604.1"
113.211.214.178 - - [24/Apr/2025:10:52:16 +0700] "GET /images/icons/tiktok-icon.svg HTTP/1.1" 304 0 "https://staging.bumimascitramandiri.com/en/vacancy" "Mozilla/5.0 (iPhone; CPU iPhone OS 18_3_1 like Mac OS X) AppleWebKit/605.1.15 (KHTML, like Gecko) Version/18.3 Mobile/15E148 Safari/604.1"
202.10.42.99 - - [24/Apr/2025:10:52:16 +0700] "GET /api/v1/agencies/ab7cf6f0-c70e-4402-9175-72fb1c1c7a62/jobs/4b039341-ebad-4a5b-b9d7-1677a03b1804 HTTP/1.1" 200 878 "-" "node"
113.211.214.178 - - [24/Apr/2025:10:52:16 +0700] "GET /id/lowongan/4b039341-ebad-4a5b-b9d7-1677a03b1804?_rsc=12fz7 HTTP/1.1" 200 2684 "https://staging.bumimascitramandiri.com/id/lowongan" "Mozilla/5.0 (iPhone; CPU iPhone OS 18_3_1 like Mac OS X) AppleWebKit/605.1.15 (KHTML, like Gecko) Version/18.3 Mobile/15E148 Safari/604.1"
113.211.214.178 - - [24/Apr/2025:10:52:16 +0700] "GET /images/icons/clock.svg HTTP/1.1" 304 0 "https://staging.bumimascitramandiri.com/id/lowongan/4b039341-ebad-4a5b-b9d7-1677a03b1804" "Mozilla/5.0 (iPhone; CPU iPhone OS 18_3_1 like Mac OS X) AppleWebKit/605.1.15 (KHTML, like Gecko) Version/18.3 Mobile/15E148 Safari/604.1"
113.211.214.178 - - [24/Apr/2025:10:52:16 +0700] "GET /_next/image?url=%2Fimages%2Fsuccess.png&w=256&q=75 HTTP/1.1" 304 0 "https://staging.bumimascitramandiri.com/id/lowongan/4b039341-ebad-4a5b-b9d7-1677a03b1804" "Mozilla/5.0 (iPhone; CPU iPhone OS 18_3_1 like Mac OS X) AppleWebKit/605.1.15 (KHTML, like Gecko) Version/18.3 Mobile/15E148 Safari/604.1"
113.211.214.178 - - [24/Apr/2025:10:52:16 +0700] "GET /images/icons/flag.svg HTTP/1.1" 304 0 "https://staging.bumimascitramandiri.com/id/lowongan/4b039341-ebad-4a5b-b9d7-1677a03b1804" "Mozilla/5.0 (iPhone; CPU iPhone OS 18_3_1 like Mac OS X) AppleWebKit/605.1.15 (KHTML, like Gecko) Version/18.3 Mobile/15E148 Safari/604.1"
113.211.214.178 - - [24/Apr/2025:10:52:16 +0700] "GET /images/icons/cross-black.svg HTTP/1.1" 304 0 "https://staging.bumimascitramandiri.com/id/lowongan/4b039341-ebad-4a5b-b9d7-1677a03b1804" "Mozilla/5.0 (iPhone; CPU iPhone OS 18_3_1 like Mac OS X) AppleWebKit/605.1.15 (KHTML, like Gecko) Version/18.3 Mobile/15E148 Safari/604.1"
202.10.42.99 - - [24/Apr/2025:10:52:20 +0700] "GET /api/v1/agencies/ab7cf6f0-c70e-4402-9175-72fb1c1c7a62/jobs/%5Bid%5D HTTP/1.1" 500 26 "-" "node"
113.211.214.178 - - [24/Apr/2025:10:52:20 +0700] "GET /id/lowongan/[id]?_rsc=18ov0 HTTP/1.1" 200 2737 "https://staging.bumimascitramandiri.com/id/lowongan/4b039341-ebad-4a5b-b9d7-1677a03b1804" "Mozilla/5.0 (iPhone; CPU iPhone OS 18_3_1 like Mac OS X) AppleWebKit/605.1.15 (KHTML, like Gecko) Version/18.3 Mobile/15E148 Safari/604.1"
113.211.214.178 - - [24/Apr/2025:10:52:20 +0700] "GET /_next/image?url=%2Fimages%2Fempty.png&w=640&q=75 HTTP/1.1" 304 0 "https://staging.bumimascitramandiri.com/id/lowongan/4b039341-ebad-4a5b-b9d7-1677a03b1804" "Mozilla/5.0 (iPhone; CPU iPhone OS 18_3_1 like Mac OS X) AppleWebKit/605.1.15 (KHTML, like Gecko) Version/18.3 Mobile/15E148 Safari/604.1"
202.10.42.99 - - [24/Apr/2025:10:52:22 +0700] "GET /api/v1/agencies/ab7cf6f0-c70e-4402-9175-72fb1c1c7a62/jobs/%5Bid%5D HTTP/1.1" 500 26 "-" "node"
113.211.214.178 - - [24/Apr/2025:10:52:22 +0700] "GET /en/vacancy/[id]?_rsc=1976w HTTP/1.1" 200 4350 "https://staging.bumimascitramandiri.com/id/lowongan/[id]" "Mozilla/5.0 (iPhone; CPU iPhone OS 18_3_1 like Mac OS X) AppleWebKit/605.1.15 (KHTML, like Gecko) Version/18.3 Mobile/15E148 Safari/604.1"
113.211.214.178 - - [24/Apr/2025:10:52:22 +0700] "GET /images/vector-footer.svg HTTP/1.1" 304 0 "https://staging.bumimascitramandiri.com/id/lowongan/[id]" "Mozilla/5.0 (iPhone; CPU iPhone OS 18_3_1 like Mac OS X) AppleWebKit/605.1.15 (KHTML, like Gecko) Version/18.3 Mobile/15E148 Safari/604.1"
113.211.214.178 - - [24/Apr/2025:10:52:22 +0700] "GET /images/icons/align-right.svg HTTP/1.1" 304 0 "https://staging.bumimascitramandiri.com/id/lowongan/[id]" "Mozilla/5.0 (iPhone; CPU iPhone OS 18_3_1 like Mac OS X) AppleWebKit/605.1.15 (KHTML, like Gecko) Version/18.3 Mobile/15E148 Safari/604.1"
113.211.214.178 - - [24/Apr/2025:10:52:22 +0700] "GET /images/icons/phone.svg HTTP/1.1" 304 0 "https://staging.bumimascitramandiri.com/id/lowongan/[id]" "Mozilla/5.0 (iPhone; CPU iPhone OS 18_3_1 like Mac OS X) AppleWebKit/605.1.15 (KHTML, like Gecko) Version/18.3 Mobile/15E148 Safari/604.1"
113.211.214.178 - - [24/Apr/2025:10:52:22 +0700] "GET /images/icons/tiktok-icon.svg HTTP/1.1" 304 0 "https://staging.bumimascitramandiri.com/id/lowongan/[id]" "Mozilla/5.0 (iPhone; CPU iPhone OS 18_3_1 like Mac OS X) AppleWebKit/605.1.15 (KHTML, like Gecko) Version/18.3 Mobile/15E148 Safari/604.1"
113.211.214.178 - - [24/Apr/2025:10:52:31 +0700] "GET /images/icons/mail.svg HTTP/1.1" 304 0 "https://staging.bumimascitramandiri.com/id/lowongan/[id]" "Mozilla/5.0 (iPhone; CPU iPhone OS 18_3_1 like Mac OS X) AppleWebKit/605.1.15 (KHTML, like Gecko) Version/18.3 Mobile/15E148 Safari/604.1"
113.211.214.178 - - [24/Apr/2025:10:52:31 +0700] "GET /images/icons/map-pin.svg HTTP/1.1" 304 0 "https://staging.bumimascitramandiri.com/id/lowongan/[id]" "Mozilla/5.0 (iPhone; CPU iPhone OS 18_3_1 like Mac OS X) AppleWebKit/605.1.15 (KHTML, like Gecko) Version/18.3 Mobile/15E148 Safari/604.1"
113.211.214.178 - - [24/Apr/2025:10:52:39 +0700] "GET /images/icons/tiktok-icon.svg HTTP/1.1" 304 0 "https://staging.bumimascitramandiri.com/en/vacancy/[id]" "Mozilla/5.0 (iPhone; CPU iPhone OS 18_3_1 like Mac OS X) AppleWebKit/605.1.15 (KHTML, like Gecko) Version/18.3 Mobile/15E148 Safari/604.1"
113.211.214.178 - - [24/Apr/2025:10:52:39 +0700] "GET /images/icons/align-right.svg HTTP/1.1" 304 0 "https://staging.bumimascitramandiri.com/en/vacancy/[id]" "Mozilla/5.0 (iPhone; CPU iPhone OS 18_3_1 like Mac OS X) AppleWebKit/605.1.15 (KHTML, like Gecko) Version/18.3 Mobile/15E148 Safari/604.1"
113.211.214.178 - - [24/Apr/2025:10:52:39 +0700] "GET /images/vector-footer.svg HTTP/1.1" 304 0 "https://staging.bumimascitramandiri.com/en/vacancy/[id]" "Mozilla/5.0 (iPhone; CPU iPhone OS 18_3_1 like Mac OS X) AppleWebKit/605.1.15 (KHTML, like Gecko) Version/18.3 Mobile/15E148 Safari/604.1"
202.10.42.99 - - [24/Apr/2025:10:52:42 +0700] "GET /api/v1/agencies/ab7cf6f0-c70e-4402-9175-72fb1c1c7a62/jobs?page=1&limit=9&status=ACTIVE HTTP/1.1" 200 8350 "-" "node"
113.211.214.178 - - [24/Apr/2025:10:52:42 +0700] "GET /id/lowongan?_rsc=lxh5m HTTP/1.1" 200 3107 "https://staging.bumimascitramandiri.com/id/lowongan/[id]" "Mozilla/5.0 (iPhone; CPU iPhone OS 18_3_1 like Mac OS X) AppleWebKit/605.1.15 (KHTML, like Gecko) Version/18.3 Mobile/15E148 Safari/604.1"
113.211.214.178 - - [24/Apr/2025:10:52:42 +0700] "GET /_next/image?url=%2Fimages%2Fvacancy-banner.png&w=1200&q=75 HTTP/1.1" 304 0 "https://staging.bumimascitramandiri.com/id/lowongan/[id]" "Mozilla/5.0 (iPhone; CPU iPhone OS 18_3_1 like Mac OS X) AppleWebKit/605.1.15 (KHTML, like Gecko) Version/18.3 Mobile/15E148 Safari/604.1"
113.211.214.178 - - [24/Apr/2025:10:52:42 +0700] "GET /images/icons/search.svg HTTP/1.1" 304 0 "https://staging.bumimascitramandiri.com/id/lowongan/[id]" "Mozilla/5.0 (iPhone; CPU iPhone OS 18_3_1 like Mac OS X) AppleWebKit/605.1.15 (KHTML, like Gecko) Version/18.3 Mobile/15E148 Safari/604.1"
113.211.214.178 - - [24/Apr/2025:10:52:42 +0700] "GET /images/icons/clock.svg HTTP/1.1" 304 0 "https://staging.bumimascitramandiri.com/id/lowongan/[id]" "Mozilla/5.0 (iPhone; CPU iPhone OS 18_3_1 like Mac OS X) AppleWebKit/605.1.15 (KHTML, like Gecko) Version/18.3 Mobile/15E148 Safari/604.1"
113.211.214.178 - - [24/Apr/2025:10:53:18 +0700] "GET /images/icons/cross-black.svg HTTP/1.1" 304 0 "https://staging.bumimascitramandiri.com/id/lowongan/4b039341-ebad-4a5b-b9d7-1677a03b1804" "Mozilla/5.0 (iPhone; CPU iPhone OS 18_3_1 like Mac OS X) AppleWebKit/605.1.15 (KHTML, like Gecko) Version/18.3 Mobile/15E148 Safari/604.1"
202.10.42.99 - - [24/Apr/2025:10:53:20 +0700] "GET /api/v1/agencies/ab7cf6f0-c70e-4402-9175-72fb1c1c7a62/jobs/%5Bid%5D HTTP/1.1" 500 26 "-" "node"
113.211.214.178 - - [24/Apr/2025:10:53:20 +0700] "GET /id/lowongan/[id]?_rsc=ggjn4 HTTP/1.1" 200 2737 "https://staging.bumimascitramandiri.com/id/lowongan/4b039341-ebad-4a5b-b9d7-1677a03b1804" "Mozilla/5.0 (iPhone; CPU iPhone OS 18_3_1 like Mac OS X) AppleWebKit/605.1.15 (KHTML, like Gecko) Version/18.3 Mobile/15E148 Safari/604.1"
113.211.214.178 - - [24/Apr/2025:10:53:20 +0700] "GET /id/layanan?_rsc=ggjn4 HTTP/1.1" 200 4054 "https://staging.bumimascitramandiri.com/id/lowongan/4b039341-ebad-4a5b-b9d7-1677a03b1804" "Mozilla/5.0 (iPhone; CPU iPhone OS 18_3_1 like Mac OS X) AppleWebKit/605.1.15 (KHTML, like Gecko) Version/18.3 Mobile/15E148 Safari/604.1"
113.211.214.178 - - [24/Apr/2025:10:53:20 +0700] "GET /id/tentang-kami?_rsc=ggjn4 HTTP/1.1" 200 4437 "https://staging.bumimascitramandiri.com/id/lowongan/4b039341-ebad-4a5b-b9d7-1677a03b1804" "Mozilla/5.0 (iPhone; CPU iPhone OS 18_3_1 like Mac OS X) AppleWebKit/605.1.15 (KHTML, like Gecko) Version/18.3 Mobile/15E148 Safari/604.1"
113.211.214.178 - - [24/Apr/2025:10:53:21 +0700] "GET /id/kontak-kami?_rsc=ggjn4 HTTP/1.1" 200 3279 "https://staging.bumimascitramandiri.com/id/lowongan/4b039341-ebad-4a5b-b9d7-1677a03b1804" "Mozilla/5.0 (iPhone; CPU iPhone OS 18_3_1 like Mac OS X) AppleWebKit/605.1.15 (KHTML, like Gecko) Version/18.3 Mobile/15E148 Safari/604.1"
113.211.214.178 - - [24/Apr/2025:10:53:21 +0700] "GET /images/icons/map-pin.svg HTTP/1.1" 304 0 "https://staging.bumimascitramandiri.com/en/vacancy/[id]" "Mozilla/5.0 (iPhone; CPU iPhone OS 18_3_1 like Mac OS X) AppleWebKit/605.1.15 (KHTML, like Gecko) Version/18.3 Mobile/15E148 Safari/604.1"
113.211.214.178 - - [24/Apr/2025:10:53:21 +0700] "GET /images/icons/mail.svg HTTP/1.1" 304 0 "https://staging.bumimascitramandiri.com/en/vacancy/[id]" "Mozilla/5.0 (iPhone; CPU iPhone OS 18_3_1 like Mac OS X) AppleWebKit/605.1.15 (KHTML, like Gecko) Version/18.3 Mobile/15E148 Safari/604.1"
113.211.214.178 - - [24/Apr/2025:10:53:21 +0700] "GET /images/icons/cross-black.svg HTTP/1.1" 304 0 "https://staging.bumimascitramandiri.com/id/lowongan/4b039341-ebad-4a5b-b9d7-1677a03b1804" "Mozilla/5.0 (iPhone; CPU iPhone OS 18_3_1 like Mac OS X) AppleWebKit/605.1.15 (KHTML, like Gecko) Version/18.3 Mobile/15E148 Safari/604.1"
202.10.42.99 - - [24/Apr/2025:10:53:21 +0700] "GET /api/v1/agencies/ab7cf6f0-c70e-4402-9175-72fb1c1c7a62/jobs?page=1&limit=9&status=ACTIVE HTTP/1.1" 200 8357 "-" "node"
113.211.214.178 - - [24/Apr/2025:10:53:21 +0700] "GET /id/lowongan?_rsc=sokpo HTTP/1.1" 200 3107 "https://staging.bumimascitramandiri.com/id/lowongan/4b039341-ebad-4a5b-b9d7-1677a03b1804" "Mozilla/5.0 (iPhone; CPU iPhone OS 18_3_1 like Mac OS X) AppleWebKit/605.1.15 (KHTML, like Gecko) Version/18.3 Mobile/15E148 Safari/604.1"
113.211.214.178 - - [24/Apr/2025:10:53:22 +0700] "GET /images/icons/clock.svg HTTP/1.1" 304 0 "https://staging.bumimascitramandiri.com/id/lowongan" "Mozilla/5.0 (iPhone; CPU iPhone OS 18_3_1 like Mac OS X) AppleWebKit/605.1.15 (KHTML, like Gecko) Version/18.3 Mobile/15E148 Safari/604.1"
113.211.214.178 - - [24/Apr/2025:10:53:22 +0700] "GET /images/icons/search.svg HTTP/1.1" 304 0 "https://staging.bumimascitramandiri.com/id/lowongan" "Mozilla/5.0 (iPhone; CPU iPhone OS 18_3_1 like Mac OS X) AppleWebKit/605.1.15 (KHTML, like Gecko) Version/18.3 Mobile/15E148 Safari/604.1"
113.211.214.178 - - [24/Apr/2025:10:53:25 +0700] "GET /id/lowongan/4b039341-ebad-4a5b-b9d7-1677a03b1804?_rsc=cair4 HTTP/1.1" 200 1445 "https://staging.bumimascitramandiri.com/id/lowongan" "Mozilla/5.0 (iPhone; CPU iPhone OS 18_3_1 like Mac OS X) AppleWebKit/605.1.15 (KHTML, like Gecko) Version/18.3 Mobile/15E148 Safari/604.1"
202.10.42.99 - - [24/Apr/2025:10:53:25 +0700] "GET /api/v1/agencies/ab7cf6f0-c70e-4402-9175-72fb1c1c7a62/jobs/4b039341-ebad-4a5b-b9d7-1677a03b1804 HTTP/1.1" 200 878 "-" "node"
113.211.214.178 - - [24/Apr/2025:10:53:25 +0700] "GET /id/lowongan/4b039341-ebad-4a5b-b9d7-1677a03b1804?_rsc=12fz7 HTTP/1.1" 200 2684 "https://staging.bumimascitramandiri.com/id/lowongan" "Mozilla/5.0 (iPhone; CPU iPhone OS 18_3_1 like Mac OS X) AppleWebKit/605.1.15 (KHTML, like Gecko) Version/18.3 Mobile/15E148 Safari/604.1"
113.211.214.178 - - [24/Apr/2025:10:53:25 +0700] "GET /images/icons/clock.svg HTTP/1.1" 304 0 "https://staging.bumimascitramandiri.com/id/lowongan/4b039341-ebad-4a5b-b9d7-1677a03b1804" "Mozilla/5.0 (iPhone; CPU iPhone OS 18_3_1 like Mac OS X) AppleWebKit/605.1.15 (KHTML, like Gecko) Version/18.3 Mobile/15E148 Safari/604.1"
113.211.214.178 - - [24/Apr/2025:10:53:25 +0700] "GET /images/icons/flag.svg HTTP/1.1" 304 0 "https://staging.bumimascitramandiri.com/id/lowongan/4b039341-ebad-4a5b-b9d7-1677a03b1804" "Mozilla/5.0 (iPhone; CPU iPhone OS 18_3_1 like Mac OS X) AppleWebKit/605.1.15 (KHTML, like Gecko) Version/18.3 Mobile/15E148 Safari/604.1"
113.211.214.178 - - [24/Apr/2025:10:53:26 +0700] "GET /images/icons/cross-black.svg HTTP/1.1" 304 0 "https://staging.bumimascitramandiri.com/id/lowongan/4b039341-ebad-4a5b-b9d7-1677a03b1804" "Mozilla/5.0 (iPhone; CPU iPhone OS 18_3_1 like Mac OS X) AppleWebKit/605.1.15 (KHTML, like Gecko) Version/18.3 Mobile/15E148 Safari/604.1"
113.211.214.178 - - [24/Apr/2025:10:53:26 +0700] "GET /_next/image?url=%2Fimages%2Fsuccess.png&w=256&q=75 HTTP/1.1" 304 0 "https://staging.bumimascitramandiri.com/id/lowongan/4b039341-ebad-4a5b-b9d7-1677a03b1804" "Mozilla/5.0 (iPhone; CPU iPhone OS 18_3_1 like Mac OS X) AppleWebKit/605.1.15 (KHTML, like Gecko) Version/18.3 Mobile/15E148 Safari/604.1"
113.211.214.178 - - [24/Apr/2025:10:53:26 +0700] "GET /_next/image?url=%2Fimages%2Fflag%2FID.png&w=48&q=75 HTTP/1.1" 304 0 "https://staging.bumimascitramandiri.com/id/lowongan/4b039341-ebad-4a5b-b9d7-1677a03b1804" "Mozilla/5.0 (iPhone; CPU iPhone OS 18_3_1 like Mac OS X) AppleWebKit/605.1.15 (KHTML, like Gecko) Version/18.3 Mobile/15E148 Safari/604.1"
113.211.214.178 - - [24/Apr/2025:10:53:26 +0700] "GET /_next/image?url=%2Fimages%2Fflag%2FEN.png&w=48&q=75 HTTP/1.1" 304 0 "https://staging.bumimascitramandiri.com/id/lowongan/4b039341-ebad-4a5b-b9d7-1677a03b1804" "Mozilla/5.0 (iPhone; CPU iPhone OS 18_3_1 like Mac OS X) AppleWebKit/605.1.15 (KHTML, like Gecko) Version/18.3 Mobile/15E148 Safari/604.1"
113.211.214.178 - - [24/Apr/2025:10:53:27 +0700] "GET /_next/image?url=%2Fimages%2Fempty.png&w=640&q=75 HTTP/1.1" 304 0 "https://staging.bumimascitramandiri.com/id/lowongan/4b039341-ebad-4a5b-b9d7-1677a03b1804" "Mozilla/5.0 (iPhone; CPU iPhone OS 18_3_1 like Mac OS X) AppleWebKit/605.1.15 (KHTML, like Gecko) Version/18.3 Mobile/15E148 Safari/604.1"
113.211.214.178 - - [24/Apr/2025:10:53:35 +0700] "GET /images/icons/flag.svg HTTP/1.1" 304 0 "https://staging.bumimascitramandiri.com/id/lowongan" "Mozilla/5.0 (iPhone; CPU iPhone OS 18_3_1 like Mac OS X) AppleWebKit/605.1.15 (KHTML, like Gecko) Version/18.3 Mobile/15E148 Safari/604.1"
202.10.42.99 - - [24/Apr/2025:10:53:36 +0700] "GET /api/v1/agencies/ab7cf6f0-c70e-4402-9175-72fb1c1c7a62/jobs/%5Bid%5D HTTP/1.1" 500 26 "-" "node"
113.211.214.178 - - [24/Apr/2025:10:53:36 +0700] "GET /en/vacancy/[id]?_rsc=1976w HTTP/1.1" 200 4350 "https://staging.bumimascitramandiri.com/id/lowongan/[id]" "Mozilla/5.0 (iPhone; CPU iPhone OS 18_3_1 like Mac OS X) AppleWebKit/605.1.15 (KHTML, like Gecko) Version/18.3 Mobile/15E148 Safari/604.1"
113.211.214.178 - - [24/Apr/2025:10:53:36 +0700] "GET /_next/image?url=%2Fimages%2Flogo.png&w=128&q=100 HTTP/1.1" 304 0 "https://staging.bumimascitramandiri.com/id/lowongan/[id]" "Mozilla/5.0 (iPhone; CPU iPhone OS 18_3_1 like Mac OS X) AppleWebKit/605.1.15 (KHTML, like Gecko) Version/18.3 Mobile/15E148 Safari/604.1"
113.211.214.178 - - [24/Apr/2025:10:53:36 +0700] "GET /images/icons/align-right.svg HTTP/1.1" 304 0 "https://staging.bumimascitramandiri.com/id/lowongan/[id]" "Mozilla/5.0 (iPhone; CPU iPhone OS 18_3_1 like Mac OS X) AppleWebKit/605.1.15 (KHTML, like Gecko) Version/18.3 Mobile/15E148 Safari/604.1"
113.211.214.178 - - [24/Apr/2025:10:53:36 +0700] "GET /images/vector-footer.svg HTTP/1.1" 304 0 "https://staging.bumimascitramandiri.com/id/lowongan/[id]" "Mozilla/5.0 (iPhone; CPU iPhone OS 18_3_1 like Mac OS X) AppleWebKit/605.1.15 (KHTML, like Gecko) Version/18.3 Mobile/15E148 Safari/604.1"
113.211.214.178 - - [24/Apr/2025:10:53:36 +0700] "GET /images/icons/phone.svg HTTP/1.1" 304 0 "https://staging.bumimascitramandiri.com/en/vacancy/[id]" "Mozilla/5.0 (iPhone; CPU iPhone OS 18_3_1 like Mac OS X) AppleWebKit/605.1.15 (KHTML, like Gecko) Version/18.3 Mobile/15E148 Safari/604.1"
113.211.214.178 - - [24/Apr/2025:10:53:36 +0700] "GET /images/icons/tiktok-icon.svg HTTP/1.1" 304 0 "https://staging.bumimascitramandiri.com/id/lowongan/[id]" "Mozilla/5.0 (iPhone; CPU iPhone OS 18_3_1 like Mac OS X) AppleWebKit/605.1.15 (KHTML, like Gecko) Version/18.3 Mobile/15E148 Safari/604.1"
113.211.214.178 - - [24/Apr/2025:10:54:15 +0700] "GET /images/icons/clock.svg HTTP/1.1" 304 0 "https://staging.bumimascitramandiri.com/id/lowongan" "Mozilla/5.0 (iPhone; CPU iPhone OS 18_3_1 like Mac OS X) AppleWebKit/605.1.15 (KHTML, like Gecko) Version/18.3 Mobile/15E148 Safari/604.1"
161.35.160.95 - - [24/Apr/2025:10:55:04 +0700] "GET /.env HTTP/1.1" 404 134 "-" "Mozilla/5.0; Keydrop.io/1.0(onlyscans.com/about);"
161.35.160.95 - - [24/Apr/2025:10:55:06 +0700] "GET /.env HTTP/1.1" 400 264 "-" "Mozilla/5.0; Keydrop.io/1.0(onlyscans.com/about);"
161.35.160.95 - - [24/Apr/2025:10:55:08 +0700] "GET /.git/config HTTP/1.1" 200 276 "-" "Mozilla/5.0; Keydrop.io/1.0(onlyscans.com/about);"
161.35.160.95 - - [24/Apr/2025:10:55:09 +0700] "GET /.git/config HTTP/1.1" 400 264 "-" "Mozilla/5.0; Keydrop.io/1.0(onlyscans.com/about);"
113.211.214.178 - - [24/Apr/2025:10:56:12 +0700] "GET / HTTP/1.1" 307 13 "-" "Mozilla/5.0 (iPhone; CPU iPhone OS 18_3_1 like Mac OS X) AppleWebKit/605.1.15 (KHTML, like Gecko) Version/18.3 Mobile/15E148 Safari/604.1"
113.211.214.178 - - [24/Apr/2025:10:56:12 +0700] "GET /id HTTP/1.1" 200 13830 "-" "Mozilla/5.0 (iPhone; CPU iPhone OS 18_3_1 like Mac OS X) AppleWebKit/605.1.15 (KHTML, like Gecko) Version/18.3 Mobile/15E148 Safari/604.1"
113.211.214.178 - - [24/Apr/2025:10:56:12 +0700] "GET /_next/image?url=%2Fimages%2Fvisi-misi.png&w=1200&q=75 HTTP/1.1" 304 0 "https://staging.bumimascitramandiri.com/id" "Mozilla/5.0 (iPhone; CPU iPhone OS 18_3_1 like Mac OS X) AppleWebKit/605.1.15 (KHTML, like Gecko) Version/18.3 Mobile/15E148 Safari/604.1"
