113.211.214.178 - - [24/Apr/2025:10:40:51 +0700] "GET /admin/admin-management?_rsc=vrdfe HTTP/1.1" 307 22 "https://staging.bumimascitramandiri.com/admin/profile" "Mozilla/5.0 (iPhone; CPU iPhone OS 18_3_1 like Mac OS X) AppleWebKit/605.1.15 (KHTML, like Gecko) Version/18.3 Mobile/15E148 Safari/604.1"
113.211.214.178 - - [24/Apr/2025:10:40:51 +0700] "GET /admin/login HTTP/1.1" 200 908 "https://staging.bumimascitramandiri.com/admin/profile" "Mozilla/5.0 (iPhone; CPU iPhone OS 18_3_1 like Mac OS X) AppleWebKit/605.1.15 (KHTML, like Gecko) Version/18.3 Mobile/15E148 Safari/604.1"
113.211.214.178 - - [24/Apr/2025:10:40:51 +0700] "GET /_next/image?url=%2Fimages%2Flogo.png&w=256&q=100 HTTP/1.1" 200 4286 "https://staging.bumimascitramandiri.com/admin/profile" "Mozilla/5.0 (iPhone; CPU iPhone OS 18_3_1 like Mac OS X) AppleWebKit/605.1.15 (KHTML, like Gecko) Version/18.3 Mobile/15E148 Safari/604.1"
113.211.214.178 - - [24/Apr/2025:10:40:51 +0700] "GET /images/icons/eye.svg HTTP/1.1" 200 1097 "https://staging.bumimascitramandiri.com/admin/profile" "Mozilla/5.0 (iPhone; CPU iPhone OS 18_3_1 like Mac OS X) AppleWebKit/605.1.15 (KHTML, like Gecko) Version/18.3 Mobile/15E148 Safari/604.1"
202.10.42.99 - - [24/Apr/2025:10:41:08 +0700] "POST /api/v1/auth/login HTTP/1.1" 200 377 "-" "node"
202.10.42.99 - - [24/Apr/2025:10:41:08 +0700] "GET /api/v1/users/06318486-28f9-47b6-a783-a7f7c8a74b4a HTTP/1.1" 200 280 "-" "node"
202.10.42.99 - - [24/Apr/2025:10:41:08 +0700] "GET /api/v1/agencies/ab7cf6f0-c70e-4402-9175-72fb1c1c7a62/admins/4bc92981-9be0-4f88-8a71-f853562854fe HTTP/1.1" 200 276 "-" "node"
202.10.42.99 - - [24/Apr/2025:10:41:08 +0700] "GET /api/v1/agencies/ab7cf6f0-c70e-4402-9175-72fb1c1c7a62/dashboards HTTP/1.1" 200 66 "-" "node"
113.211.214.178 - - [24/Apr/2025:10:41:08 +0700] "POST /admin/login HTTP/1.1" 303 2255 "https://staging.bumimascitramandiri.com/admin/login" "Mozilla/5.0 (iPhone; CPU iPhone OS 18_3_1 like Mac OS X) AppleWebKit/605.1.15 (KHTML, like Gecko) Version/18.3 Mobile/15E148 Safari/604.1"
113.211.214.178 - - [24/Apr/2025:10:41:08 +0700] "GET /_next/image?url=%2Fimages%2Flogo.png&w=96&q=75 HTTP/1.1" 200 2418 "https://staging.bumimascitramandiri.com/admin/login" "Mozilla/5.0 (iPhone; CPU iPhone OS 18_3_1 like Mac OS X) AppleWebKit/605.1.15 (KHTML, like Gecko) Version/18.3 Mobile/15E148 Safari/604.1"
113.211.214.178 - - [24/Apr/2025:10:41:08 +0700] "GET /api/auth/session HTTP/1.1" 200 931 "https://staging.bumimascitramandiri.com/admin/dashboard" "Mozilla/5.0 (iPhone; CPU iPhone OS 18_3_1 like Mac OS X) AppleWebKit/605.1.15 (KHTML, like Gecko) Version/18.3 Mobile/15E148 Safari/604.1"
113.211.214.178 - - [24/Apr/2025:10:41:08 +0700] "GET /images/icons/burger-menu.svg HTTP/1.1" 200 447 "https://staging.bumimascitramandiri.com/admin/login" "Mozilla/5.0 (iPhone; CPU iPhone OS 18_3_1 like Mac OS X) AppleWebKit/605.1.15 (KHTML, like Gecko) Version/18.3 Mobile/15E148 Safari/604.1"
113.211.214.178 - - [24/Apr/2025:10:41:08 +0700] "GET /api/auth/session HTTP/1.1" 200 931 "https://staging.bumimascitramandiri.com/admin/dashboard" "Mozilla/5.0 (iPhone; CPU iPhone OS 18_3_1 like Mac OS X) AppleWebKit/605.1.15 (KHTML, like Gecko) Version/18.3 Mobile/15E148 Safari/604.1"
113.211.214.178 - - [24/Apr/2025:10:41:08 +0700] "GET /images/icons/admin.svg HTTP/1.1" 200 1180 "https://staging.bumimascitramandiri.com/admin/login" "Mozilla/5.0 (iPhone; CPU iPhone OS 18_3_1 like Mac OS X) AppleWebKit/605.1.15 (KHTML, like Gecko) Version/18.3 Mobile/15E148 Safari/604.1"
113.211.214.178 - - [24/Apr/2025:10:41:08 +0700] "GET /images/icons/lowongan-kerja.svg HTTP/1.1" 200 733 "https://staging.bumimascitramandiri.com/admin/login" "Mozilla/5.0 (iPhone; CPU iPhone OS 18_3_1 like Mac OS X) AppleWebKit/605.1.15 (KHTML, like Gecko) Version/18.3 Mobile/15E148 Safari/604.1"
113.211.214.178 - - [24/Apr/2025:10:41:08 +0700] "GET /_next/image?url=%2Fimages%2Fjob-aktif.png&w=128&q=75 HTTP/1.1" 200 728 "https://staging.bumimascitramandiri.com/admin/login" "Mozilla/5.0 (iPhone; CPU iPhone OS 18_3_1 like Mac OS X) AppleWebKit/605.1.15 (KHTML, like Gecko) Version/18.3 Mobile/15E148 Safari/604.1"
113.211.214.178 - - [24/Apr/2025:10:41:08 +0700] "GET /images/icons/dashboard.svg HTTP/1.1" 200 789 "https://staging.bumimascitramandiri.com/admin/login" "Mozilla/5.0 (iPhone; CPU iPhone OS 18_3_1 like Mac OS X) AppleWebKit/605.1.15 (KHTML, like Gecko) Version/18.3 Mobile/15E148 Safari/604.1"
113.211.214.178 - - [24/Apr/2025:10:41:08 +0700] "GET /_next/image?url=%2Fimages%2Fjob-non-aktif.png&w=128&q=75 HTTP/1.1" 200 758 "https://staging.bumimascitramandiri.com/admin/login" "Mozilla/5.0 (iPhone; CPU iPhone OS 18_3_1 like Mac OS X) AppleWebKit/605.1.15 (KHTML, like Gecko) Version/18.3 Mobile/15E148 Safari/604.1"
113.211.214.178 - - [24/Apr/2025:10:41:08 +0700] "GET /_next/image?url=%2Fimages%2Fpelamar.png&w=128&q=75 HTTP/1.1" 200 892 "https://staging.bumimascitramandiri.com/admin/login" "Mozilla/5.0 (iPhone; CPU iPhone OS 18_3_1 like Mac OS X) AppleWebKit/605.1.15 (KHTML, like Gecko) Version/18.3 Mobile/15E148 Safari/604.1"
113.211.214.178 - - [24/Apr/2025:10:41:08 +0700] "GET /_next/image?url=%2Fimages%2Favatar.png&w=96&q=75 HTTP/1.1" 200 1778 "https://staging.bumimascitramandiri.com/admin/dashboard" "Mozilla/5.0 (iPhone; CPU iPhone OS 18_3_1 like Mac OS X) AppleWebKit/605.1.15 (KHTML, like Gecko) Version/18.3 Mobile/15E148 Safari/604.1"
113.211.214.178 - - [24/Apr/2025:10:41:09 +0700] "GET /images/icons/chevron-circle.svg HTTP/1.1" 200 463 "https://staging.bumimascitramandiri.com/admin/dashboard" "Mozilla/5.0 (iPhone; CPU iPhone OS 18_3_1 like Mac OS X) AppleWebKit/605.1.15 (KHTML, like Gecko) Version/18.3 Mobile/15E148 Safari/604.1"
113.211.214.178 - - [24/Apr/2025:10:41:09 +0700] "GET /images/icons/user.svg HTTP/1.1" 200 471 "https://staging.bumimascitramandiri.com/admin/dashboard" "Mozilla/5.0 (iPhone; CPU iPhone OS 18_3_1 like Mac OS X) AppleWebKit/605.1.15 (KHTML, like Gecko) Version/18.3 Mobile/15E148 Safari/604.1"
113.211.214.178 - - [24/Apr/2025:10:41:09 +0700] "GET /images/icons/key.svg HTTP/1.1" 200 943 "https://staging.bumimascitramandiri.com/admin/dashboard" "Mozilla/5.0 (iPhone; CPU iPhone OS 18_3_1 like Mac OS X) AppleWebKit/605.1.15 (KHTML, like Gecko) Version/18.3 Mobile/15E148 Safari/604.1"
113.211.214.178 - - [24/Apr/2025:10:41:09 +0700] "GET /images/icons/log-out.svg HTTP/1.1" 200 385 "https://staging.bumimascitramandiri.com/admin/dashboard" "Mozilla/5.0 (iPhone; CPU iPhone OS 18_3_1 like Mac OS X) AppleWebKit/605.1.15 (KHTML, like Gecko) Version/18.3 Mobile/15E148 Safari/604.1"
113.211.214.178 - - [24/Apr/2025:10:41:09 +0700] "GET /_next/image?url=%2Fimages%2Fsuccess.png&w=256&q=75 HTTP/1.1" 200 8504 "https://staging.bumimascitramandiri.com/admin/dashboard" "Mozilla/5.0 (iPhone; CPU iPhone OS 18_3_1 like Mac OS X) AppleWebKit/605.1.15 (KHTML, like Gecko) Version/18.3 Mobile/15E148 Safari/604.1"
113.211.214.178 - - [24/Apr/2025:10:41:09 +0700] "GET /images/icons/pelamar.svg HTTP/1.1" 200 922 "https://staging.bumimascitramandiri.com/admin/login" "Mozilla/5.0 (iPhone; CPU iPhone OS 18_3_1 like Mac OS X) AppleWebKit/605.1.15 (KHTML, like Gecko) Version/18.3 Mobile/15E148 Safari/604.1"
113.211.214.178 - - [24/Apr/2025:10:41:09 +0700] "GET /images/icons/eye.svg HTTP/1.1" 304 0 "https://staging.bumimascitramandiri.com/admin/dashboard" "Mozilla/5.0 (iPhone; CPU iPhone OS 18_3_1 like Mac OS X) AppleWebKit/605.1.15 (KHTML, like Gecko) Version/18.3 Mobile/15E148 Safari/604.1"
113.211.214.178 - - [24/Apr/2025:10:41:10 +0700] "GET /admin/admin-management?_rsc=tjp7j HTTP/1.1" 200 1261 "https://staging.bumimascitramandiri.com/admin/dashboard" "Mozilla/5.0 (iPhone; CPU iPhone OS 18_3_1 like Mac OS X) AppleWebKit/605.1.15 (KHTML, like Gecko) Version/18.3 Mobile/15E148 Safari/604.1"
202.10.42.99 - - [24/Apr/2025:10:41:11 +0700] "GET /api/v1/agencies/ab7cf6f0-c70e-4402-9175-72fb1c1c7a62/admins?page=1&limit=10 HTTP/1.1" 200 1616 "-" "node"
113.211.214.178 - - [24/Apr/2025:10:41:11 +0700] "GET /admin/admin-management?_rsc=fx0z6 HTTP/1.1" 200 2547 "https://staging.bumimascitramandiri.com/admin/dashboard" "Mozilla/5.0 (iPhone; CPU iPhone OS 18_3_1 like Mac OS X) AppleWebKit/605.1.15 (KHTML, like Gecko) Version/18.3 Mobile/15E148 Safari/604.1"
141.101.99.119 - - [24/Apr/2025:10:41:45 +0700] "GET / HTTP/1.1" 444 0 "-" "Python/3.11 aiohttp/3.11.11"
202.10.42.99 - - [24/Apr/2025:10:41:45 +0700] "GET /api/v1/agencies/ab7cf6f0-c70e-4402-9175-72fb1c1c7a62/jobs?page=1&limit=9 HTTP/1.1" 200 6389 "-" "node"
113.211.214.178 - - [24/Apr/2025:10:41:45 +0700] "GET /admin/job-vacancy?_rsc=90i83 HTTP/1.1" 200 5392 "https://staging.bumimascitramandiri.com/admin/admin-management" "Mozilla/5.0 (iPhone; CPU iPhone OS 18_3_1 like Mac OS X) AppleWebKit/605.1.15 (KHTML, like Gecko) Version/18.3 Mobile/15E148 Safari/604.1"
202.10.42.99 - - [24/Apr/2025:10:41:45 +0700] "GET /api/v1/agencies/ab7cf6f0-c70e-4402-9175-72fb1c1c7a62/jobs?page=1&limit=10 HTTP/1.1" 200 7081 "-" "node"
113.211.214.178 - - [24/Apr/2025:10:41:45 +0700] "GET /admin/applicant?_rsc=90i83 HTTP/1.1" 200 4138 "https://staging.bumimascitramandiri.com/admin/admin-management" "Mozilla/5.0 (iPhone; CPU iPhone OS 18_3_1 like Mac OS X) AppleWebKit/605.1.15 (KHTML, like Gecko) Version/18.3 Mobile/15E148 Safari/604.1"
113.211.214.178 - - [24/Apr/2025:10:41:45 +0700] "GET /api/auth/csrf HTTP/1.1" 200 91 "https://staging.bumimascitramandiri.com/admin/admin-management" "Mozilla/5.0 (iPhone; CPU iPhone OS 18_3_1 like Mac OS X) AppleWebKit/605.1.15 (KHTML, like Gecko) Version/18.3 Mobile/15E148 Safari/604.1"
113.211.214.178 - - [24/Apr/2025:10:41:45 +0700] "GET /api/auth/csrf HTTP/1.1" 200 91 "https://staging.bumimascitramandiri.com/admin/admin-management" "Mozilla/5.0 (iPhone; CPU iPhone OS 18_3_1 like Mac OS X) AppleWebKit/605.1.15 (KHTML, like Gecko) Version/18.3 Mobile/15E148 Safari/604.1"
113.211.214.178 - - [24/Apr/2025:10:41:45 +0700] "POST /api/auth/signout HTTP/1.1" 200 43 "https://staging.bumimascitramandiri.com/admin/admin-management" "Mozilla/5.0 (iPhone; CPU iPhone OS 18_3_1 like Mac OS X) AppleWebKit/605.1.15 (KHTML, like Gecko) Version/18.3 Mobile/15E148 Safari/604.1"
113.211.214.178 - - [24/Apr/2025:10:41:45 +0700] "POST /api/auth/signout HTTP/1.1" 200 43 "https://staging.bumimascitramandiri.com/admin/admin-management" "Mozilla/5.0 (iPhone; CPU iPhone OS 18_3_1 like Mac OS X) AppleWebKit/605.1.15 (KHTML, like Gecko) Version/18.3 Mobile/15E148 Safari/604.1"
113.211.214.178 - - [24/Apr/2025:10:41:45 +0700] "GET /api/auth/session HTTP/1.1" 200 14 "https://staging.bumimascitramandiri.com/admin/admin-management" "Mozilla/5.0 (iPhone; CPU iPhone OS 18_3_1 like Mac OS X) AppleWebKit/605.1.15 (KHTML, like Gecko) Version/18.3 Mobile/15E148 Safari/604.1"
113.211.214.178 - - [24/Apr/2025:10:41:45 +0700] "GET /api/auth/session HTTP/1.1" 200 14 "https://staging.bumimascitramandiri.com/admin/admin-management" "Mozilla/5.0 (iPhone; CPU iPhone OS 18_3_1 like Mac OS X) AppleWebKit/605.1.15 (KHTML, like Gecko) Version/18.3 Mobile/15E148 Safari/604.1"
113.211.214.178 - - [24/Apr/2025:10:41:46 +0700] "GET /admin/login?_rsc=90i83 HTTP/1.1" 200 908 "https://staging.bumimascitramandiri.com/admin/admin-management" "Mozilla/5.0 (iPhone; CPU iPhone OS 18_3_1 like Mac OS X) AppleWebKit/605.1.15 (KHTML, like Gecko) Version/18.3 Mobile/15E148 Safari/604.1"
113.211.214.178 - - [24/Apr/2025:10:41:46 +0700] "GET /images/icons/eye.svg HTTP/1.1" 304 0 "https://staging.bumimascitramandiri.com/admin/admin-management" "Mozilla/5.0 (iPhone; CPU iPhone OS 18_3_1 like Mac OS X) AppleWebKit/605.1.15 (KHTML, like Gecko) Version/18.3 Mobile/15E148 Safari/604.1"
202.10.42.99 - - [24/Apr/2025:10:41:49 +0700] "GET /api/v1/agencies/ab7cf6f0-c70e-4402-9175-72fb1c1c7a62/dashboards HTTP/1.1" 200 66 "-" "node"
113.211.214.178 - - [24/Apr/2025:10:41:49 +0700] "GET /admin/dashboard?_rsc=90i83 HTTP/1.1" 200 1747 "https://staging.bumimascitramandiri.com/admin/admin-management" "Mozilla/5.0 (iPhone; CPU iPhone OS 18_3_1 like Mac OS X) AppleWebKit/605.1.15 (KHTML, like Gecko) Version/18.3 Mobile/15E148 Safari/604.1"
113.211.214.178 - - [24/Apr/2025:10:41:49 +0700] "GET /admin/profile?_rsc=1qlml HTTP/1.1" 200 1757 "https://staging.bumimascitramandiri.com/admin/admin-management" "Mozilla/5.0 (iPhone; CPU iPhone OS 18_3_1 like Mac OS X) AppleWebKit/605.1.15 (KHTML, like Gecko) Version/18.3 Mobile/15E148 Safari/604.1"
202.10.42.99 - - [24/Apr/2025:10:41:55 +0700] "POST /api/v1/auth/login HTTP/1.1" 200 377 "-" "node"
202.10.42.99 - - [24/Apr/2025:10:41:55 +0700] "GET /api/v1/users/06318486-28f9-47b6-a783-a7f7c8a74b4a HTTP/1.1" 200 280 "-" "node"
202.10.42.99 - - [24/Apr/2025:10:41:55 +0700] "GET /api/v1/agencies/ab7cf6f0-c70e-4402-9175-72fb1c1c7a62/admins/4bc92981-9be0-4f88-8a71-f853562854fe HTTP/1.1" 200 276 "-" "node"
202.10.42.99 - - [24/Apr/2025:10:41:55 +0700] "GET /api/v1/agencies/ab7cf6f0-c70e-4402-9175-72fb1c1c7a62/dashboards HTTP/1.1" 200 66 "-" "node"
113.211.214.178 - - [24/Apr/2025:10:41:55 +0700] "POST /admin/login HTTP/1.1" 303 2249 "https://staging.bumimascitramandiri.com/admin/login" "Mozilla/5.0 (iPhone; CPU iPhone OS 18_3_1 like Mac OS X) AppleWebKit/605.1.15 (KHTML, like Gecko) Version/18.3 Mobile/15E148 Safari/604.1"
113.211.214.178 - - [24/Apr/2025:10:41:55 +0700] "GET /images/icons/burger-menu.svg HTTP/1.1" 304 0 "https://staging.bumimascitramandiri.com/admin/login" "Mozilla/5.0 (iPhone; CPU iPhone OS 18_3_1 like Mac OS X) AppleWebKit/605.1.15 (KHTML, like Gecko) Version/18.3 Mobile/15E148 Safari/604.1"
113.211.214.178 - - [24/Apr/2025:10:41:55 +0700] "GET /api/auth/session HTTP/1.1" 200 931 "https://staging.bumimascitramandiri.com/admin/dashboard" "Mozilla/5.0 (iPhone; CPU iPhone OS 18_3_1 like Mac OS X) AppleWebKit/605.1.15 (KHTML, like Gecko) Version/18.3 Mobile/15E148 Safari/604.1"
113.211.214.178 - - [24/Apr/2025:10:41:55 +0700] "GET /images/icons/admin.svg HTTP/1.1" 304 0 "https://staging.bumimascitramandiri.com/admin/login" "Mozilla/5.0 (iPhone; CPU iPhone OS 18_3_1 like Mac OS X) AppleWebKit/605.1.15 (KHTML, like Gecko) Version/18.3 Mobile/15E148 Safari/604.1"
113.211.214.178 - - [24/Apr/2025:10:41:56 +0700] "GET /images/icons/dashboard.svg HTTP/1.1" 304 0 "https://staging.bumimascitramandiri.com/admin/login" "Mozilla/5.0 (iPhone; CPU iPhone OS 18_3_1 like Mac OS X) AppleWebKit/605.1.15 (KHTML, like Gecko) Version/18.3 Mobile/15E148 Safari/604.1"
113.211.214.178 - - [24/Apr/2025:10:41:56 +0700] "GET /images/icons/pelamar.svg HTTP/1.1" 304 0 "https://staging.bumimascitramandiri.com/admin/login" "Mozilla/5.0 (iPhone; CPU iPhone OS 18_3_1 like Mac OS X) AppleWebKit/605.1.15 (KHTML, like Gecko) Version/18.3 Mobile/15E148 Safari/604.1"
113.211.214.178 - - [24/Apr/2025:10:41:56 +0700] "GET /images/icons/lowongan-kerja.svg HTTP/1.1" 304 0 "https://staging.bumimascitramandiri.com/admin/login" "Mozilla/5.0 (iPhone; CPU iPhone OS 18_3_1 like Mac OS X) AppleWebKit/605.1.15 (KHTML, like Gecko) Version/18.3 Mobile/15E148 Safari/604.1"
113.211.214.178 - - [24/Apr/2025:10:41:56 +0700] "GET /api/auth/session HTTP/1.1" 200 931 "https://staging.bumimascitramandiri.com/admin/dashboard" "Mozilla/5.0 (iPhone; CPU iPhone OS 18_3_1 like Mac OS X) AppleWebKit/605.1.15 (KHTML, like Gecko) Version/18.3 Mobile/15E148 Safari/604.1"
113.211.214.178 - - [24/Apr/2025:10:41:56 +0700] "GET /images/icons/chevron-circle.svg HTTP/1.1" 304 0 "https://staging.bumimascitramandiri.com/admin/dashboard" "Mozilla/5.0 (iPhone; CPU iPhone OS 18_3_1 like Mac OS X) AppleWebKit/605.1.15 (KHTML, like Gecko) Version/18.3 Mobile/15E148 Safari/604.1"
113.211.214.178 - - [24/Apr/2025:10:41:56 +0700] "GET /images/icons/user.svg HTTP/1.1" 304 0 "https://staging.bumimascitramandiri.com/admin/dashboard" "Mozilla/5.0 (iPhone; CPU iPhone OS 18_3_1 like Mac OS X) AppleWebKit/605.1.15 (KHTML, like Gecko) Version/18.3 Mobile/15E148 Safari/604.1"
113.211.214.178 - - [24/Apr/2025:10:41:56 +0700] "GET /images/icons/key.svg HTTP/1.1" 304 0 "https://staging.bumimascitramandiri.com/admin/dashboard" "Mozilla/5.0 (iPhone; CPU iPhone OS 18_3_1 like Mac OS X) AppleWebKit/605.1.15 (KHTML, like Gecko) Version/18.3 Mobile/15E148 Safari/604.1"
113.211.214.178 - - [24/Apr/2025:10:41:56 +0700] "GET /images/icons/log-out.svg HTTP/1.1" 304 0 "https://staging.bumimascitramandiri.com/admin/dashboard" "Mozilla/5.0 (iPhone; CPU iPhone OS 18_3_1 like Mac OS X) AppleWebKit/605.1.15 (KHTML, like Gecko) Version/18.3 Mobile/15E148 Safari/604.1"
113.211.214.178 - - [24/Apr/2025:10:41:56 +0700] "GET /images/icons/eye.svg HTTP/1.1" 304 0 "https://staging.bumimascitramandiri.com/admin/dashboard" "Mozilla/5.0 (iPhone; CPU iPhone OS 18_3_1 like Mac OS X) AppleWebKit/605.1.15 (KHTML, like Gecko) Version/18.3 Mobile/15E148 Safari/604.1"
113.211.214.178 - - [24/Apr/2025:10:42:00 +0700] "GET /admin/admin-management?_rsc=tjp7j HTTP/1.1" 200 1261 "https://staging.bumimascitramandiri.com/admin/dashboard" "Mozilla/5.0 (iPhone; CPU iPhone OS 18_3_1 like Mac OS X) AppleWebKit/605.1.15 (KHTML, like Gecko) Version/18.3 Mobile/15E148 Safari/604.1"
202.10.42.99 - - [24/Apr/2025:10:42:00 +0700] "GET /api/v1/agencies/ab7cf6f0-c70e-4402-9175-72fb1c1c7a62/admins?page=1&limit=10 HTTP/1.1" 200 1616 "-" "node"
113.211.214.178 - - [24/Apr/2025:10:42:00 +0700] "GET /admin/admin-management?_rsc=fx0z6 HTTP/1.1" 200 2547 "https://staging.bumimascitramandiri.com/admin/dashboard" "Mozilla/5.0 (iPhone; CPU iPhone OS 18_3_1 like Mac OS X) AppleWebKit/605.1.15 (KHTML, like Gecko) Version/18.3 Mobile/15E148 Safari/604.1"
113.211.214.178 - - [24/Apr/2025:10:42:00 +0700] "GET /api/auth/session HTTP/1.1" 200 931 "https://staging.bumimascitramandiri.com/admin/admin-management" "Mozilla/5.0 (iPhone; CPU iPhone OS 18_3_1 like Mac OS X) AppleWebKit/605.1.15 (KHTML, like Gecko) Version/18.3 Mobile/15E148 Safari/604.1"
113.211.214.178 - - [24/Apr/2025:10:42:00 +0700] "GET /api/auth/session HTTP/1.1" 200 931 "https://staging.bumimascitramandiri.com/admin/admin-management" "Mozilla/5.0 (iPhone; CPU iPhone OS 18_3_1 like Mac OS X) AppleWebKit/605.1.15 (KHTML, like Gecko) Version/18.3 Mobile/15E148 Safari/604.1"
113.211.214.178 - - [24/Apr/2025:10:42:00 +0700] "GET /images/icons/search.svg HTTP/1.1" 200 843 "https://staging.bumimascitramandiri.com/admin/admin-management" "Mozilla/5.0 (iPhone; CPU iPhone OS 18_3_1 like Mac OS X) AppleWebKit/605.1.15 (KHTML, like Gecko) Version/18.3 Mobile/15E148 Safari/604.1"
113.211.214.178 - - [24/Apr/2025:10:42:00 +0700] "GET /api/auth/session HTTP/1.1" 200 931 "https://staging.bumimascitramandiri.com/admin/admin-management" "Mozilla/5.0 (iPhone; CPU iPhone OS 18_3_1 like Mac OS X) AppleWebKit/605.1.15 (KHTML, like Gecko) Version/18.3 Mobile/15E148 Safari/604.1"
113.211.214.178 - - [24/Apr/2025:10:42:00 +0700] "GET /api/auth/session HTTP/1.1" 200 931 "https://staging.bumimascitramandiri.com/admin/admin-management" "Mozilla/5.0 (iPhone; CPU iPhone OS 18_3_1 like Mac OS X) AppleWebKit/605.1.15 (KHTML, like Gecko) Version/18.3 Mobile/15E148 Safari/604.1"
113.211.214.178 - - [24/Apr/2025:10:42:00 +0700] "GET /api/auth/session HTTP/1.1" 200 931 "https://staging.bumimascitramandiri.com/admin/admin-management" "Mozilla/5.0 (iPhone; CPU iPhone OS 18_3_1 like Mac OS X) AppleWebKit/605.1.15 (KHTML, like Gecko) Version/18.3 Mobile/15E148 Safari/604.1"
113.211.214.178 - - [24/Apr/2025:10:42:00 +0700] "GET /_next/image?url=%2Fimages%2Favatar-2.png&w=96&q=75 HTTP/1.1" 200 548 "https://staging.bumimascitramandiri.com/admin/admin-management" "Mozilla/5.0 (iPhone; CPU iPhone OS 18_3_1 like Mac OS X) AppleWebKit/605.1.15 (KHTML, like Gecko) Version/18.3 Mobile/15E148 Safari/604.1"
113.211.214.178 - - [24/Apr/2025:10:42:00 +0700] "GET /images/icons/cross-black.svg HTTP/1.1" 200 948 "https://staging.bumimascitramandiri.com/admin/admin-management" "Mozilla/5.0 (iPhone; CPU iPhone OS 18_3_1 like Mac OS X) AppleWebKit/605.1.15 (KHTML, like Gecko) Version/18.3 Mobile/15E148 Safari/604.1"
113.211.214.178 - - [24/Apr/2025:10:42:00 +0700] "GET /api/auth/session HTTP/1.1" 200 931 "https://staging.bumimascitramandiri.com/admin/admin-management" "Mozilla/5.0 (iPhone; CPU iPhone OS 18_3_1 like Mac OS X) AppleWebKit/605.1.15 (KHTML, like Gecko) Version/18.3 Mobile/15E148 Safari/604.1"
113.211.214.178 - - [24/Apr/2025:10:42:00 +0700] "GET /images/icons/upload-file.svg HTTP/1.1" 200 1018 "https://staging.bumimascitramandiri.com/admin/admin-management" "Mozilla/5.0 (iPhone; CPU iPhone OS 18_3_1 like Mac OS X) AppleWebKit/605.1.15 (KHTML, like Gecko) Version/18.3 Mobile/15E148 Safari/604.1"
113.211.214.178 - - [24/Apr/2025:10:42:00 +0700] "GET /api/auth/session HTTP/1.1" 200 931 "https://staging.bumimascitramandiri.com/admin/admin-management" "Mozilla/5.0 (iPhone; CPU iPhone OS 18_3_1 like Mac OS X) AppleWebKit/605.1.15 (KHTML, like Gecko) Version/18.3 Mobile/15E148 Safari/604.1"
113.211.214.178 - - [24/Apr/2025:10:42:01 +0700] "GET /api/auth/session HTTP/1.1" 200 931 "https://staging.bumimascitramandiri.com/admin/admin-management" "Mozilla/5.0 (iPhone; CPU iPhone OS 18_3_1 like Mac OS X) AppleWebKit/605.1.15 (KHTML, like Gecko) Version/18.3 Mobile/15E148 Safari/604.1"
113.211.214.178 - - [24/Apr/2025:10:42:01 +0700] "GET /images/icons/pencil.svg HTTP/1.1" 200 616 "https://staging.bumimascitramandiri.com/admin/admin-management" "Mozilla/5.0 (iPhone; CPU iPhone OS 18_3_1 like Mac OS X) AppleWebKit/605.1.15 (KHTML, like Gecko) Version/18.3 Mobile/15E148 Safari/604.1"
113.211.214.178 - - [24/Apr/2025:10:42:01 +0700] "GET /_next/image?url=%2Fimages%2Ftrash.png&w=256&q=75 HTTP/1.1" 200 3460 "https://staging.bumimascitramandiri.com/admin/admin-management" "Mozilla/5.0 (iPhone; CPU iPhone OS 18_3_1 like Mac OS X) AppleWebKit/605.1.15 (KHTML, like Gecko) Version/18.3 Mobile/15E148 Safari/604.1"
113.211.214.178 - - [24/Apr/2025:10:42:01 +0700] "GET /images/icons/eye.svg HTTP/1.1" 304 0 "https://staging.bumimascitramandiri.com/admin/admin-management" "Mozilla/5.0 (iPhone; CPU iPhone OS 18_3_1 like Mac OS X) AppleWebKit/605.1.15 (KHTML, like Gecko) Version/18.3 Mobile/15E148 Safari/604.1"
113.211.214.178 - - [24/Apr/2025:10:42:01 +0700] "GET /images/icons/trash.svg HTTP/1.1" 200 533 "https://staging.bumimascitramandiri.com/admin/admin-management" "Mozilla/5.0 (iPhone; CPU iPhone OS 18_3_1 like Mac OS X) AppleWebKit/605.1.15 (KHTML, like Gecko) Version/18.3 Mobile/15E148 Safari/604.1"
113.211.214.178 - - [24/Apr/2025:10:42:01 +0700] "OPTIONS /api/v1/files/c18ba24d-4495-4a34-99f9-b284ec0ea980-Tambah%20Admin%20Notif%20Issue_1.jpg HTTP/1.1" 204 0 "https://staging.bumimascitramandiri.com/" "Mozilla/5.0 (iPhone; CPU iPhone OS 18_3_1 like Mac OS X) AppleWebKit/605.1.15 (KHTML, like Gecko) Version/18.3 Mobile/15E148 Safari/604.1"
113.211.214.178 - - [24/Apr/2025:10:42:01 +0700] "OPTIONS /api/v1/files/5a7aed2b-61ba-414b-89fe-28dde823fcb2-1.jpg HTTP/1.1" 204 0 "https://staging.bumimascitramandiri.com/" "Mozilla/5.0 (iPhone; CPU iPhone OS 18_3_1 like Mac OS X) AppleWebKit/605.1.15 (KHTML, like Gecko) Version/18.3 Mobile/15E148 Safari/604.1"
113.211.214.178 - - [24/Apr/2025:10:42:01 +0700] "OPTIONS /api/v1/files/ef733444-0b32-47ce-917e-64a2008ab903-Tambah%20Admin%20Notif%20Issue_1.jpg HTTP/1.1" 204 0 "https://staging.bumimascitramandiri.com/" "Mozilla/5.0 (iPhone; CPU iPhone OS 18_3_1 like Mac OS X) AppleWebKit/605.1.15 (KHTML, like Gecko) Version/18.3 Mobile/15E148 Safari/604.1"
113.211.214.178 - - [24/Apr/2025:10:42:01 +0700] "OPTIONS /api/v1/files/a65365ca-814c-448d-8f22-5252ed0f8cdd-005536300_1567581573-tips_tahu_HL.jpg HTTP/1.1" 204 0 "https://staging.bumimascitramandiri.com/" "Mozilla/5.0 (iPhone; CPU iPhone OS 18_3_1 like Mac OS X) AppleWebKit/605.1.15 (KHTML, like Gecko) Version/18.3 Mobile/15E148 Safari/604.1"
113.211.214.178 - - [24/Apr/2025:10:42:01 +0700] "GET /api/v1/files/5a7aed2b-61ba-414b-89fe-28dde823fcb2-1.jpg HTTP/1.1" 200 118947 "https://staging.bumimascitramandiri.com/" "Mozilla/5.0 (iPhone; CPU iPhone OS 18_3_1 like Mac OS X) AppleWebKit/605.1.15 (KHTML, like Gecko) Version/18.3 Mobile/15E148 Safari/604.1"
113.211.214.178 - - [24/Apr/2025:10:42:01 +0700] "GET /api/v1/files/c18ba24d-4495-4a34-99f9-b284ec0ea980-Tambah%20Admin%20Notif%20Issue_1.jpg HTTP/1.1" 200 41461 "https://staging.bumimascitramandiri.com/" "Mozilla/5.0 (iPhone; CPU iPhone OS 18_3_1 like Mac OS X) AppleWebKit/605.1.15 (KHTML, like Gecko) Version/18.3 Mobile/15E148 Safari/604.1"
113.211.214.178 - - [24/Apr/2025:10:42:01 +0700] "GET /api/v1/files/ef733444-0b32-47ce-917e-64a2008ab903-Tambah%20Admin%20Notif%20Issue_1.jpg HTTP/1.1" 200 41462 "https://staging.bumimascitramandiri.com/" "Mozilla/5.0 (iPhone; CPU iPhone OS 18_3_1 like Mac OS X) AppleWebKit/605.1.15 (KHTML, like Gecko) Version/18.3 Mobile/15E148 Safari/604.1"
113.211.214.178 - - [24/Apr/2025:10:42:01 +0700] "GET /api/v1/files/a65365ca-814c-448d-8f22-5252ed0f8cdd-005536300_1567581573-tips_tahu_HL.jpg HTTP/1.1" 200 118947 "https://staging.bumimascitramandiri.com/" "Mozilla/5.0 (iPhone; CPU iPhone OS 18_3_1 like Mac OS X) AppleWebKit/605.1.15 (KHTML, like Gecko) Version/18.3 Mobile/15E148 Safari/604.1"
113.211.214.178 - - [24/Apr/2025:10:42:03 +0700] "GET /images/icons/chevron-left-blue.svg HTTP/1.1" 200 624 "https://staging.bumimascitramandiri.com/admin/admin-management" "Mozilla/5.0 (iPhone; CPU iPhone OS 18_3_1 like Mac OS X) AppleWebKit/605.1.15 (KHTML, like Gecko) Version/18.3 Mobile/15E148 Safari/604.1"
113.211.214.178 - - [24/Apr/2025:10:42:03 +0700] "GET /images/icons/chevron-right-blue.svg HTTP/1.1" 200 616 "https://staging.bumimascitramandiri.com/admin/admin-management" "Mozilla/5.0 (iPhone; CPU iPhone OS 18_3_1 like Mac OS X) AppleWebKit/605.1.15 (KHTML, like Gecko) Version/18.3 Mobile/15E148 Safari/604.1"
113.211.214.178 - - [24/Apr/2025:10:42:06 +0700] "GET /images/icons/dot.svg HTTP/1.1" 200 354 "https://staging.bumimascitramandiri.com/admin/admin-management" "Mozilla/5.0 (iPhone; CPU iPhone OS 18_3_1 like Mac OS X) AppleWebKit/605.1.15 (KHTML, like Gecko) Version/18.3 Mobile/15E148 Safari/604.1"
154.81.156.54 - - [24/Apr/2025:10:42:14 +0700] "GET / HTTP/1.1" 444 0 "-" "Mozilla/5.0 (Windows NT 10.0; Win64; x64) AppleWebKit/537.36 (KHTML, like Gecko) Chrome/90.0.4430.85 Safari/537.36 Edg/90.0.818.46"
113.211.214.178 - - [24/Apr/2025:10:43:24 +0700] "GET /api/auth/session HTTP/1.1" 200 931 "https://staging.bumimascitramandiri.com/admin/admin-management" "Mozilla/5.0 (iPhone; CPU iPhone OS 18_3_1 like Mac OS X) AppleWebKit/605.1.15 (KHTML, like Gecko) Version/18.3 Mobile/15E148 Safari/604.1"
113.211.214.178 - - [24/Apr/2025:10:43:24 +0700] "GET /api/auth/session HTTP/1.1" 200 931 "https://staging.bumimascitramandiri.com/admin/admin-management" "Mozilla/5.0 (iPhone; CPU iPhone OS 18_3_1 like Mac OS X) AppleWebKit/605.1.15 (KHTML, like Gecko) Version/18.3 Mobile/15E148 Safari/604.1"
113.211.214.178 - - [24/Apr/2025:10:43:24 +0700] "OPTIONS /api/v1/agencies/ab7cf6f0-c70e-4402-9175-72fb1c1c7a62/admins HTTP/1.1" 204 0 "https://staging.bumimascitramandiri.com/" "Mozilla/5.0 (iPhone; CPU iPhone OS 18_3_1 like Mac OS X) AppleWebKit/605.1.15 (KHTML, like Gecko) Version/18.3 Mobile/15E148 Safari/604.1"
113.211.214.178 - - [24/Apr/2025:10:43:24 +0700] "POST /api/v1/agencies/ab7cf6f0-c70e-4402-9175-72fb1c1c7a62/admins HTTP/1.1" 201 21 "https://staging.bumimascitramandiri.com/" "Mozilla/5.0 (iPhone; CPU iPhone OS 18_3_1 like Mac OS X) AppleWebKit/605.1.15 (KHTML, like Gecko) Version/18.3 Mobile/15E148 Safari/604.1"
202.10.42.99 - - [24/Apr/2025:10:43:26 +0700] "GET /api/v1/agencies/ab7cf6f0-c70e-4402-9175-72fb1c1c7a62/admins?page=1&limit=10 HTTP/1.1" 200 1890 "-" "node"
113.211.214.178 - - [24/Apr/2025:10:43:26 +0700] "GET /admin/admin-management?_rsc=lji2t HTTP/1.1" 200 4129 "https://staging.bumimascitramandiri.com/admin/admin-management" "Mozilla/5.0 (iPhone; CPU iPhone OS 18_3_1 like Mac OS X) AppleWebKit/605.1.15 (KHTML, like Gecko) Version/18.3 Mobile/15E148 Safari/604.1"
113.211.214.178 - - [24/Apr/2025:10:43:26 +0700] "GET /api/auth/session HTTP/1.1" 200 931 "https://staging.bumimascitramandiri.com/admin/admin-management" "Mozilla/5.0 (iPhone; CPU iPhone OS 18_3_1 like Mac OS X) AppleWebKit/605.1.15 (KHTML, like Gecko) Version/18.3 Mobile/15E148 Safari/604.1"
113.211.214.178 - - [24/Apr/2025:10:43:26 +0700] "OPTIONS /api/v1/files/ef733444-0b32-47ce-917e-64a2008ab903-Tambah%20Admin%20Notif%20Issue_1.jpg HTTP/1.1" 204 0 "https://staging.bumimascitramandiri.com/" "Mozilla/5.0 (iPhone; CPU iPhone OS 18_3_1 like Mac OS X) AppleWebKit/605.1.15 (KHTML, like Gecko) Version/18.3 Mobile/15E148 Safari/604.1"
113.211.214.178 - - [24/Apr/2025:10:43:26 +0700] "GET /images/icons/upload-file.svg HTTP/1.1" 304 0 "https://staging.bumimascitramandiri.com/admin/admin-management" "Mozilla/5.0 (iPhone; CPU iPhone OS 18_3_1 like Mac OS X) AppleWebKit/605.1.15 (KHTML, like Gecko) Version/18.3 Mobile/15E148 Safari/604.1"
113.211.214.178 - - [24/Apr/2025:10:43:26 +0700] "GET /api/auth/session HTTP/1.1" 200 931 "https://staging.bumimascitramandiri.com/admin/admin-management" "Mozilla/5.0 (iPhone; CPU iPhone OS 18_3_1 like Mac OS X) AppleWebKit/605.1.15 (KHTML, like Gecko) Version/18.3 Mobile/15E148 Safari/604.1"
113.211.214.178 - - [24/Apr/2025:10:43:26 +0700] "GET /_next/image?url=%2Fimages%2Fsuccess.png&w=256&q=75 HTTP/1.1" 304 0 "https://staging.bumimascitramandiri.com/admin/admin-management" "Mozilla/5.0 (iPhone; CPU iPhone OS 18_3_1 like Mac OS X) AppleWebKit/605.1.15 (KHTML, like Gecko) Version/18.3 Mobile/15E148 Safari/604.1"
113.211.214.178 - - [24/Apr/2025:10:43:26 +0700] "GET /images/icons/cross-black.svg HTTP/1.1" 304 0 "https://staging.bumimascitramandiri.com/admin/admin-management" "Mozilla/5.0 (iPhone; CPU iPhone OS 18_3_1 like Mac OS X) AppleWebKit/605.1.15 (KHTML, like Gecko) Version/18.3 Mobile/15E148 Safari/604.1"
113.211.214.178 - - [24/Apr/2025:10:43:26 +0700] "GET /api/auth/session HTTP/1.1" 200 931 "https://staging.bumimascitramandiri.com/admin/admin-management" "Mozilla/5.0 (iPhone; CPU iPhone OS 18_3_1 like Mac OS X) AppleWebKit/605.1.15 (KHTML, like Gecko) Version/18.3 Mobile/15E148 Safari/604.1"
113.211.214.178 - - [24/Apr/2025:10:43:26 +0700] "GET /api/auth/session HTTP/1.1" 200 931 "https://staging.bumimascitramandiri.com/admin/admin-management" "Mozilla/5.0 (iPhone; CPU iPhone OS 18_3_1 like Mac OS X) AppleWebKit/605.1.15 (KHTML, like Gecko) Version/18.3 Mobile/15E148 Safari/604.1"
113.211.214.178 - - [24/Apr/2025:10:43:26 +0700] "GET /images/icons/eye.svg HTTP/1.1" 304 0 "https://staging.bumimascitramandiri.com/admin/admin-management" "Mozilla/5.0 (iPhone; CPU iPhone OS 18_3_1 like Mac OS X) AppleWebKit/605.1.15 (KHTML, like Gecko) Version/18.3 Mobile/15E148 Safari/604.1"
113.211.214.178 - - [24/Apr/2025:10:43:26 +0700] "GET /api/auth/session HTTP/1.1" 200 931 "https://staging.bumimascitramandiri.com/admin/admin-management" "Mozilla/5.0 (iPhone; CPU iPhone OS 18_3_1 like Mac OS X) AppleWebKit/605.1.15 (KHTML, like Gecko) Version/18.3 Mobile/15E148 Safari/604.1"
113.211.214.178 - - [24/Apr/2025:10:43:26 +0700] "GET /api/v1/files/ef733444-0b32-47ce-917e-64a2008ab903-Tambah%20Admin%20Notif%20Issue_1.jpg HTTP/1.1" 200 41461 "https://staging.bumimascitramandiri.com/" "Mozilla/5.0 (iPhone; CPU iPhone OS 18_3_1 like Mac OS X) AppleWebKit/605.1.15 (KHTML, like Gecko) Version/18.3 Mobile/15E148 Safari/604.1"
113.211.214.178 - - [24/Apr/2025:10:43:26 +0700] "GET /api/auth/session HTTP/1.1" 200 931 "https://staging.bumimascitramandiri.com/admin/admin-management" "Mozilla/5.0 (iPhone; CPU iPhone OS 18_3_1 like Mac OS X) AppleWebKit/605.1.15 (KHTML, like Gecko) Version/18.3 Mobile/15E148 Safari/604.1"
113.211.214.178 - - [24/Apr/2025:10:43:26 +0700] "GET /api/auth/session HTTP/1.1" 200 931 "https://staging.bumimascitramandiri.com/admin/admin-management" "Mozilla/5.0 (iPhone; CPU iPhone OS 18_3_1 like Mac OS X) AppleWebKit/605.1.15 (KHTML, like Gecko) Version/18.3 Mobile/15E148 Safari/604.1"
113.211.214.178 - - [24/Apr/2025:10:43:26 +0700] "GET /api/auth/session HTTP/1.1" 200 931 "https://staging.bumimascitramandiri.com/admin/admin-management" "Mozilla/5.0 (iPhone; CPU iPhone OS 18_3_1 like Mac OS X) AppleWebKit/605.1.15 (KHTML, like Gecko) Version/18.3 Mobile/15E148 Safari/604.1"
113.211.214.178 - - [24/Apr/2025:10:43:26 +0700] "OPTIONS /api/v1/files/c18ba24d-4495-4a34-99f9-b284ec0ea980-Tambah%20Admin%20Notif%20Issue_1.jpg HTTP/1.1" 204 0 "https://staging.bumimascitramandiri.com/" "Mozilla/5.0 (iPhone; CPU iPhone OS 18_3_1 like Mac OS X) AppleWebKit/605.1.15 (KHTML, like Gecko) Version/18.3 Mobile/15E148 Safari/604.1"
113.211.214.178 - - [24/Apr/2025:10:43:26 +0700] "OPTIONS /api/v1/files/5a7aed2b-61ba-414b-89fe-28dde823fcb2-1.jpg HTTP/1.1" 204 0 "https://staging.bumimascitramandiri.com/" "Mozilla/5.0 (iPhone; CPU iPhone OS 18_3_1 like Mac OS X) AppleWebKit/605.1.15 (KHTML, like Gecko) Version/18.3 Mobile/15E148 Safari/604.1"
113.211.214.178 - - [24/Apr/2025:10:43:26 +0700] "OPTIONS /api/v1/files/a65365ca-814c-448d-8f22-5252ed0f8cdd-005536300_1567581573-tips_tahu_HL.jpg HTTP/1.1" 204 0 "https://staging.bumimascitramandiri.com/" "Mozilla/5.0 (iPhone; CPU iPhone OS 18_3_1 like Mac OS X) AppleWebKit/605.1.15 (KHTML, like Gecko) Version/18.3 Mobile/15E148 Safari/604.1"
113.211.214.178 - - [24/Apr/2025:10:43:26 +0700] "GET /api/v1/files/c18ba24d-4495-4a34-99f9-b284ec0ea980-Tambah%20Admin%20Notif%20Issue_1.jpg HTTP/1.1" 200 41447 "https://staging.bumimascitramandiri.com/" "Mozilla/5.0 (iPhone; CPU iPhone OS 18_3_1 like Mac OS X) AppleWebKit/605.1.15 (KHTML, like Gecko) Version/18.3 Mobile/15E148 Safari/604.1"
113.211.214.178 - - [24/Apr/2025:10:43:26 +0700] "GET /api/v1/files/5a7aed2b-61ba-414b-89fe-28dde823fcb2-1.jpg HTTP/1.1" 200 118941 "https://staging.bumimascitramandiri.com/" "Mozilla/5.0 (iPhone; CPU iPhone OS 18_3_1 like Mac OS X) AppleWebKit/605.1.15 (KHTML, like Gecko) Version/18.3 Mobile/15E148 Safari/604.1"
113.211.214.178 - - [24/Apr/2025:10:43:26 +0700] "GET /api/v1/files/a65365ca-814c-448d-8f22-5252ed0f8cdd-005536300_1567581573-tips_tahu_HL.jpg HTTP/1.1" 200 118954 "https://staging.bumimascitramandiri.com/" "Mozilla/5.0 (iPhone; CPU iPhone OS 18_3_1 like Mac OS X) AppleWebKit/605.1.15 (KHTML, like Gecko) Version/18.3 Mobile/15E148 Safari/604.1"
113.211.214.178 - - [24/Apr/2025:10:43:27 +0700] "GET /images/icons/upload-file.svg HTTP/1.1" 304 0 "https://staging.bumimascitramandiri.com/admin/admin-management" "Mozilla/5.0 (iPhone; CPU iPhone OS 18_3_1 like Mac OS X) AppleWebKit/605.1.15 (KHTML, like Gecko) Version/18.3 Mobile/15E148 Safari/604.1"
113.211.214.178 - - [24/Apr/2025:10:43:27 +0700] "GET /images/icons/trash.svg HTTP/1.1" 304 0 "https://staging.bumimascitramandiri.com/admin/admin-management" "Mozilla/5.0 (iPhone; CPU iPhone OS 18_3_1 like Mac OS X) AppleWebKit/605.1.15 (KHTML, like Gecko) Version/18.3 Mobile/15E148 Safari/604.1"
113.211.214.178 - - [24/Apr/2025:10:43:27 +0700] "GET /_next/image?url=%2Fimages%2Ftrash.png&w=256&q=75 HTTP/1.1" 304 0 "https://staging.bumimascitramandiri.com/admin/admin-management" "Mozilla/5.0 (iPhone; CPU iPhone OS 18_3_1 like Mac OS X) AppleWebKit/605.1.15 (KHTML, like Gecko) Version/18.3 Mobile/15E148 Safari/604.1"
113.211.214.178 - - [24/Apr/2025:10:43:27 +0700] "GET /images/icons/pencil.svg HTTP/1.1" 304 0 "https://staging.bumimascitramandiri.com/admin/admin-management" "Mozilla/5.0 (iPhone; CPU iPhone OS 18_3_1 like Mac OS X) AppleWebKit/605.1.15 (KHTML, like Gecko) Version/18.3 Mobile/15E148 Safari/604.1"
113.211.214.178 - - [24/Apr/2025:10:43:29 +0700] "GET /images/icons/dot.svg HTTP/1.1" 304 0 "https://staging.bumimascitramandiri.com/admin/admin-management" "Mozilla/5.0 (iPhone; CPU iPhone OS 18_3_1 like Mac OS X) AppleWebKit/605.1.15 (KHTML, like Gecko) Version/18.3 Mobile/15E148 Safari/604.1"
113.211.214.178 - - [24/Apr/2025:10:44:38 +0700] "GET /admin/dashboard?_rsc=1001c HTTP/1.1" 200 1257 "https://staging.bumimascitramandiri.com/admin/admin-management" "Mozilla/5.0 (iPhone; CPU iPhone OS 18_3_1 like Mac OS X) AppleWebKit/605.1.15 (KHTML, like Gecko) Version/18.3 Mobile/15E148 Safari/604.1"
202.10.42.99 - - [24/Apr/2025:10:44:38 +0700] "GET /api/v1/agencies/ab7cf6f0-c70e-4402-9175-72fb1c1c7a62/dashboards HTTP/1.1" 200 66 "-" "node"
113.211.214.178 - - [24/Apr/2025:10:44:38 +0700] "GET /admin/dashboard?_rsc=1s6vb HTTP/1.1" 200 841 "https://staging.bumimascitramandiri.com/admin/admin-management" "Mozilla/5.0 (iPhone; CPU iPhone OS 18_3_1 like Mac OS X) AppleWebKit/605.1.15 (KHTML, like Gecko) Version/18.3 Mobile/15E148 Safari/604.1"
113.211.214.178 - - [24/Apr/2025:10:44:38 +0700] "GET /_next/image?url=%2Fimages%2Fjob-non-aktif.png&w=128&q=75 HTTP/1.1" 304 0 "https://staging.bumimascitramandiri.com/admin/dashboard" "Mozilla/5.0 (iPhone; CPU iPhone OS 18_3_1 like Mac OS X) AppleWebKit/605.1.15 (KHTML, like Gecko) Version/18.3 Mobile/15E148 Safari/604.1"
113.211.214.178 - - [24/Apr/2025:10:44:39 +0700] "GET /_next/image?url=%2Fimages%2Fpelamar.png&w=128&q=75 HTTP/1.1" 304 0 "https://staging.bumimascitramandiri.com/admin/dashboard" "Mozilla/5.0 (iPhone; CPU iPhone OS 18_3_1 like Mac OS X) AppleWebKit/605.1.15 (KHTML, like Gecko) Version/18.3 Mobile/15E148 Safari/604.1"
113.211.214.178 - - [24/Apr/2025:10:44:39 +0700] "GET /_next/image?url=%2Fimages%2Fjob-aktif.png&w=128&q=75 HTTP/1.1" 304 0 "https://staging.bumimascitramandiri.com/admin/dashboard" "Mozilla/5.0 (iPhone; CPU iPhone OS 18_3_1 like Mac OS X) AppleWebKit/605.1.15 (KHTML, like Gecko) Version/18.3 Mobile/15E148 Safari/604.1"
113.211.214.178 - - [24/Apr/2025:10:44:44 +0700] "GET /api/auth/csrf HTTP/1.1" 200 91 "https://staging.bumimascitramandiri.com/admin/dashboard" "Mozilla/5.0 (iPhone; CPU iPhone OS 18_3_1 like Mac OS X) AppleWebKit/605.1.15 (KHTML, like Gecko) Version/18.3 Mobile/15E148 Safari/604.1"
113.211.214.178 - - [24/Apr/2025:10:44:44 +0700] "POST /api/auth/signout HTTP/1.1" 200 43 "https://staging.bumimascitramandiri.com/admin/dashboard" "Mozilla/5.0 (iPhone; CPU iPhone OS 18_3_1 like Mac OS X) AppleWebKit/605.1.15 (KHTML, like Gecko) Version/18.3 Mobile/15E148 Safari/604.1"
113.211.214.178 - - [24/Apr/2025:10:44:44 +0700] "GET /api/auth/csrf HTTP/1.1" 200 91 "https://staging.bumimascitramandiri.com/admin/dashboard" "Mozilla/5.0 (iPhone; CPU iPhone OS 18_3_1 like Mac OS X) AppleWebKit/605.1.15 (KHTML, like Gecko) Version/18.3 Mobile/15E148 Safari/604.1"
113.211.214.178 - - [24/Apr/2025:10:44:44 +0700] "GET /api/auth/session HTTP/1.1" 200 14 "https://staging.bumimascitramandiri.com/admin/dashboard" "Mozilla/5.0 (iPhone; CPU iPhone OS 18_3_1 like Mac OS X) AppleWebKit/605.1.15 (KHTML, like Gecko) Version/18.3 Mobile/15E148 Safari/604.1"
113.211.214.178 - - [24/Apr/2025:10:44:44 +0700] "POST /api/auth/signout HTTP/1.1" 200 43 "https://staging.bumimascitramandiri.com/admin/dashboard" "Mozilla/5.0 (iPhone; CPU iPhone OS 18_3_1 like Mac OS X) AppleWebKit/605.1.15 (KHTML, like Gecko) Version/18.3 Mobile/15E148 Safari/604.1"
113.211.214.178 - - [24/Apr/2025:10:44:44 +0700] "GET /admin/login?_rsc=1f6rk HTTP/1.1" 200 908 "https://staging.bumimascitramandiri.com/admin/dashboard" "Mozilla/5.0 (iPhone; CPU iPhone OS 18_3_1 like Mac OS X) AppleWebKit/605.1.15 (KHTML, like Gecko) Version/18.3 Mobile/15E148 Safari/604.1"
113.211.214.178 - - [24/Apr/2025:10:44:44 +0700] "GET /api/auth/session HTTP/1.1" 200 14 "https://staging.bumimascitramandiri.com/admin/dashboard" "Mozilla/5.0 (iPhone; CPU iPhone OS 18_3_1 like Mac OS X) AppleWebKit/605.1.15 (KHTML, like Gecko) Version/18.3 Mobile/15E148 Safari/604.1"
113.211.214.178 - - [24/Apr/2025:10:44:44 +0700] "GET /images/icons/eye.svg HTTP/1.1" 304 0 "https://staging.bumimascitramandiri.com/admin/dashboard" "Mozilla/5.0 (iPhone; CPU iPhone OS 18_3_1 like Mac OS X) AppleWebKit/605.1.15 (KHTML, like Gecko) Version/18.3 Mobile/15E148 Safari/604.1"
113.211.214.178 - - [24/Apr/2025:10:44:44 +0700] "GET /_next/image?url=%2Fimages%2Flogo.png&w=256&q=100 HTTP/1.1" 304 0 "https://staging.bumimascitramandiri.com/admin/dashboard" "Mozilla/5.0 (iPhone; CPU iPhone OS 18_3_1 like Mac OS X) AppleWebKit/605.1.15 (KHTML, like Gecko) Version/18.3 Mobile/15E148 Safari/604.1"
113.211.214.178 - - [24/Apr/2025:10:45:37 +0700] "GET /admin/login HTTP/1.1" 200 2599 "" "Mozilla/5.0 (iPhone; CPU iPhone OS 18_3_1 like Mac OS X) AppleWebKit/605.1.15 (KHTML, like Gecko) Version/18.3 Mobile/15E148 Safari/604.1"
113.211.214.178 - - [24/Apr/2025:10:45:37 +0700] "GET /_next/static/media/0484562807a97172.p.woff2 HTTP/1.1" 200 7992 "https://staging.bumimascitramandiri.com/admin/login" "Mozilla/5.0 (iPhone; CPU iPhone OS 18_3_1 like Mac OS X) AppleWebKit/605.1.15 (KHTML, like Gecko) Version/18.3 Mobile/15E148 Safari/604.1"
113.211.214.178 - - [24/Apr/2025:10:45:37 +0700] "GET /_next/static/css/adcbf06eca55d868.css HTTP/1.1" 200 7641 "https://staging.bumimascitramandiri.com/admin/login" "Mozilla/5.0 (iPhone; CPU iPhone OS 18_3_1 like Mac OS X) AppleWebKit/605.1.15 (KHTML, like Gecko) Version/18.3 Mobile/15E148 Safari/604.1"
113.211.214.178 - - [24/Apr/2025:10:45:37 +0700] "GET /_next/static/media/4c285fdca692ea22.p.woff2 HTTP/1.1" 200 7844 "https://staging.bumimascitramandiri.com/admin/login" "Mozilla/5.0 (iPhone; CPU iPhone OS 18_3_1 like Mac OS X) AppleWebKit/605.1.15 (KHTML, like Gecko) Version/18.3 Mobile/15E148 Safari/604.1"
113.211.214.178 - - [24/Apr/2025:10:45:37 +0700] "GET /_next/static/media/6245472ced48d3be.p.woff2 HTTP/1.1" 200 7600 "https://staging.bumimascitramandiri.com/admin/login" "Mozilla/5.0 (iPhone; CPU iPhone OS 18_3_1 like Mac OS X) AppleWebKit/605.1.15 (KHTML, like Gecko) Version/18.3 Mobile/15E148 Safari/604.1"
113.211.214.178 - - [24/Apr/2025:10:45:37 +0700] "GET /_next/static/media/8888a3826f4a3af4.p.woff2 HTTP/1.1" 200 7740 "https://staging.bumimascitramandiri.com/admin/login" "Mozilla/5.0 (iPhone; CPU iPhone OS 18_3_1 like Mac OS X) AppleWebKit/605.1.15 (KHTML, like Gecko) Version/18.3 Mobile/15E148 Safari/604.1"
113.211.214.178 - - [24/Apr/2025:10:45:37 +0700] "GET /_next/static/media/7108afb8b1381ad1.p.woff2 HTTP/1.1" 200 7496 "https://staging.bumimascitramandiri.com/admin/login" "Mozilla/5.0 (iPhone; CPU iPhone OS 18_3_1 like Mac OS X) AppleWebKit/605.1.15 (KHTML, like Gecko) Version/18.3 Mobile/15E148 Safari/604.1"
113.211.214.178 - - [24/Apr/2025:10:45:37 +0700] "GET /_next/static/css/5c5c3dc86dd4513f.css HTTP/1.1" 200 595 "https://staging.bumimascitramandiri.com/admin/login" "Mozilla/5.0 (iPhone; CPU iPhone OS 18_3_1 like Mac OS X) AppleWebKit/605.1.15 (KHTML, like Gecko) Version/18.3 Mobile/15E148 Safari/604.1"
113.211.214.178 - - [24/Apr/2025:10:45:37 +0700] "GET /_next/static/media/9e82d62334b205f4.p.woff2 HTTP/1.1" 200 7896 "https://staging.bumimascitramandiri.com/admin/login" "Mozilla/5.0 (iPhone; CPU iPhone OS 18_3_1 like Mac OS X) AppleWebKit/605.1.15 (KHTML, like Gecko) Version/18.3 Mobile/15E148 Safari/604.1"
113.211.214.178 - - [24/Apr/2025:10:45:37 +0700] "GET /_next/static/media/b957ea75a84b6ea7.p.woff2 HTTP/1.1" 200 7848 "https://staging.bumimascitramandiri.com/admin/login" "Mozilla/5.0 (iPhone; CPU iPhone OS 18_3_1 like Mac OS X) AppleWebKit/605.1.15 (KHTML, like Gecko) Version/18.3 Mobile/15E148 Safari/604.1"
113.211.214.178 - - [24/Apr/2025:10:45:37 +0700] "GET /_next/static/media/eafabf029ad39a43.p.woff2 HTTP/1.1" 200 7900 "https://staging.bumimascitramandiri.com/admin/login" "Mozilla/5.0 (iPhone; CPU iPhone OS 18_3_1 like Mac OS X) AppleWebKit/605.1.15 (KHTML, like Gecko) Version/18.3 Mobile/15E148 Safari/604.1"
113.211.214.178 - - [24/Apr/2025:10:45:37 +0700] "GET /_next/static/chunks/webpack-c8041bfe37d97f4b.js HTTP/1.1" 200 1792 "https://staging.bumimascitramandiri.com/admin/login" "Mozilla/5.0 (iPhone; CPU iPhone OS 18_3_1 like Mac OS X) AppleWebKit/605.1.15 (KHTML, like Gecko) Version/18.3 Mobile/15E148 Safari/604.1"
113.211.214.178 - - [24/Apr/2025:10:45:37 +0700] "GET /_next/static/chunks/fd9d1056-9f482c3c868f3666.js HTTP/1.1" 200 53811 "https://staging.bumimascitramandiri.com/admin/login" "Mozilla/5.0 (iPhone; CPU iPhone OS 18_3_1 like Mac OS X) AppleWebKit/605.1.15 (KHTML, like Gecko) Version/18.3 Mobile/15E148 Safari/604.1"
113.211.214.178 - - [24/Apr/2025:10:45:37 +0700] "GET /_next/static/chunks/main-app-5a25fbf42cfd511d.js HTTP/1.1" 200 464 "https://staging.bumimascitramandiri.com/admin/login" "Mozilla/5.0 (iPhone; CPU iPhone OS 18_3_1 like Mac OS X) AppleWebKit/605.1.15 (KHTML, like Gecko) Version/18.3 Mobile/15E148 Safari/604.1"
113.211.214.178 - - [24/Apr/2025:10:45:37 +0700] "GET /_next/static/chunks/2117-24b5c1c37db9861f.js HTTP/1.1" 200 37052 "https://staging.bumimascitramandiri.com/admin/login" "Mozilla/5.0 (iPhone; CPU iPhone OS 18_3_1 like Mac OS X) AppleWebKit/605.1.15 (KHTML, like Gecko) Version/18.3 Mobile/15E148 Safari/604.1"
113.211.214.178 - - [24/Apr/2025:10:45:37 +0700] "GET /_next/static/chunks/5878-0b3ad56feb69a8b2.js HTTP/1.1" 200 5659 "https://staging.bumimascitramandiri.com/admin/login" "Mozilla/5.0 (iPhone; CPU iPhone OS 18_3_1 like Mac OS X) AppleWebKit/605.1.15 (KHTML, like Gecko) Version/18.3 Mobile/15E148 Safari/604.1"
113.211.214.178 - - [24/Apr/2025:10:45:37 +0700] "GET /_next/static/chunks/5258-106b22f168050d72.js HTTP/1.1" 200 7259 "https://staging.bumimascitramandiri.com/admin/login" "Mozilla/5.0 (iPhone; CPU iPhone OS 18_3_1 like Mac OS X) AppleWebKit/605.1.15 (KHTML, like Gecko) Version/18.3 Mobile/15E148 Safari/604.1"
113.211.214.178 - - [24/Apr/2025:10:45:37 +0700] "GET /_next/static/chunks/2972-052d1b6d74cfdff3.js HTTP/1.1" 200 9303 "https://staging.bumimascitramandiri.com/admin/login" "Mozilla/5.0 (iPhone; CPU iPhone OS 18_3_1 like Mac OS X) AppleWebKit/605.1.15 (KHTML, like Gecko) Version/18.3 Mobile/15E148 Safari/604.1"
113.211.214.178 - - [24/Apr/2025:10:45:37 +0700] "GET /_next/static/chunks/app/admin/(auth)/login/page-68e28016ffe6419d.js HTTP/1.1" 200 3465 "https://staging.bumimascitramandiri.com/admin/login" "Mozilla/5.0 (iPhone; CPU iPhone OS 18_3_1 like Mac OS X) AppleWebKit/605.1.15 (KHTML, like Gecko) Version/18.3 Mobile/15E148 Safari/604.1"
113.211.214.178 - - [24/Apr/2025:10:45:37 +0700] "GET /_next/static/chunks/app/not-found-0b21b1973147f3fc.js HTTP/1.1" 200 2594 "https://staging.bumimascitramandiri.com/admin/login" "Mozilla/5.0 (iPhone; CPU iPhone OS 18_3_1 like Mac OS X) AppleWebKit/605.1.15 (KHTML, like Gecko) Version/18.3 Mobile/15E148 Safari/604.1"
113.211.214.178 - - [24/Apr/2025:10:45:37 +0700] "GET /_next/static/media/7db6c35d839a711c.p.woff2 HTTP/1.1" 200 7816 "https://staging.bumimascitramandiri.com/admin/login" "Mozilla/5.0 (iPhone; CPU iPhone OS 18_3_1 like Mac OS X) AppleWebKit/605.1.15 (KHTML, like Gecko) Version/18.3 Mobile/15E148 Safari/604.1"
113.211.214.178 - - [24/Apr/2025:10:45:37 +0700] "GET /images/icons/eye.svg HTTP/1.1" 304 0 "https://staging.bumimascitramandiri.com/admin/login" "Mozilla/5.0 (iPhone; CPU iPhone OS 18_3_1 like Mac OS X) AppleWebKit/605.1.15 (KHTML, like Gecko) Version/18.3 Mobile/15E148 Safari/604.1"
113.211.214.178 - - [24/Apr/2025:10:45:37 +0700] "GET /admin/forgot-password?_rsc=1p6x7 HTTP/1.1" 200 978 "https://staging.bumimascitramandiri.com/admin/login" "Mozilla/5.0 (iPhone; CPU iPhone OS 18_3_1 like Mac OS X) AppleWebKit/605.1.15 (KHTML, like Gecko) Version/18.3 Mobile/15E148 Safari/604.1"
113.211.214.178 - - [24/Apr/2025:10:45:37 +0700] "GET /_next/static/chunks/9162-89d4fd8b0c758ff2.js HTTP/1.1" 200 3152 "https://staging.bumimascitramandiri.com/admin/login" "Mozilla/5.0 (iPhone; CPU iPhone OS 18_3_1 like Mac OS X) AppleWebKit/605.1.15 (KHTML, like Gecko) Version/18.3 Mobile/15E148 Safari/604.1"
113.211.214.178 - - [24/Apr/2025:10:45:37 +0700] "GET /_next/static/chunks/826-2ef3073584e4a981.js HTTP/1.1" 200 4759 "https://staging.bumimascitramandiri.com/admin/login" "Mozilla/5.0 (iPhone; CPU iPhone OS 18_3_1 like Mac OS X) AppleWebKit/605.1.15 (KHTML, like Gecko) Version/18.3 Mobile/15E148 Safari/604.1"
113.211.214.178 - - [24/Apr/2025:10:45:37 +0700] "GET /_next/static/chunks/app/admin/(auth)/forgot-password/page-38febc390d34ab03.js HTTP/1.1" 200 2338 "https://staging.bumimascitramandiri.com/admin/login" "Mozilla/5.0 (iPhone; CPU iPhone OS 18_3_1 like Mac OS X) AppleWebKit/605.1.15 (KHTML, like Gecko) Version/18.3 Mobile/15E148 Safari/604.1"
113.211.214.178 - - [24/Apr/2025:10:45:37 +0700] "GET /_next/static/chunks/231-b9eb48c864f43501.js HTTP/1.1" 200 67166 "https://staging.bumimascitramandiri.com/admin/login" "Mozilla/5.0 (iPhone; CPU iPhone OS 18_3_1 like Mac OS X) AppleWebKit/605.1.15 (KHTML, like Gecko) Version/18.3 Mobile/15E148 Safari/604.1"
202.10.42.99 - - [24/Apr/2025:10:45:49 +0700] "POST /api/v1/auth/login HTTP/1.1" 404 31 "-" "node"
113.211.214.178 - - [24/Apr/2025:10:45:49 +0700] "POST /admin/login HTTP/1.1" 200 119 "https://staging.bumimascitramandiri.com/admin/login" "Mozilla/5.0 (iPhone; CPU iPhone OS 18_3_1 like Mac OS X) AppleWebKit/605.1.15 (KHTML, like Gecko) Version/18.3 Mobile/15E148 Safari/604.1"
113.211.214.178 - - [24/Apr/2025:10:45:49 +0700] "GET /images/icons/red-warning.svg HTTP/1.1" 200 516 "https://staging.bumimascitramandiri.com/admin/login" "Mozilla/5.0 (iPhone; CPU iPhone OS 18_3_1 like Mac OS X) AppleWebKit/605.1.15 (KHTML, like Gecko) Version/18.3 Mobile/15E148 Safari/604.1"
202.10.42.99 - - [24/Apr/2025:10:45:58 +0700] "POST /api/v1/auth/login HTTP/1.1" 200 377 "-" "node"
202.10.42.99 - - [24/Apr/2025:10:45:58 +0700] "GET /api/v1/users/d3a3e35c-92cd-4a99-b5bc-731445e36d3b HTTP/1.1" 200 278 "-" "node"
202.10.42.99 - - [24/Apr/2025:10:45:58 +0700] "GET /api/v1/agencies/ab7cf6f0-c70e-4402-9175-72fb1c1c7a62/admins/f942eaea-5e5a-4c51-8785-dcba2b7b58bd HTTP/1.1" 200 274 "-" "node"
202.10.42.99 - - [24/Apr/2025:10:45:58 +0700] "GET /api/v1/agencies/ab7cf6f0-c70e-4402-9175-72fb1c1c7a62/dashboards HTTP/1.1" 200 66 "-" "node"
113.211.214.178 - - [24/Apr/2025:10:45:58 +0700] "POST /admin/login HTTP/1.1" 303 2255 "https://staging.bumimascitramandiri.com/admin/login" "Mozilla/5.0 (iPhone; CPU iPhone OS 18_3_1 like Mac OS X) AppleWebKit/605.1.15 (KHTML, like Gecko) Version/18.3 Mobile/15E148 Safari/604.1"
