113.211.214.178 - - [24/Apr/2025:10:47:01 +0700] "GET /images/icons/lock.svg HTTP/1.1" 304 0 "https://staging.bumimascitramandiri.com/admin/job-vacancy?page=3" "Mozilla/5.0 (iPhone; CPU iPhone OS 18_3_1 like Mac OS X) AppleWebKit/605.1.15 (KHTML, like Gecko) Version/18.3 Mobile/15E148 Safari/604.1"
113.211.214.178 - - [24/Apr/2025:10:47:01 +0700] "GET /images/icons/upload.svg HTTP/1.1" 304 0 "https://staging.bumimascitramandiri.com/admin/job-vacancy?page=3" "Mozilla/5.0 (iPhone; CPU iPhone OS 18_3_1 like Mac OS X) AppleWebKit/605.1.15 (KHTML, like Gecko) Version/18.3 Mobile/15E148 Safari/604.1"
113.211.214.178 - - [24/Apr/2025:10:47:01 +0700] "GET /images/icons/cross-black.svg HTTP/1.1" 304 0 "https://staging.bumimascitramandiri.com/admin/job-vacancy?page=3" "Mozilla/5.0 (iPhone; CPU iPhone OS 18_3_1 like Mac OS X) AppleWebKit/605.1.15 (KHTML, like Gecko) Version/18.3 Mobile/15E148 Safari/604.1"
113.211.214.178 - - [24/Apr/2025:10:47:01 +0700] "GET /images/icons/trash.svg HTTP/1.1" 304 0 "https://staging.bumimascitramandiri.com/admin/job-vacancy?page=3" "Mozilla/5.0 (iPhone; CPU iPhone OS 18_3_1 like Mac OS X) AppleWebKit/605.1.15 (KHTML, like Gecko) Version/18.3 Mobile/15E148 Safari/604.1"
113.211.214.178 - - [24/Apr/2025:10:47:01 +0700] "GET /_next/image?url=%2Fimages%2Fsuccess.png&w=256&q=75 HTTP/1.1" 304 0 "https://staging.bumimascitramandiri.com/admin/job-vacancy?page=3" "Mozilla/5.0 (iPhone; CPU iPhone OS 18_3_1 like Mac OS X) AppleWebKit/605.1.15 (KHTML, like Gecko) Version/18.3 Mobile/15E148 Safari/604.1"
113.211.214.178 - - [24/Apr/2025:10:47:02 +0700] "GET /images/icons/pencil.svg HTTP/1.1" 304 0 "https://staging.bumimascitramandiri.com/admin/job-vacancy?page=3" "Mozilla/5.0 (iPhone; CPU iPhone OS 18_3_1 like Mac OS X) AppleWebKit/605.1.15 (KHTML, like Gecko) Version/18.3 Mobile/15E148 Safari/604.1"
202.10.42.99 - - [24/Apr/2025:10:47:04 +0700] "GET /api/v1/agencies/ab7cf6f0-c70e-4402-9175-72fb1c1c7a62/jobs?page=2&limit=9 HTTP/1.1" 200 7133 "-" "node"
113.211.214.178 - - [24/Apr/2025:10:47:04 +0700] "GET /admin/job-vacancy?page=2&_rsc=1vdjw HTTP/1.1" 200 5053 "https://staging.bumimascitramandiri.com/admin/job-vacancy?page=3" "Mozilla/5.0 (iPhone; CPU iPhone OS 18_3_1 like Mac OS X) AppleWebKit/605.1.15 (KHTML, like Gecko) Version/18.3 Mobile/15E148 Safari/604.1"
113.211.214.178 - - [24/Apr/2025:10:47:04 +0700] "GET /images/icons/clock.svg HTTP/1.1" 304 0 "https://staging.bumimascitramandiri.com/admin/job-vacancy?page=3" "Mozilla/5.0 (iPhone; CPU iPhone OS 18_3_1 like Mac OS X) AppleWebKit/605.1.15 (KHTML, like Gecko) Version/18.3 Mobile/15E148 Safari/604.1"
113.211.214.178 - - [24/Apr/2025:10:47:04 +0700] "GET /images/icons/dot.svg HTTP/1.1" 304 0 "https://staging.bumimascitramandiri.com/admin/job-vacancy?page=3" "Mozilla/5.0 (iPhone; CPU iPhone OS 18_3_1 like Mac OS X) AppleWebKit/605.1.15 (KHTML, like Gecko) Version/18.3 Mobile/15E148 Safari/604.1"
113.211.214.178 - - [24/Apr/2025:10:47:04 +0700] "GET /images/icons/white-pencil.svg HTTP/1.1" 304 0 "https://staging.bumimascitramandiri.com/admin/job-vacancy?page=3" "Mozilla/5.0 (iPhone; CPU iPhone OS 18_3_1 like Mac OS X) AppleWebKit/605.1.15 (KHTML, like Gecko) Version/18.3 Mobile/15E148 Safari/604.1"
113.211.214.178 - - [24/Apr/2025:10:47:04 +0700] "GET /images/icons/lock.svg HTTP/1.1" 304 0 "https://staging.bumimascitramandiri.com/admin/job-vacancy?page=2" "Mozilla/5.0 (iPhone; CPU iPhone OS 18_3_1 like Mac OS X) AppleWebKit/605.1.15 (KHTML, like Gecko) Version/18.3 Mobile/15E148 Safari/604.1"
113.211.214.178 - - [24/Apr/2025:10:47:04 +0700] "GET /images/icons/pencil.svg HTTP/1.1" 304 0 "https://staging.bumimascitramandiri.com/admin/job-vacancy?page=2" "Mozilla/5.0 (iPhone; CPU iPhone OS 18_3_1 like Mac OS X) AppleWebKit/605.1.15 (KHTML, like Gecko) Version/18.3 Mobile/15E148 Safari/604.1"
113.211.214.178 - - [24/Apr/2025:10:47:04 +0700] "GET /images/icons/upload.svg HTTP/1.1" 304 0 "https://staging.bumimascitramandiri.com/admin/job-vacancy?page=2" "Mozilla/5.0 (iPhone; CPU iPhone OS 18_3_1 like Mac OS X) AppleWebKit/605.1.15 (KHTML, like Gecko) Version/18.3 Mobile/15E148 Safari/604.1"
113.211.214.178 - - [24/Apr/2025:10:47:04 +0700] "GET /_next/image?url=%2Fimages%2Ftrash.png&w=256&q=75 HTTP/1.1" 304 0 "https://staging.bumimascitramandiri.com/admin/job-vacancy?page=2" "Mozilla/5.0 (iPhone; CPU iPhone OS 18_3_1 like Mac OS X) AppleWebKit/605.1.15 (KHTML, like Gecko) Version/18.3 Mobile/15E148 Safari/604.1"
113.211.214.178 - - [24/Apr/2025:10:47:04 +0700] "GET /images/icons/trash.svg HTTP/1.1" 304 0 "https://staging.bumimascitramandiri.com/admin/job-vacancy?page=2" "Mozilla/5.0 (iPhone; CPU iPhone OS 18_3_1 like Mac OS X) AppleWebKit/605.1.15 (KHTML, like Gecko) Version/18.3 Mobile/15E148 Safari/604.1"
113.211.214.178 - - [24/Apr/2025:10:47:04 +0700] "GET /images/icons/cross-black.svg HTTP/1.1" 304 0 "https://staging.bumimascitramandiri.com/admin/job-vacancy?page=2" "Mozilla/5.0 (iPhone; CPU iPhone OS 18_3_1 like Mac OS X) AppleWebKit/605.1.15 (KHTML, like Gecko) Version/18.3 Mobile/15E148 Safari/604.1"
113.211.214.178 - - [24/Apr/2025:10:47:11 +0700] "GET /api/auth/session HTTP/1.1" 200 929 "https://staging.bumimascitramandiri.com/admin/job-vacancy?page=2" "Mozilla/5.0 (iPhone; CPU iPhone OS 18_3_1 like Mac OS X) AppleWebKit/605.1.15 (KHTML, like Gecko) Version/18.3 Mobile/15E148 Safari/604.1"
113.211.214.178 - - [24/Apr/2025:10:47:11 +0700] "GET /api/auth/session HTTP/1.1" 200 929 "https://staging.bumimascitramandiri.com/admin/job-vacancy?page=2" "Mozilla/5.0 (iPhone; CPU iPhone OS 18_3_1 like Mac OS X) AppleWebKit/605.1.15 (KHTML, like Gecko) Version/18.3 Mobile/15E148 Safari/604.1"
113.211.214.178 - - [24/Apr/2025:10:47:11 +0700] "OPTIONS /api/v1/agencies/ab7cf6f0-c70e-4402-9175-72fb1c1c7a62/jobs/1865d281-9594-4355-97df-f8e5a8fdcf57 HTTP/1.1" 204 0 "https://staging.bumimascitramandiri.com/" "Mozilla/5.0 (iPhone; CPU iPhone OS 18_3_1 like Mac OS X) AppleWebKit/605.1.15 (KHTML, like Gecko) Version/18.3 Mobile/15E148 Safari/604.1"
113.211.214.178 - - [24/Apr/2025:10:47:11 +0700] "PATCH /api/v1/agencies/ab7cf6f0-c70e-4402-9175-72fb1c1c7a62/jobs/1865d281-9594-4355-97df-f8e5a8fdcf57 HTTP/1.1" 200 21 "https://staging.bumimascitramandiri.com/" "Mozilla/5.0 (iPhone; CPU iPhone OS 18_3_1 like Mac OS X) AppleWebKit/605.1.15 (KHTML, like Gecko) Version/18.3 Mobile/15E148 Safari/604.1"
202.10.42.99 - - [24/Apr/2025:10:47:11 +0700] "GET /api/v1/agencies/ab7cf6f0-c70e-4402-9175-72fb1c1c7a62/jobs?page=2&limit=9 HTTP/1.1" 200 7131 "-" "node"
113.211.214.178 - - [24/Apr/2025:10:47:11 +0700] "GET /admin/job-vacancy?page=2&_rsc=56unk HTTP/1.1" 200 6466 "https://staging.bumimascitramandiri.com/admin/job-vacancy?page=2" "Mozilla/5.0 (iPhone; CPU iPhone OS 18_3_1 like Mac OS X) AppleWebKit/605.1.15 (KHTML, like Gecko) Version/18.3 Mobile/15E148 Safari/604.1"
113.211.214.178 - - [24/Apr/2025:10:47:12 +0700] "GET /images/icons/upload.svg HTTP/1.1" 304 0 "https://staging.bumimascitramandiri.com/admin/job-vacancy?page=2" "Mozilla/5.0 (iPhone; CPU iPhone OS 18_3_1 like Mac OS X) AppleWebKit/605.1.15 (KHTML, like Gecko) Version/18.3 Mobile/15E148 Safari/604.1"
113.211.214.178 - - [24/Apr/2025:10:47:12 +0700] "GET /images/icons/cross-black.svg HTTP/1.1" 304 0 "https://staging.bumimascitramandiri.com/admin/job-vacancy?page=2" "Mozilla/5.0 (iPhone; CPU iPhone OS 18_3_1 like Mac OS X) AppleWebKit/605.1.15 (KHTML, like Gecko) Version/18.3 Mobile/15E148 Safari/604.1"
113.211.214.178 - - [24/Apr/2025:10:47:12 +0700] "GET /images/icons/lock.svg HTTP/1.1" 304 0 "https://staging.bumimascitramandiri.com/admin/job-vacancy?page=2" "Mozilla/5.0 (iPhone; CPU iPhone OS 18_3_1 like Mac OS X) AppleWebKit/605.1.15 (KHTML, like Gecko) Version/18.3 Mobile/15E148 Safari/604.1"
154.81.156.34 - - [24/Apr/2025:10:47:16 +0700] "GET / HTTP/1.1" 444 0 "-" "Hello World/1.0"
202.10.42.99 - - [24/Apr/2025:10:47:23 +0700] "GET /api/v1/agencies/ab7cf6f0-c70e-4402-9175-72fb1c1c7a62/jobs?page=3&limit=9 HTTP/1.1" 200 3430 "-" "node"
113.211.214.178 - - [24/Apr/2025:10:47:23 +0700] "GET /admin/job-vacancy?page=3&_rsc=zjoys HTTP/1.1" 200 4458 "https://staging.bumimascitramandiri.com/admin/job-vacancy?page=2" "Mozilla/5.0 (iPhone; CPU iPhone OS 18_3_1 like Mac OS X) AppleWebKit/605.1.15 (KHTML, like Gecko) Version/18.3 Mobile/15E148 Safari/604.1"
113.211.214.178 - - [24/Apr/2025:10:47:23 +0700] "GET /images/icons/clock.svg HTTP/1.1" 304 0 "https://staging.bumimascitramandiri.com/admin/job-vacancy?page=2" "Mozilla/5.0 (iPhone; CPU iPhone OS 18_3_1 like Mac OS X) AppleWebKit/605.1.15 (KHTML, like Gecko) Version/18.3 Mobile/15E148 Safari/604.1"
113.211.214.178 - - [24/Apr/2025:10:47:23 +0700] "GET /images/icons/dot.svg HTTP/1.1" 304 0 "https://staging.bumimascitramandiri.com/admin/job-vacancy?page=2" "Mozilla/5.0 (iPhone; CPU iPhone OS 18_3_1 like Mac OS X) AppleWebKit/605.1.15 (KHTML, like Gecko) Version/18.3 Mobile/15E148 Safari/604.1"
113.211.214.178 - - [24/Apr/2025:10:47:23 +0700] "GET /images/icons/white-pencil.svg HTTP/1.1" 304 0 "https://staging.bumimascitramandiri.com/admin/job-vacancy?page=2" "Mozilla/5.0 (iPhone; CPU iPhone OS 18_3_1 like Mac OS X) AppleWebKit/605.1.15 (KHTML, like Gecko) Version/18.3 Mobile/15E148 Safari/604.1"
113.211.214.178 - - [24/Apr/2025:10:47:23 +0700] "GET /images/icons/lock.svg HTTP/1.1" 304 0 "https://staging.bumimascitramandiri.com/admin/job-vacancy?page=3" "Mozilla/5.0 (iPhone; CPU iPhone OS 18_3_1 like Mac OS X) AppleWebKit/605.1.15 (KHTML, like Gecko) Version/18.3 Mobile/15E148 Safari/604.1"
113.211.214.178 - - [24/Apr/2025:10:47:23 +0700] "GET /images/icons/upload.svg HTTP/1.1" 304 0 "https://staging.bumimascitramandiri.com/admin/job-vacancy?page=3" "Mozilla/5.0 (iPhone; CPU iPhone OS 18_3_1 like Mac OS X) AppleWebKit/605.1.15 (KHTML, like Gecko) Version/18.3 Mobile/15E148 Safari/604.1"
113.211.214.178 - - [24/Apr/2025:10:47:23 +0700] "GET /images/icons/cross-black.svg HTTP/1.1" 304 0 "https://staging.bumimascitramandiri.com/admin/job-vacancy?page=3" "Mozilla/5.0 (iPhone; CPU iPhone OS 18_3_1 like Mac OS X) AppleWebKit/605.1.15 (KHTML, like Gecko) Version/18.3 Mobile/15E148 Safari/604.1"
113.211.214.178 - - [24/Apr/2025:10:47:23 +0700] "GET /images/icons/trash.svg HTTP/1.1" 304 0 "https://staging.bumimascitramandiri.com/admin/job-vacancy?page=3" "Mozilla/5.0 (iPhone; CPU iPhone OS 18_3_1 like Mac OS X) AppleWebKit/605.1.15 (KHTML, like Gecko) Version/18.3 Mobile/15E148 Safari/604.1"
113.211.214.178 - - [24/Apr/2025:10:47:23 +0700] "GET /images/icons/pencil.svg HTTP/1.1" 304 0 "https://staging.bumimascitramandiri.com/admin/job-vacancy?page=3" "Mozilla/5.0 (iPhone; CPU iPhone OS 18_3_1 like Mac OS X) AppleWebKit/605.1.15 (KHTML, like Gecko) Version/18.3 Mobile/15E148 Safari/604.1"
113.211.214.178 - - [24/Apr/2025:10:47:30 +0700] "GET / HTTP/1.1" 307 13 "-" "Mozilla/5.0 (iPhone; CPU iPhone OS 18_3_1 like Mac OS X) AppleWebKit/605.1.15 (KHTML, like Gecko) Version/18.3 Mobile/15E148 Safari/604.1"
113.211.214.178 - - [24/Apr/2025:10:47:30 +0700] "GET /id HTTP/1.1" 200 13815 "-" "Mozilla/5.0 (iPhone; CPU iPhone OS 18_3_1 like Mac OS X) AppleWebKit/605.1.15 (KHTML, like Gecko) Version/18.3 Mobile/15E148 Safari/604.1"
113.211.214.178 - - [24/Apr/2025:10:47:30 +0700] "GET /_next/static/css/7e40168df8f31634.css HTTP/1.1" 200 4032 "https://staging.bumimascitramandiri.com/id" "Mozilla/5.0 (iPhone; CPU iPhone OS 18_3_1 like Mac OS X) AppleWebKit/605.1.15 (KHTML, like Gecko) Version/18.3 Mobile/15E148 Safari/604.1"
113.211.214.178 - - [24/Apr/2025:10:47:30 +0700] "GET /_next/static/chunks/app/%5Blocale%5D/(companyprofile)/layout-84cf37874d950fcd.js HTTP/1.1" 200 4761 "https://staging.bumimascitramandiri.com/id" "Mozilla/5.0 (iPhone; CPU iPhone OS 18_3_1 like Mac OS X) AppleWebKit/605.1.15 (KHTML, like Gecko) Version/18.3 Mobile/15E148 Safari/604.1"
113.211.214.178 - - [24/Apr/2025:10:47:30 +0700] "GET /_next/static/chunks/app/%5Blocale%5D/(companyprofile)/page-ebcfaad7562257b5.js HTTP/1.1" 200 162 "https://staging.bumimascitramandiri.com/id" "Mozilla/5.0 (iPhone; CPU iPhone OS 18_3_1 like Mac OS X) AppleWebKit/605.1.15 (KHTML, like Gecko) Version/18.3 Mobile/15E148 Safari/604.1"
113.211.214.178 - - [24/Apr/2025:10:47:30 +0700] "GET /_next/static/chunks/8291-088c13ec85adffa4.js HTTP/1.1" 200 4723 "https://staging.bumimascitramandiri.com/id" "Mozilla/5.0 (iPhone; CPU iPhone OS 18_3_1 like Mac OS X) AppleWebKit/605.1.15 (KHTML, like Gecko) Version/18.3 Mobile/15E148 Safari/604.1"
113.211.214.178 - - [24/Apr/2025:10:47:30 +0700] "GET /_next/static/chunks/6565-e1dc87caddf1b1ad.js HTTP/1.1" 200 22972 "https://staging.bumimascitramandiri.com/id" "Mozilla/5.0 (iPhone; CPU iPhone OS 18_3_1 like Mac OS X) AppleWebKit/605.1.15 (KHTML, like Gecko) Version/18.3 Mobile/15E148 Safari/604.1"
113.211.214.178 - - [24/Apr/2025:10:47:30 +0700] "GET /_next/image?url=%2Fimages%2Flogo.png&w=128&q=100 HTTP/1.1" 200 4286 "https://staging.bumimascitramandiri.com/id" "Mozilla/5.0 (iPhone; CPU iPhone OS 18_3_1 like Mac OS X) AppleWebKit/605.1.15 (KHTML, like Gecko) Version/18.3 Mobile/15E148 Safari/604.1"
113.211.214.178 - - [24/Apr/2025:10:47:30 +0700] "GET /_next/image?url=%2Fimages%2Fflag%2FID.png&w=48&q=75 HTTP/1.1" 200 290 "https://staging.bumimascitramandiri.com/id" "Mozilla/5.0 (iPhone; CPU iPhone OS 18_3_1 like Mac OS X) AppleWebKit/605.1.15 (KHTML, like Gecko) Version/18.3 Mobile/15E148 Safari/604.1"
113.211.214.178 - - [24/Apr/2025:10:47:30 +0700] "GET /_next/image?url=%2Fimages%2Fbanner-bg.png&w=2048&q=75 HTTP/1.1" 200 12536 "https://staging.bumimascitramandiri.com/id" "Mozilla/5.0 (iPhone; CPU iPhone OS 18_3_1 like Mac OS X) AppleWebKit/605.1.15 (KHTML, like Gecko) Version/18.3 Mobile/15E148 Safari/604.1"
113.211.214.178 - - [24/Apr/2025:10:47:30 +0700] "GET /_next/image?url=%2Fimages%2Fabout-merge.png&w=1080&q=75 HTTP/1.1" 200 22218 "https://staging.bumimascitramandiri.com/id" "Mozilla/5.0 (iPhone; CPU iPhone OS 18_3_1 like Mac OS X) AppleWebKit/605.1.15 (KHTML, like Gecko) Version/18.3 Mobile/15E148 Safari/604.1"
113.211.214.178 - - [24/Apr/2025:10:47:30 +0700] "GET /_next/image?url=%2Fimages%2Fuser-1.png&w=96&q=75 HTTP/1.1" 200 650 "https://staging.bumimascitramandiri.com/id" "Mozilla/5.0 (iPhone; CPU iPhone OS 18_3_1 like Mac OS X) AppleWebKit/605.1.15 (KHTML, like Gecko) Version/18.3 Mobile/15E148 Safari/604.1"
113.211.214.178 - - [24/Apr/2025:10:47:30 +0700] "GET /_next/image?url=%2Fimages%2Fvisi-misi.png&w=1200&q=75 HTTP/1.1" 200 20562 "https://staging.bumimascitramandiri.com/id" "Mozilla/5.0 (iPhone; CPU iPhone OS 18_3_1 like Mac OS X) AppleWebKit/605.1.15 (KHTML, like Gecko) Version/18.3 Mobile/15E148 Safari/604.1"
113.211.214.178 - - [24/Apr/2025:10:47:30 +0700] "GET /id/kontak-kami?_rsc=18bxy HTTP/1.1" 200 3279 "https://staging.bumimascitramandiri.com/id" "Mozilla/5.0 (iPhone; CPU iPhone OS 18_3_1 like Mac OS X) AppleWebKit/605.1.15 (KHTML, like Gecko) Version/18.3 Mobile/15E148 Safari/604.1"
113.211.214.178 - - [24/Apr/2025:10:47:30 +0700] "GET /_next/image?url=%2Fimages%2Fabout-merge.png&w=1080&q=75 HTTP/1.1" 200 22218 "https://staging.bumimascitramandiri.com/id" "Mozilla/5.0 (iPhone; CPU iPhone OS 18_3_1 like Mac OS X) AppleWebKit/605.1.15 (KHTML, like Gecko) Version/18.3 Mobile/15E148 Safari/604.1"
113.211.214.178 - - [24/Apr/2025:10:47:30 +0700] "GET /_next/image?url=%2Fimages%2Fbanner-bg.png&w=2048&q=75 HTTP/1.1" 200 12536 "https://staging.bumimascitramandiri.com/id" "Mozilla/5.0 (iPhone; CPU iPhone OS 18_3_1 like Mac OS X) AppleWebKit/605.1.15 (KHTML, like Gecko) Version/18.3 Mobile/15E148 Safari/604.1"
113.211.214.178 - - [24/Apr/2025:10:47:30 +0700] "GET /images/icons/align-right.svg HTTP/1.1" 200 228 "https://staging.bumimascitramandiri.com/id" "Mozilla/5.0 (iPhone; CPU iPhone OS 18_3_1 like Mac OS X) AppleWebKit/605.1.15 (KHTML, like Gecko) Version/18.3 Mobile/15E148 Safari/604.1"
113.211.214.178 - - [24/Apr/2025:10:47:30 +0700] "GET /_next/image?url=%2Fimages%2Fflag%2FID.png&w=48&q=75 HTTP/1.1" 200 290 "https://staging.bumimascitramandiri.com/id" "Mozilla/5.0 (iPhone; CPU iPhone OS 18_3_1 like Mac OS X) AppleWebKit/605.1.15 (KHTML, like Gecko) Version/18.3 Mobile/15E148 Safari/604.1"
113.211.214.178 - - [24/Apr/2025:10:47:30 +0700] "GET /_next/image?url=%2Fimages%2Fvisi-misi.png&w=1200&q=75 HTTP/1.1" 200 20562 "https://staging.bumimascitramandiri.com/id" "Mozilla/5.0 (iPhone; CPU iPhone OS 18_3_1 like Mac OS X) AppleWebKit/605.1.15 (KHTML, like Gecko) Version/18.3 Mobile/15E148 Safari/604.1"
113.211.214.178 - - [24/Apr/2025:10:47:31 +0700] "GET /_next/image?url=%2Fimages%2Fuser-1.png&w=96&q=75 HTTP/1.1" 200 650 "https://staging.bumimascitramandiri.com/id" "Mozilla/5.0 (iPhone; CPU iPhone OS 18_3_1 like Mac OS X) AppleWebKit/605.1.15 (KHTML, like Gecko) Version/18.3 Mobile/15E148 Safari/604.1"
113.211.214.178 - - [24/Apr/2025:10:47:31 +0700] "GET /_next/static/chunks/app/%5Blocale%5D/(companyprofile)/contact-us/page-8d43a711f41ebcf4.js HTTP/1.1" 200 1581 "https://staging.bumimascitramandiri.com/id" "Mozilla/5.0 (iPhone; CPU iPhone OS 18_3_1 like Mac OS X) AppleWebKit/605.1.15 (KHTML, like Gecko) Version/18.3 Mobile/15E148 Safari/604.1"
113.211.214.178 - - [24/Apr/2025:10:47:33 +0700] "GET /images/icons/cross.svg HTTP/1.1" 200 948 "https://staging.bumimascitramandiri.com/id" "Mozilla/5.0 (iPhone; CPU iPhone OS 18_3_1 like Mac OS X) AppleWebKit/605.1.15 (KHTML, like Gecko) Version/18.3 Mobile/15E148 Safari/604.1"
113.211.214.178 - - [24/Apr/2025:10:47:33 +0700] "GET /id/layanan?_rsc=18bxy HTTP/1.1" 200 4061 "https://staging.bumimascitramandiri.com/id" "Mozilla/5.0 (iPhone; CPU iPhone OS 18_3_1 like Mac OS X) AppleWebKit/605.1.15 (KHTML, like Gecko) Version/18.3 Mobile/15E148 Safari/604.1"
113.211.214.178 - - [24/Apr/2025:10:47:33 +0700] "GET /id/tentang-kami?_rsc=18bxy HTTP/1.1" 200 4443 "https://staging.bumimascitramandiri.com/id" "Mozilla/5.0 (iPhone; CPU iPhone OS 18_3_1 like Mac OS X) AppleWebKit/605.1.15 (KHTML, like Gecko) Version/18.3 Mobile/15E148 Safari/604.1"
113.211.214.178 - - [24/Apr/2025:10:47:33 +0700] "GET /id/lowongan?_rsc=18bxy HTTP/1.1" 200 1373 "https://staging.bumimascitramandiri.com/id" "Mozilla/5.0 (iPhone; CPU iPhone OS 18_3_1 like Mac OS X) AppleWebKit/605.1.15 (KHTML, like Gecko) Version/18.3 Mobile/15E148 Safari/604.1"
113.211.214.178 - - [24/Apr/2025:10:47:33 +0700] "GET /_next/static/chunks/app/%5Blocale%5D/(companyprofile)/service/page-9cf3da2e38a42498.js HTTP/1.1" 200 4820 "https://staging.bumimascitramandiri.com/id" "Mozilla/5.0 (iPhone; CPU iPhone OS 18_3_1 like Mac OS X) AppleWebKit/605.1.15 (KHTML, like Gecko) Version/18.3 Mobile/15E148 Safari/604.1"
113.211.214.178 - - [24/Apr/2025:10:47:33 +0700] "GET /_next/static/chunks/app/%5Blocale%5D/(companyprofile)/about-us/page-61185685fb69b2ec.js HTTP/1.1" 200 162 "https://staging.bumimascitramandiri.com/id" "Mozilla/5.0 (iPhone; CPU iPhone OS 18_3_1 like Mac OS X) AppleWebKit/605.1.15 (KHTML, like Gecko) Version/18.3 Mobile/15E148 Safari/604.1"
113.211.214.178 - - [24/Apr/2025:10:47:34 +0700] "GET /images/vector-footer.svg HTTP/1.1" 200 421 "https://staging.bumimascitramandiri.com/id" "Mozilla/5.0 (iPhone; CPU iPhone OS 18_3_1 like Mac OS X) AppleWebKit/605.1.15 (KHTML, like Gecko) Version/18.3 Mobile/15E148 Safari/604.1"
113.211.214.178 - - [24/Apr/2025:10:47:34 +0700] "GET /images/icons/tiktok-icon.svg HTTP/1.1" 200 896 "https://staging.bumimascitramandiri.com/id" "Mozilla/5.0 (iPhone; CPU iPhone OS 18_3_1 like Mac OS X) AppleWebKit/605.1.15 (KHTML, like Gecko) Version/18.3 Mobile/15E148 Safari/604.1"
202.10.42.99 - - [24/Apr/2025:10:47:34 +0700] "GET /api/v1/agencies/ab7cf6f0-c70e-4402-9175-72fb1c1c7a62/jobs?page=1&limit=9&status=ACTIVE HTTP/1.1" 200 8350 "-" "node"
113.211.214.178 - - [24/Apr/2025:10:47:34 +0700] "GET /id/lowongan?_rsc=sokpo HTTP/1.1" 200 3107 "https://staging.bumimascitramandiri.com/id" "Mozilla/5.0 (iPhone; CPU iPhone OS 18_3_1 like Mac OS X) AppleWebKit/605.1.15 (KHTML, like Gecko) Version/18.3 Mobile/15E148 Safari/604.1"
113.211.214.178 - - [24/Apr/2025:10:47:35 +0700] "GET /_next/static/chunks/app/%5Blocale%5D/(companyprofile)/vacancy/page-2a512594defce176.js HTTP/1.1" 200 8201 "https://staging.bumimascitramandiri.com/id/lowongan" "Mozilla/5.0 (iPhone; CPU iPhone OS 18_3_1 like Mac OS X) AppleWebKit/605.1.15 (KHTML, like Gecko) Version/18.3 Mobile/15E148 Safari/604.1"
113.211.214.178 - - [24/Apr/2025:10:47:35 +0700] "GET /images/icons/search.svg HTTP/1.1" 304 0 "https://staging.bumimascitramandiri.com/id/lowongan" "Mozilla/5.0 (iPhone; CPU iPhone OS 18_3_1 like Mac OS X) AppleWebKit/605.1.15 (KHTML, like Gecko) Version/18.3 Mobile/15E148 Safari/604.1"
113.211.214.178 - - [24/Apr/2025:10:47:35 +0700] "GET /_next/static/media/f10b8e9d91f3edcb.woff2 HTTP/1.1" 200 5496 "https://staging.bumimascitramandiri.com/id" "Mozilla/5.0 (iPhone; CPU iPhone OS 18_3_1 like Mac OS X) AppleWebKit/605.1.15 (KHTML, like Gecko) Version/18.3 Mobile/15E148 Safari/604.1"
113.211.214.178 - - [24/Apr/2025:10:47:35 +0700] "GET /images/icons/clock.svg HTTP/1.1" 304 0 "https://staging.bumimascitramandiri.com/id/lowongan" "Mozilla/5.0 (iPhone; CPU iPhone OS 18_3_1 like Mac OS X) AppleWebKit/605.1.15 (KHTML, like Gecko) Version/18.3 Mobile/15E148 Safari/604.1"
113.211.214.178 - - [24/Apr/2025:10:47:35 +0700] "GET /_next/image?url=%2Fimages%2Fvacancy-banner.png&w=1200&q=75 HTTP/1.1" 200 192058 "https://staging.bumimascitramandiri.com/id/lowongan" "Mozilla/5.0 (iPhone; CPU iPhone OS 18_3_1 like Mac OS X) AppleWebKit/605.1.15 (KHTML, like Gecko) Version/18.3 Mobile/15E148 Safari/604.1"
113.211.214.178 - - [24/Apr/2025:10:47:35 +0700] "GET /_next/static/media/fe0777f1195381cb.woff2 HTTP/1.1" 200 5640 "https://staging.bumimascitramandiri.com/id" "Mozilla/5.0 (iPhone; CPU iPhone OS 18_3_1 like Mac OS X) AppleWebKit/605.1.15 (KHTML, like Gecko) Version/18.3 Mobile/15E148 Safari/604.1"
113.211.214.178 - - [24/Apr/2025:10:47:35 +0700] "GET /id/lowongan/4b039341-ebad-4a5b-b9d7-1677a03b1804?_rsc=cair4 HTTP/1.1" 200 1445 "https://staging.bumimascitramandiri.com/id/lowongan" "Mozilla/5.0 (iPhone; CPU iPhone OS 18_3_1 like Mac OS X) AppleWebKit/605.1.15 (KHTML, like Gecko) Version/18.3 Mobile/15E148 Safari/604.1"
113.211.214.178 - - [24/Apr/2025:10:47:35 +0700] "GET /id/lowongan/0033300f-a7eb-443f-8ebd-649a49225fe3?_rsc=cair4 HTTP/1.1" 200 1444 "https://staging.bumimascitramandiri.com/id/lowongan" "Mozilla/5.0 (iPhone; CPU iPhone OS 18_3_1 like Mac OS X) AppleWebKit/605.1.15 (KHTML, like Gecko) Version/18.3 Mobile/15E148 Safari/604.1"
113.211.214.178 - - [24/Apr/2025:10:47:35 +0700] "GET /_next/static/media/6c9a125e97d835e1.woff2 HTTP/1.1" 200 5540 "https://staging.bumimascitramandiri.com/id" "Mozilla/5.0 (iPhone; CPU iPhone OS 18_3_1 like Mac OS X) AppleWebKit/605.1.15 (KHTML, like Gecko) Version/18.3 Mobile/15E148 Safari/604.1"
113.211.214.178 - - [24/Apr/2025:10:47:35 +0700] "GET /_next/static/media/7ede3623c9ddac57.woff2 HTTP/1.1" 200 5532 "https://staging.bumimascitramandiri.com/id" "Mozilla/5.0 (iPhone; CPU iPhone OS 18_3_1 like Mac OS X) AppleWebKit/605.1.15 (KHTML, like Gecko) Version/18.3 Mobile/15E148 Safari/604.1"
113.211.214.178 - - [24/Apr/2025:10:47:35 +0700] "GET /_next/static/media/f54d3b402c212b9e.woff2 HTTP/1.1" 200 5296 "https://staging.bumimascitramandiri.com/id" "Mozilla/5.0 (iPhone; CPU iPhone OS 18_3_1 like Mac OS X) AppleWebKit/605.1.15 (KHTML, like Gecko) Version/18.3 Mobile/15E148 Safari/604.1"
113.211.214.178 - - [24/Apr/2025:10:47:35 +0700] "GET /_next/static/media/c3bc380753a8436c.woff2 HTTP/1.1" 200 5552 "https://staging.bumimascitramandiri.com/id" "Mozilla/5.0 (iPhone; CPU iPhone OS 18_3_1 like Mac OS X) AppleWebKit/605.1.15 (KHTML, like Gecko) Version/18.3 Mobile/15E148 Safari/604.1"
113.211.214.178 - - [24/Apr/2025:10:47:35 +0700] "GET /_next/static/media/a1386beebedccca4.woff2 HTTP/1.1" 200 5448 "https://staging.bumimascitramandiri.com/id" "Mozilla/5.0 (iPhone; CPU iPhone OS 18_3_1 like Mac OS X) AppleWebKit/605.1.15 (KHTML, like Gecko) Version/18.3 Mobile/15E148 Safari/604.1"
113.211.214.178 - - [24/Apr/2025:10:47:35 +0700] "GET /_next/static/media/5fb25f343c7550ca.woff2 HTTP/1.1" 200 5484 "https://staging.bumimascitramandiri.com/id" "Mozilla/5.0 (iPhone; CPU iPhone OS 18_3_1 like Mac OS X) AppleWebKit/605.1.15 (KHTML, like Gecko) Version/18.3 Mobile/15E148 Safari/604.1"
113.211.214.178 - - [24/Apr/2025:10:47:35 +0700] "GET /_next/static/media/b8442747db2a9bad.woff2 HTTP/1.1" 200 5364 "https://staging.bumimascitramandiri.com/id" "Mozilla/5.0 (iPhone; CPU iPhone OS 18_3_1 like Mac OS X) AppleWebKit/605.1.15 (KHTML, like Gecko) Version/18.3 Mobile/15E148 Safari/604.1"
202.10.42.99 - - [24/Apr/2025:10:47:38 +0700] "GET /api/v1/agencies/ab7cf6f0-c70e-4402-9175-72fb1c1c7a62/jobs/4b039341-ebad-4a5b-b9d7-1677a03b1804 HTTP/1.1" 200 878 "-" "node"
113.211.214.178 - - [24/Apr/2025:10:47:38 +0700] "GET /id/lowongan/4b039341-ebad-4a5b-b9d7-1677a03b1804?_rsc=12fz7 HTTP/1.1" 200 2684 "https://staging.bumimascitramandiri.com/id/lowongan" "Mozilla/5.0 (iPhone; CPU iPhone OS 18_3_1 like Mac OS X) AppleWebKit/605.1.15 (KHTML, like Gecko) Version/18.3 Mobile/15E148 Safari/604.1"
113.211.214.178 - - [24/Apr/2025:10:47:38 +0700] "GET /_next/static/chunks/app/%5Blocale%5D/(companyprofile)/vacancy/%5Bid%5D/page-f40d20d85f70b478.js HTTP/1.1" 200 6184 "https://staging.bumimascitramandiri.com/id/lowongan/4b039341-ebad-4a5b-b9d7-1677a03b1804" "Mozilla/5.0 (iPhone; CPU iPhone OS 18_3_1 like Mac OS X) AppleWebKit/605.1.15 (KHTML, like Gecko) Version/18.3 Mobile/15E148 Safari/604.1"
113.211.214.178 - - [24/Apr/2025:10:47:39 +0700] "GET /images/icons/flag.svg HTTP/1.1" 200 308 "https://staging.bumimascitramandiri.com/id/lowongan/4b039341-ebad-4a5b-b9d7-1677a03b1804" "Mozilla/5.0 (iPhone; CPU iPhone OS 18_3_1 like Mac OS X) AppleWebKit/605.1.15 (KHTML, like Gecko) Version/18.3 Mobile/15E148 Safari/604.1"
113.211.214.178 - - [24/Apr/2025:10:47:39 +0700] "GET /images/icons/clock.svg HTTP/1.1" 304 0 "https://staging.bumimascitramandiri.com/id/lowongan/4b039341-ebad-4a5b-b9d7-1677a03b1804" "Mozilla/5.0 (iPhone; CPU iPhone OS 18_3_1 like Mac OS X) AppleWebKit/605.1.15 (KHTML, like Gecko) Version/18.3 Mobile/15E148 Safari/604.1"
113.211.214.178 - - [24/Apr/2025:10:47:39 +0700] "GET /images/icons/cross-black.svg HTTP/1.1" 304 0 "https://staging.bumimascitramandiri.com/id/lowongan/4b039341-ebad-4a5b-b9d7-1677a03b1804" "Mozilla/5.0 (iPhone; CPU iPhone OS 18_3_1 like Mac OS X) AppleWebKit/605.1.15 (KHTML, like Gecko) Version/18.3 Mobile/15E148 Safari/604.1"
113.211.214.178 - - [24/Apr/2025:10:48:15 +0700] "GET /_next/image?url=%2Fimages%2Fflag%2FEN.png&w=48&q=75 HTTP/1.1" 200 676 "https://staging.bumimascitramandiri.com/id/lowongan/4b039341-ebad-4a5b-b9d7-1677a03b1804" "Mozilla/5.0 (iPhone; CPU iPhone OS 18_3_1 like Mac OS X) AppleWebKit/605.1.15 (KHTML, like Gecko) Version/18.3 Mobile/15E148 Safari/604.1"
113.211.214.178 - - [24/Apr/2025:10:48:19 +0700] "GET /images/icons/align-right.svg HTTP/1.1" 304 0 "https://staging.bumimascitramandiri.com/id/lowongan/4b039341-ebad-4a5b-b9d7-1677a03b1804" "Mozilla/5.0 (iPhone; CPU iPhone OS 18_3_1 like Mac OS X) AppleWebKit/605.1.15 (KHTML, like Gecko) Version/18.3 Mobile/15E148 Safari/604.1"
202.10.42.99 - - [24/Apr/2025:10:48:21 +0700] "GET /api/v1/agencies/ab7cf6f0-c70e-4402-9175-72fb1c1c7a62/jobs/%5Bid%5D HTTP/1.1" 500 26 "-" "node"
113.211.214.178 - - [24/Apr/2025:10:48:21 +0700] "GET /en/vacancy/[id]?_rsc=18ov0 HTTP/1.1" 200 4350 "https://staging.bumimascitramandiri.com/id/lowongan/4b039341-ebad-4a5b-b9d7-1677a03b1804" "Mozilla/5.0 (iPhone; CPU iPhone OS 18_3_1 like Mac OS X) AppleWebKit/605.1.15 (KHTML, like Gecko) Version/18.3 Mobile/15E148 Safari/604.1"
113.211.214.178 - - [24/Apr/2025:10:48:21 +0700] "GET /_next/image?url=%2Fimages%2Fempty.png&w=640&q=75 HTTP/1.1" 200 6800 "https://staging.bumimascitramandiri.com/id/lowongan/4b039341-ebad-4a5b-b9d7-1677a03b1804" "Mozilla/5.0 (iPhone; CPU iPhone OS 18_3_1 like Mac OS X) AppleWebKit/605.1.15 (KHTML, like Gecko) Version/18.3 Mobile/15E148 Safari/604.1"
113.211.214.178 - - [24/Apr/2025:10:48:21 +0700] "GET /images/icons/align-right.svg HTTP/1.1" 304 0 "https://staging.bumimascitramandiri.com/id/lowongan/4b039341-ebad-4a5b-b9d7-1677a03b1804" "Mozilla/5.0 (iPhone; CPU iPhone OS 18_3_1 like Mac OS X) AppleWebKit/605.1.15 (KHTML, like Gecko) Version/18.3 Mobile/15E148 Safari/604.1"
113.211.214.178 - - [24/Apr/2025:10:48:21 +0700] "GET /images/icons/tiktok-icon.svg HTTP/1.1" 304 0 "https://staging.bumimascitramandiri.com/id/lowongan/4b039341-ebad-4a5b-b9d7-1677a03b1804" "Mozilla/5.0 (iPhone; CPU iPhone OS 18_3_1 like Mac OS X) AppleWebKit/605.1.15 (KHTML, like Gecko) Version/18.3 Mobile/15E148 Safari/604.1"
113.211.214.178 - - [24/Apr/2025:10:48:21 +0700] "GET /images/vector-footer.svg HTTP/1.1" 304 0 "https://staging.bumimascitramandiri.com/id/lowongan/4b039341-ebad-4a5b-b9d7-1677a03b1804" "Mozilla/5.0 (iPhone; CPU iPhone OS 18_3_1 like Mac OS X) AppleWebKit/605.1.15 (KHTML, like Gecko) Version/18.3 Mobile/15E148 Safari/604.1"
113.211.214.178 - - [24/Apr/2025:10:48:21 +0700] "GET /en?_rsc=1me6n HTTP/1.1" 200 5724 "https://staging.bumimascitramandiri.com/en/vacancy/[id]" "Mozilla/5.0 (iPhone; CPU iPhone OS 18_3_1 like Mac OS X) AppleWebKit/605.1.15 (KHTML, like Gecko) Version/18.3 Mobile/15E148 Safari/604.1"
113.211.214.178 - - [24/Apr/2025:10:48:23 +0700] "GET /images/icons/phone.svg HTTP/1.1" 200 720 "https://staging.bumimascitramandiri.com/id/lowongan/4b039341-ebad-4a5b-b9d7-1677a03b1804" "Mozilla/5.0 (iPhone; CPU iPhone OS 18_3_1 like Mac OS X) AppleWebKit/605.1.15 (KHTML, like Gecko) Version/18.3 Mobile/15E148 Safari/604.1"
113.211.214.178 - - [24/Apr/2025:10:48:23 +0700] "GET /images/icons/mail.svg HTTP/1.1" 200 498 "https://staging.bumimascitramandiri.com/id/lowongan/4b039341-ebad-4a5b-b9d7-1677a03b1804" "Mozilla/5.0 (iPhone; CPU iPhone OS 18_3_1 like Mac OS X) AppleWebKit/605.1.15 (KHTML, like Gecko) Version/18.3 Mobile/15E148 Safari/604.1"
113.211.214.178 - - [24/Apr/2025:10:48:23 +0700] "GET /images/icons/map-pin.svg HTTP/1.1" 200 797 "https://staging.bumimascitramandiri.com/id/lowongan/4b039341-ebad-4a5b-b9d7-1677a03b1804" "Mozilla/5.0 (iPhone; CPU iPhone OS 18_3_1 like Mac OS X) AppleWebKit/605.1.15 (KHTML, like Gecko) Version/18.3 Mobile/15E148 Safari/604.1"
113.211.214.178 - - [24/Apr/2025:10:48:23 +0700] "GET /en/about-us?_rsc=1me6n HTTP/1.1" 200 4457 "https://staging.bumimascitramandiri.com/en/vacancy/[id]" "Mozilla/5.0 (iPhone; CPU iPhone OS 18_3_1 like Mac OS X) AppleWebKit/605.1.15 (KHTML, like Gecko) Version/18.3 Mobile/15E148 Safari/604.1"
113.211.214.178 - - [24/Apr/2025:10:48:23 +0700] "GET /en/service?_rsc=1me6n HTTP/1.1" 200 4055 "https://staging.bumimascitramandiri.com/en/vacancy/[id]" "Mozilla/5.0 (iPhone; CPU iPhone OS 18_3_1 like Mac OS X) AppleWebKit/605.1.15 (KHTML, like Gecko) Version/18.3 Mobile/15E148 Safari/604.1"
202.10.42.99 - - [24/Apr/2025:10:48:25 +0700] "GET /api/v1/agencies/ab7cf6f0-c70e-4402-9175-72fb1c1c7a62/jobs/%5Bid%5D HTTP/1.1" 500 26 "-" "node"
113.211.214.178 - - [24/Apr/2025:10:48:25 +0700] "GET /id/lowongan/[id]?_rsc=1doq1 HTTP/1.1" 200 4364 "https://staging.bumimascitramandiri.com/en/vacancy/[id]" "Mozilla/5.0 (iPhone; CPU iPhone OS 18_3_1 like Mac OS X) AppleWebKit/605.1.15 (KHTML, like Gecko) Version/18.3 Mobile/15E148 Safari/604.1"
113.211.214.178 - - [24/Apr/2025:10:48:26 +0700] "GET /images/icons/tiktok-icon.svg HTTP/1.1" 304 0 "https://staging.bumimascitramandiri.com/en/vacancy/[id]" "Mozilla/5.0 (iPhone; CPU iPhone OS 18_3_1 like Mac OS X) AppleWebKit/605.1.15 (KHTML, like Gecko) Version/18.3 Mobile/15E148 Safari/604.1"
113.211.214.178 - - [24/Apr/2025:10:48:26 +0700] "GET /images/vector-footer.svg HTTP/1.1" 304 0 "https://staging.bumimascitramandiri.com/en/vacancy/[id]" "Mozilla/5.0 (iPhone; CPU iPhone OS 18_3_1 like Mac OS X) AppleWebKit/605.1.15 (KHTML, like Gecko) Version/18.3 Mobile/15E148 Safari/604.1"
113.211.214.178 - - [24/Apr/2025:10:48:26 +0700] "GET /images/icons/align-right.svg HTTP/1.1" 304 0 "https://staging.bumimascitramandiri.com/en/vacancy/[id]" "Mozilla/5.0 (iPhone; CPU iPhone OS 18_3_1 like Mac OS X) AppleWebKit/605.1.15 (KHTML, like Gecko) Version/18.3 Mobile/15E148 Safari/604.1"
113.211.214.178 - - [24/Apr/2025:10:48:30 +0700] "GET /_next/static/css/2f806ef1beedf8c1.css HTTP/1.1" 200 398 "https://staging.bumimascitramandiri.com/id/lowongan/[id]" "Mozilla/5.0 (iPhone; CPU iPhone OS 18_3_1 like Mac OS X) AppleWebKit/605.1.15 (KHTML, like Gecko) Version/18.3 Mobile/15E148 Safari/604.1"
113.211.214.178 - - [24/Apr/2025:10:48:30 +0700] "GET /images/icons/noto-world-map.svg HTTP/1.1" 200 7966 "https://staging.bumimascitramandiri.com/id/lowongan/[id]" "Mozilla/5.0 (iPhone; CPU iPhone OS 18_3_1 like Mac OS X) AppleWebKit/605.1.15 (KHTML, like Gecko) Version/18.3 Mobile/15E148 Safari/604.1"
113.211.214.178 - - [24/Apr/2025:10:48:30 +0700] "GET /_next/image?url=%2Fimages%2Fflag%2FSG.png&w=128&q=75 HTTP/1.1" 200 846 "https://staging.bumimascitramandiri.com/id/lowongan/[id]" "Mozilla/5.0 (iPhone; CPU iPhone OS 18_3_1 like Mac OS X) AppleWebKit/605.1.15 (KHTML, like Gecko) Version/18.3 Mobile/15E148 Safari/604.1"
113.211.214.178 - - [24/Apr/2025:10:48:30 +0700] "GET /_next/image?url=%2Fimages%2Fflag%2FTW.png&w=128&q=75 HTTP/1.1" 200 934 "https://staging.bumimascitramandiri.com/id/lowongan/[id]" "Mozilla/5.0 (iPhone; CPU iPhone OS 18_3_1 like Mac OS X) AppleWebKit/605.1.15 (KHTML, like Gecko) Version/18.3 Mobile/15E148 Safari/604.1"
113.211.214.178 - - [24/Apr/2025:10:48:30 +0700] "GET /_next/image?url=%2Fimages%2Fflag%2FMY.png&w=128&q=75 HTTP/1.1" 200 1166 "https://staging.bumimascitramandiri.com/id/lowongan/[id]" "Mozilla/5.0 (iPhone; CPU iPhone OS 18_3_1 like Mac OS X) AppleWebKit/605.1.15 (KHTML, like Gecko) Version/18.3 Mobile/15E148 Safari/604.1"
113.211.214.178 - - [24/Apr/2025:10:48:30 +0700] "GET /_next/image?url=%2Fimages%2Fflag%2FHK.png&w=128&q=75 HTTP/1.1" 200 1060 "https://staging.bumimascitramandiri.com/id/lowongan/[id]" "Mozilla/5.0 (iPhone; CPU iPhone OS 18_3_1 like Mac OS X) AppleWebKit/605.1.15 (KHTML, like Gecko) Version/18.3 Mobile/15E148 Safari/604.1"
113.211.214.178 - - [24/Apr/2025:10:48:30 +0700] "GET /_next/image?url=%2Fimages%2Fflag%2FPL.png&w=128&q=75 HTTP/1.1" 200 606 "https://staging.bumimascitramandiri.com/id/lowongan/[id]" "Mozilla/5.0 (iPhone; CPU iPhone OS 18_3_1 like Mac OS X) AppleWebKit/605.1.15 (KHTML, like Gecko) Version/18.3 Mobile/15E148 Safari/604.1"
113.211.214.178 - - [24/Apr/2025:10:48:30 +0700] "GET /_next/image?url=%2Fimages%2Fflag%2FHU.png&w=128&q=75 HTTP/1.1" 200 724 "https://staging.bumimascitramandiri.com/id/lowongan/[id]" "Mozilla/5.0 (iPhone; CPU iPhone OS 18_3_1 like Mac OS X) AppleWebKit/605.1.15 (KHTML, like Gecko) Version/18.3 Mobile/15E148 Safari/604.1"
113.211.214.178 - - [24/Apr/2025:10:48:30 +0700] "GET /_next/image?url=%2Fimages%2Fflag%2FCZ.png&w=128&q=75 HTTP/1.1" 200 776 "https://staging.bumimascitramandiri.com/id/lowongan/[id]" "Mozilla/5.0 (iPhone; CPU iPhone OS 18_3_1 like Mac OS X) AppleWebKit/605.1.15 (KHTML, like Gecko) Version/18.3 Mobile/15E148 Safari/604.1"
113.211.214.178 - - [24/Apr/2025:10:48:30 +0700] "GET /_next/image?url=%2Fimages%2Fflag%2FSK.png&w=128&q=75 HTTP/1.1" 200 1008 "https://staging.bumimascitramandiri.com/id/lowongan/[id]" "Mozilla/5.0 (iPhone; CPU iPhone OS 18_3_1 like Mac OS X) AppleWebKit/605.1.15 (KHTML, like Gecko) Version/18.3 Mobile/15E148 Safari/604.1"
113.211.214.178 - - [24/Apr/2025:10:48:30 +0700] "GET /_next/image?url=%2Fimages%2Fflag%2FSA.png&w=128&q=75 HTTP/1.1" 200 902 "https://staging.bumimascitramandiri.com/id/lowongan/[id]" "Mozilla/5.0 (iPhone; CPU iPhone OS 18_3_1 like Mac OS X) AppleWebKit/605.1.15 (KHTML, like Gecko) Version/18.3 Mobile/15E148 Safari/604.1"
113.211.214.178 - - [24/Apr/2025:10:48:30 +0700] "GET /_next/image?url=%2Fimages%2Fflag%2FTR.png&w=128&q=75 HTTP/1.1" 200 956 "https://staging.bumimascitramandiri.com/id/lowongan/[id]" "Mozilla/5.0 (iPhone; CPU iPhone OS 18_3_1 like Mac OS X) AppleWebKit/605.1.15 (KHTML, like Gecko) Version/18.3 Mobile/15E148 Safari/604.1"
113.211.214.178 - - [24/Apr/2025:10:48:30 +0700] "GET /_next/image?url=%2Fimages%2Fplacement.png&w=1920&q=75 HTTP/1.1" 200 69514 "https://staging.bumimascitramandiri.com/id/lowongan/[id]" "Mozilla/5.0 (iPhone; CPU iPhone OS 18_3_1 like Mac OS X) AppleWebKit/605.1.15 (KHTML, like Gecko) Version/18.3 Mobile/15E148 Safari/604.1"
113.211.214.178 - - [24/Apr/2025:10:48:31 +0700] "GET /images/icons/language-full.svg HTTP/1.1" 200 1052 "https://staging.bumimascitramandiri.com/id/lowongan/[id]" "Mozilla/5.0 (iPhone; CPU iPhone OS 18_3_1 like Mac OS X) AppleWebKit/605.1.15 (KHTML, like Gecko) Version/18.3 Mobile/15E148 Safari/604.1"
113.211.214.178 - - [24/Apr/2025:10:48:31 +0700] "GET /images/icons/doc-success.svg HTTP/1.1" 200 796 "https://staging.bumimascitramandiri.com/id/lowongan/[id]" "Mozilla/5.0 (iPhone; CPU iPhone OS 18_3_1 like Mac OS X) AppleWebKit/605.1.15 (KHTML, like Gecko) Version/18.3 Mobile/15E148 Safari/604.1"
113.211.214.178 - - [24/Apr/2025:10:48:31 +0700] "GET /images/icons/health-data.svg HTTP/1.1" 200 1250 "https://staging.bumimascitramandiri.com/id/lowongan/[id]" "Mozilla/5.0 (iPhone; CPU iPhone OS 18_3_1 like Mac OS X) AppleWebKit/605.1.15 (KHTML, like Gecko) Version/18.3 Mobile/15E148 Safari/604.1"
113.211.214.178 - - [24/Apr/2025:10:48:31 +0700] "GET /images/icons/health-training.svg HTTP/1.1" 200 1568 "https://staging.bumimascitramandiri.com/id/lowongan/[id]" "Mozilla/5.0 (iPhone; CPU iPhone OS 18_3_1 like Mac OS X) AppleWebKit/605.1.15 (KHTML, like Gecko) Version/18.3 Mobile/15E148 Safari/604.1"
113.211.214.178 - - [24/Apr/2025:10:48:31 +0700] "GET /images/icons/global.svg HTTP/1.1" 200 1299 "https://staging.bumimascitramandiri.com/id/lowongan/[id]" "Mozilla/5.0 (iPhone; CPU iPhone OS 18_3_1 like Mac OS X) AppleWebKit/605.1.15 (KHTML, like Gecko) Version/18.3 Mobile/15E148 Safari/604.1"
202.10.42.99 - - [24/Apr/2025:10:48:35 +0700] "GET /api/v1/agencies/ab7cf6f0-c70e-4402-9175-72fb1c1c7a62/jobs?page=1&limit=9&status=ACTIVE HTTP/1.1" 200 8350 "-" "node"
113.211.214.178 - - [24/Apr/2025:10:48:35 +0700] "GET /id/lowongan?_rsc=sokpo HTTP/1.1" 200 3081 "https://staging.bumimascitramandiri.com/id/layanan" "Mozilla/5.0 (iPhone; CPU iPhone OS 18_3_1 like Mac OS X) AppleWebKit/605.1.15 (KHTML, like Gecko) Version/18.3 Mobile/15E148 Safari/604.1"
113.211.214.178 - - [24/Apr/2025:10:48:35 +0700] "GET /_next/image?url=%2Fimages%2Fvacancy-banner.png&w=1200&q=75 HTTP/1.1" 304 0 "https://staging.bumimascitramandiri.com/id/lowongan" "Mozilla/5.0 (iPhone; CPU iPhone OS 18_3_1 like Mac OS X) AppleWebKit/605.1.15 (KHTML, like Gecko) Version/18.3 Mobile/15E148 Safari/604.1"
113.211.214.178 - - [24/Apr/2025:10:48:35 +0700] "GET /images/icons/search.svg HTTP/1.1" 304 0 "https://staging.bumimascitramandiri.com/id/lowongan" "Mozilla/5.0 (iPhone; CPU iPhone OS 18_3_1 like Mac OS X) AppleWebKit/605.1.15 (KHTML, like Gecko) Version/18.3 Mobile/15E148 Safari/604.1"
113.211.214.178 - - [24/Apr/2025:10:48:35 +0700] "GET /images/icons/clock.svg HTTP/1.1" 304 0 "https://staging.bumimascitramandiri.com/id/lowongan" "Mozilla/5.0 (iPhone; CPU iPhone OS 18_3_1 like Mac OS X) AppleWebKit/605.1.15 (KHTML, like Gecko) Version/18.3 Mobile/15E148 Safari/604.1"
113.211.214.178 - - [24/Apr/2025:10:48:37 +0700] "GET /_next/image?url=%2Fimages%2Fflag%2FID.png&w=48&q=75 HTTP/1.1" 304 0 "https://staging.bumimascitramandiri.com/id/lowongan" "Mozilla/5.0 (iPhone; CPU iPhone OS 18_3_1 like Mac OS X) AppleWebKit/605.1.15 (KHTML, like Gecko) Version/18.3 Mobile/15E148 Safari/604.1"
202.10.42.99 - - [24/Apr/2025:10:48:38 +0700] "GET /api/v1/agencies/ab7cf6f0-c70e-4402-9175-72fb1c1c7a62/jobs?page=1&limit=9&status=ACTIVE HTTP/1.1" 200 8357 "-" "node"
113.211.214.178 - - [24/Apr/2025:10:48:38 +0700] "GET /en/vacancy?_rsc=1s16v HTTP/1.1" 200 5492 "https://staging.bumimascitramandiri.com/id/lowongan" "Mozilla/5.0 (iPhone; CPU iPhone OS 18_3_1 like Mac OS X) AppleWebKit/605.1.15 (KHTML, like Gecko) Version/18.3 Mobile/15E148 Safari/604.1"
113.211.214.178 - - [24/Apr/2025:10:48:38 +0700] "GET /_next/image?url=%2Fimages%2Flogo.png&w=128&q=100 HTTP/1.1" 304 0 "https://staging.bumimascitramandiri.com/id/lowongan" "Mozilla/5.0 (iPhone; CPU iPhone OS 18_3_1 like Mac OS X) AppleWebKit/605.1.15 (KHTML, like Gecko) Version/18.3 Mobile/15E148 Safari/604.1"
113.211.214.178 - - [24/Apr/2025:10:48:38 +0700] "GET /images/icons/clock.svg HTTP/1.1" 304 0 "https://staging.bumimascitramandiri.com/id/lowongan" "Mozilla/5.0 (iPhone; CPU iPhone OS 18_3_1 like Mac OS X) AppleWebKit/605.1.15 (KHTML, like Gecko) Version/18.3 Mobile/15E148 Safari/604.1"
113.211.214.178 - - [24/Apr/2025:10:48:38 +0700] "GET /images/icons/search.svg HTTP/1.1" 304 0 "https://staging.bumimascitramandiri.com/id/lowongan" "Mozilla/5.0 (iPhone; CPU iPhone OS 18_3_1 like Mac OS X) AppleWebKit/605.1.15 (KHTML, like Gecko) Version/18.3 Mobile/15E148 Safari/604.1"
113.211.214.178 - - [24/Apr/2025:10:48:38 +0700] "GET /images/icons/align-right.svg HTTP/1.1" 304 0 "https://staging.bumimascitramandiri.com/id/lowongan" "Mozilla/5.0 (iPhone; CPU iPhone OS 18_3_1 like Mac OS X) AppleWebKit/605.1.15 (KHTML, like Gecko) Version/18.3 Mobile/15E148 Safari/604.1"
113.211.214.178 - - [24/Apr/2025:10:48:38 +0700] "GET /en/vacancy/0033300f-a7eb-443f-8ebd-649a49225fe3?_rsc=1bjmp HTTP/1.1" 200 1447 "https://staging.bumimascitramandiri.com/en/vacancy" "Mozilla/5.0 (iPhone; CPU iPhone OS 18_3_1 like Mac OS X) AppleWebKit/605.1.15 (KHTML, like Gecko) Version/18.3 Mobile/15E148 Safari/604.1"
113.211.214.178 - - [24/Apr/2025:10:48:38 +0700] "GET /en/vacancy/4b039341-ebad-4a5b-b9d7-1677a03b1804?_rsc=1bjmp HTTP/1.1" 200 1447 "https://staging.bumimascitramandiri.com/en/vacancy" "Mozilla/5.0 (iPhone; CPU iPhone OS 18_3_1 like Mac OS X) AppleWebKit/605.1.15 (KHTML, like Gecko) Version/18.3 Mobile/15E148 Safari/604.1"
113.211.214.178 - - [24/Apr/2025:10:48:44 +0700] "GET /en/contact-us?_rsc=1bjmp HTTP/1.1" 200 3276 "https://staging.bumimascitramandiri.com/en/vacancy" "Mozilla/5.0 (iPhone; CPU iPhone OS 18_3_1 like Mac OS X) AppleWebKit/605.1.15 (KHTML, like Gecko) Version/18.3 Mobile/15E148 Safari/604.1"
113.211.214.178 - - [24/Apr/2025:10:48:50 +0700] "GET /images/icons/clock.svg HTTP/1.1" 304 0 "https://staging.bumimascitramandiri.com/en/vacancy" "Mozilla/5.0 (iPhone; CPU iPhone OS 18_3_1 like Mac OS X) AppleWebKit/605.1.15 (KHTML, like Gecko) Version/18.3 Mobile/15E148 Safari/604.1"
113.211.214.178 - - [24/Apr/2025:10:48:50 +0700] "GET /images/icons/align-right.svg HTTP/1.1" 304 0 "https://staging.bumimascitramandiri.com/en/vacancy" "Mozilla/5.0 (iPhone; CPU iPhone OS 18_3_1 like Mac OS X) AppleWebKit/605.1.15 (KHTML, like Gecko) Version/18.3 Mobile/15E148 Safari/604.1"
113.211.214.178 - - [24/Apr/2025:10:48:50 +0700] "GET /images/icons/search.svg HTTP/1.1" 304 0 "https://staging.bumimascitramandiri.com/en/vacancy" "Mozilla/5.0 (iPhone; CPU iPhone OS 18_3_1 like Mac OS X) AppleWebKit/605.1.15 (KHTML, like Gecko) Version/18.3 Mobile/15E148 Safari/604.1"
113.211.214.178 - - [24/Apr/2025:10:48:53 +0700] "GET /id/lowongan/82d0ef9e-2cf6-4433-970e-04fd03d79f29?_rsc=35myn HTTP/1.1" 200 1444 "https://staging.bumimascitramandiri.com/id/lowongan" "Mozilla/5.0 (iPhone; CPU iPhone OS 18_3_1 like Mac OS X) AppleWebKit/605.1.15 (KHTML, like Gecko) Version/18.3 Mobile/15E148 Safari/604.1"
113.211.214.178 - - [24/Apr/2025:10:48:53 +0700] "GET /id/lowongan/1865d281-9594-4355-97df-f8e5a8fdcf57?_rsc=35myn HTTP/1.1" 200 1446 "https://staging.bumimascitramandiri.com/id/lowongan" "Mozilla/5.0 (iPhone; CPU iPhone OS 18_3_1 like Mac OS X) AppleWebKit/605.1.15 (KHTML, like Gecko) Version/18.3 Mobile/15E148 Safari/604.1"
113.211.214.178 - - [24/Apr/2025:10:48:59 +0700] "GET /images/icons/search.svg HTTP/1.1" 304 0 "https://staging.bumimascitramandiri.com/id/lowongan" "Mozilla/5.0 (iPhone; CPU iPhone OS 18_3_1 like Mac OS X) AppleWebKit/605.1.15 (KHTML, like Gecko) Version/18.3 Mobile/15E148 Safari/604.1"
113.211.214.178 - - [24/Apr/2025:10:48:59 +0700] "GET /images/icons/align-right.svg HTTP/1.1" 304 0 "https://staging.bumimascitramandiri.com/id/lowongan" "Mozilla/5.0 (iPhone; CPU iPhone OS 18_3_1 like Mac OS X) AppleWebKit/605.1.15 (KHTML, like Gecko) Version/18.3 Mobile/15E148 Safari/604.1"
113.211.214.178 - - [24/Apr/2025:10:48:59 +0700] "GET /images/icons/clock.svg HTTP/1.1" 304 0 "https://staging.bumimascitramandiri.com/id/lowongan" "Mozilla/5.0 (iPhone; CPU iPhone OS 18_3_1 like Mac OS X) AppleWebKit/605.1.15 (KHTML, like Gecko) Version/18.3 Mobile/15E148 Safari/604.1"
113.211.214.178 - - [24/Apr/2025:10:49:12 +0700] "GET /_next/image?url=%2Fimages%2Fuser-1.png&w=96&q=75 HTTP/1.1" 304 0 "https://staging.bumimascitramandiri.com/en/vacancy" "Mozilla/5.0 (iPhone; CPU iPhone OS 18_3_1 like Mac OS X) AppleWebKit/605.1.15 (KHTML, like Gecko) Version/18.3 Mobile/15E148 Safari/604.1"
113.211.214.178 - - [24/Apr/2025:10:49:12 +0700] "GET /images/icons/worker-office.svg HTTP/1.1" 200 2101 "https://staging.bumimascitramandiri.com/en/vacancy" "Mozilla/5.0 (iPhone; CPU iPhone OS 18_3_1 like Mac OS X) AppleWebKit/605.1.15 (KHTML, like Gecko) Version/18.3 Mobile/15E148 Safari/604.1"
113.211.214.178 - - [24/Apr/2025:10:49:12 +0700] "GET /_next/image?url=%2Fimages%2Fvisi-misi-2.png&w=1200&q=75 HTTP/1.1" 200 29648 "https://staging.bumimascitramandiri.com/en/vacancy" "Mozilla/5.0 (iPhone; CPU iPhone OS 18_3_1 like Mac OS X) AppleWebKit/605.1.15 (KHTML, like Gecko) Version/18.3 Mobile/15E148 Safari/604.1"
113.211.214.178 - - [24/Apr/2025:10:49:15 +0700] "GET /images/icons/star.svg HTTP/1.1" 200 227 "https://staging.bumimascitramandiri.com/en/vacancy" "Mozilla/5.0 (iPhone; CPU iPhone OS 18_3_1 like Mac OS X) AppleWebKit/605.1.15 (KHTML, like Gecko) Version/18.3 Mobile/15E148 Safari/604.1"
113.211.214.178 - - [24/Apr/2025:10:49:16 +0700] "GET /images/icons/misi-1.svg HTTP/1.1" 200 592 "https://staging.bumimascitramandiri.com/en/vacancy" "Mozilla/5.0 (iPhone; CPU iPhone OS 18_3_1 like Mac OS X) AppleWebKit/605.1.15 (KHTML, like Gecko) Version/18.3 Mobile/15E148 Safari/604.1"
113.211.214.178 - - [24/Apr/2025:10:49:16 +0700] "GET /images/icons/misi-2.svg HTTP/1.1" 200 722 "https://staging.bumimascitramandiri.com/en/vacancy" "Mozilla/5.0 (iPhone; CPU iPhone OS 18_3_1 like Mac OS X) AppleWebKit/605.1.15 (KHTML, like Gecko) Version/18.3 Mobile/15E148 Safari/604.1"
113.211.214.178 - - [24/Apr/2025:10:49:16 +0700] "GET /images/icons/misi-3.svg HTTP/1.1" 200 930 "https://staging.bumimascitramandiri.com/en/vacancy" "Mozilla/5.0 (iPhone; CPU iPhone OS 18_3_1 like Mac OS X) AppleWebKit/605.1.15 (KHTML, like Gecko) Version/18.3 Mobile/15E148 Safari/604.1"
113.211.214.178 - - [24/Apr/2025:10:49:16 +0700] "GET /images/icons/fluent-emoji-handshake.svg HTTP/1.1" 200 5013 "https://staging.bumimascitramandiri.com/en/vacancy" "Mozilla/5.0 (iPhone; CPU iPhone OS 18_3_1 like Mac OS X) AppleWebKit/605.1.15 (KHTML, like Gecko) Version/18.3 Mobile/15E148 Safari/604.1"
113.211.214.178 - - [24/Apr/2025:10:49:16 +0700] "GET /images/icons/discovery.svg HTTP/1.1" 200 622 "https://staging.bumimascitramandiri.com/en/vacancy" "Mozilla/5.0 (iPhone; CPU iPhone OS 18_3_1 like Mac OS X) AppleWebKit/605.1.15 (KHTML, like Gecko) Version/18.3 Mobile/15E148 Safari/604.1"
113.211.214.178 - - [24/Apr/2025:10:49:16 +0700] "GET /images/icons/document.svg HTTP/1.1" 200 587 "https://staging.bumimascitramandiri.com/en/vacancy" "Mozilla/5.0 (iPhone; CPU iPhone OS 18_3_1 like Mac OS X) AppleWebKit/605.1.15 (KHTML, like Gecko) Version/18.3 Mobile/15E148 Safari/604.1"
113.211.214.178 - - [24/Apr/2025:10:49:18 +0700] "GET /_next/image?url=%2Fimages%2FKeke-Komisioner.jpg&w=640&q=75 HTTP/1.1" 200 21452 "https://staging.bumimascitramandiri.com/en/vacancy" "Mozilla/5.0 (iPhone; CPU iPhone OS 18_3_1 like Mac OS X) AppleWebKit/605.1.15 (KHTML, like Gecko) Version/18.3 Mobile/15E148 Safari/604.1"
113.211.214.178 - - [24/Apr/2025:10:49:18 +0700] "GET /_next/image?url=%2Fimages%2FNuhung-Direktur.jpg&w=640&q=75 HTTP/1.1" 200 32856 "https://staging.bumimascitramandiri.com/en/vacancy" "Mozilla/5.0 (iPhone; CPU iPhone OS 18_3_1 like Mac OS X) AppleWebKit/605.1.15 (KHTML, like Gecko) Version/18.3 Mobile/15E148 Safari/604.1"
113.211.214.178 - - [24/Apr/2025:10:49:18 +0700] "GET /images/vector-footer.svg HTTP/1.1" 304 0 "https://staging.bumimascitramandiri.com/id/lowongan" "Mozilla/5.0 (iPhone; CPU iPhone OS 18_3_1 like Mac OS X) AppleWebKit/605.1.15 (KHTML, like Gecko) Version/18.3 Mobile/15E148 Safari/604.1"
113.211.214.178 - - [24/Apr/2025:10:49:18 +0700] "GET /_next/image?url=%2Fimages%2Fworld-map.png&w=1200&q=75 HTTP/1.1" 200 111012 "https://staging.bumimascitramandiri.com/en/vacancy" "Mozilla/5.0 (iPhone; CPU iPhone OS 18_3_1 like Mac OS X) AppleWebKit/605.1.15 (KHTML, like Gecko) Version/18.3 Mobile/15E148 Safari/604.1"
113.211.214.178 - - [24/Apr/2025:10:49:18 +0700] "GET /images/icons/structure.svg HTTP/1.1" 200 1063 "https://staging.bumimascitramandiri.com/en/vacancy" "Mozilla/5.0 (iPhone; CPU iPhone OS 18_3_1 like Mac OS X) AppleWebKit/605.1.15 (KHTML, like Gecko) Version/18.3 Mobile/15E148 Safari/604.1"
113.211.214.178 - - [24/Apr/2025:10:49:19 +0700] "GET /images/icons/tiktok-icon.svg HTTP/1.1" 304 0 "https://staging.bumimascitramandiri.com/id/lowongan" "Mozilla/5.0 (iPhone; CPU iPhone OS 18_3_1 like Mac OS X) AppleWebKit/605.1.15 (KHTML, like Gecko) Version/18.3 Mobile/15E148 Safari/604.1"
113.211.214.178 - - [24/Apr/2025:10:49:19 +0700] "GET /images/icons/phone.svg HTTP/1.1" 304 0 "https://staging.bumimascitramandiri.com/id/lowongan" "Mozilla/5.0 (iPhone; CPU iPhone OS 18_3_1 like Mac OS X) AppleWebKit/605.1.15 (KHTML, like Gecko) Version/18.3 Mobile/15E148 Safari/604.1"
113.211.214.178 - - [24/Apr/2025:10:49:19 +0700] "GET /images/icons/mail.svg HTTP/1.1" 304 0 "https://staging.bumimascitramandiri.com/id/lowongan" "Mozilla/5.0 (iPhone; CPU iPhone OS 18_3_1 like Mac OS X) AppleWebKit/605.1.15 (KHTML, like Gecko) Version/18.3 Mobile/15E148 Safari/604.1"
