113.211.214.178 - - [24/Apr/2025:10:56:12 +0700] "GET /_next/image?url=%2Fimages%2Flogo.png&w=128&q=100 HTTP/1.1" 304 0 "https://staging.bumimascitramandiri.com/id" "Mozilla/5.0 (iPhone; CPU iPhone OS 18_3_1 like Mac OS X) AppleWebKit/605.1.15 (KHTML, like Gecko) Version/18.3 Mobile/15E148 Safari/604.1"
113.211.214.178 - - [24/Apr/2025:10:56:12 +0700] "GET /_next/image?url=%2Fimages%2Fflag%2FID.png&w=48&q=75 HTTP/1.1" 304 0 "https://staging.bumimascitramandiri.com/id" "Mozilla/5.0 (iPhone; CPU iPhone OS 18_3_1 like Mac OS X) AppleWebKit/605.1.15 (KHTML, like Gecko) Version/18.3 Mobile/15E148 Safari/604.1"
113.211.214.178 - - [24/Apr/2025:10:56:12 +0700] "GET /_next/image?url=%2Fimages%2Fuser-1.png&w=96&q=75 HTTP/1.1" 304 0 "https://staging.bumimascitramandiri.com/id" "Mozilla/5.0 (iPhone; CPU iPhone OS 18_3_1 like Mac OS X) AppleWebKit/605.1.15 (KHTML, like Gecko) Version/18.3 Mobile/15E148 Safari/604.1"
113.211.214.178 - - [24/Apr/2025:10:56:12 +0700] "GET /_next/image?url=%2Fimages%2Fabout-merge.png&w=1080&q=75 HTTP/1.1" 304 0 "https://staging.bumimascitramandiri.com/id" "Mozilla/5.0 (iPhone; CPU iPhone OS 18_3_1 like Mac OS X) AppleWebKit/605.1.15 (KHTML, like Gecko) Version/18.3 Mobile/15E148 Safari/604.1"
113.211.214.178 - - [24/Apr/2025:10:56:12 +0700] "GET /_next/image?url=%2Fimages%2Fbanner-bg.png&w=2048&q=75 HTTP/1.1" 304 0 "https://staging.bumimascitramandiri.com/id" "Mozilla/5.0 (iPhone; CPU iPhone OS 18_3_1 like Mac OS X) AppleWebKit/605.1.15 (KHTML, like Gecko) Version/18.3 Mobile/15E148 Safari/604.1"
113.211.214.178 - - [24/Apr/2025:10:56:12 +0700] "GET /_next/image?url=%2Fimages%2Fabout-merge.png&w=1080&q=75 HTTP/1.1" 304 0 "https://staging.bumimascitramandiri.com/id" "Mozilla/5.0 (iPhone; CPU iPhone OS 18_3_1 like Mac OS X) AppleWebKit/605.1.15 (KHTML, like Gecko) Version/18.3 Mobile/15E148 Safari/604.1"
113.211.214.178 - - [24/Apr/2025:10:56:12 +0700] "GET /_next/image?url=%2Fimages%2Fuser-1.png&w=96&q=75 HTTP/1.1" 304 0 "https://staging.bumimascitramandiri.com/id" "Mozilla/5.0 (iPhone; CPU iPhone OS 18_3_1 like Mac OS X) AppleWebKit/605.1.15 (KHTML, like Gecko) Version/18.3 Mobile/15E148 Safari/604.1"
113.211.214.178 - - [24/Apr/2025:10:56:12 +0700] "GET /images/icons/align-right.svg HTTP/1.1" 304 0 "https://staging.bumimascitramandiri.com/id" "Mozilla/5.0 (iPhone; CPU iPhone OS 18_3_1 like Mac OS X) AppleWebKit/605.1.15 (KHTML, like Gecko) Version/18.3 Mobile/15E148 Safari/604.1"
113.211.214.178 - - [24/Apr/2025:10:56:12 +0700] "GET /id/kontak-kami?_rsc=18bxy HTTP/1.1" 304 0 "https://staging.bumimascitramandiri.com/id" "Mozilla/5.0 (iPhone; CPU iPhone OS 18_3_1 like Mac OS X) AppleWebKit/605.1.15 (KHTML, like Gecko) Version/18.3 Mobile/15E148 Safari/604.1"
113.211.214.178 - - [24/Apr/2025:10:56:13 +0700] "GET /_next/image?url=%2Fimages%2Fbanner-bg.png&w=2048&q=75 HTTP/1.1" 304 0 "https://staging.bumimascitramandiri.com/id" "Mozilla/5.0 (iPhone; CPU iPhone OS 18_3_1 like Mac OS X) AppleWebKit/605.1.15 (KHTML, like Gecko) Version/18.3 Mobile/15E148 Safari/604.1"
113.211.214.178 - - [24/Apr/2025:10:57:50 +0700] "GET /id HTTP/1.1" 200 13830 "https://staging.bumimascitramandiri.com/id" "Mozilla/5.0 (iPhone; CPU iPhone OS 18_3_1 like Mac OS X) AppleWebKit/605.1.15 (KHTML, like Gecko) Version/18.3 Mobile/15E148 Safari/604.1"
113.211.214.178 - - [24/Apr/2025:10:57:51 +0700] "GET /_next/image?url=%2Fimages%2Fvisi-misi.png&w=1200&q=75 HTTP/1.1" 304 0 "https://staging.bumimascitramandiri.com/id" "Mozilla/5.0 (iPhone; CPU iPhone OS 18_3_1 like Mac OS X) AppleWebKit/605.1.15 (KHTML, like Gecko) Version/18.3 Mobile/15E148 Safari/604.1"
113.211.214.178 - - [24/Apr/2025:10:57:51 +0700] "GET /_next/image?url=%2Fimages%2Flogo.png&w=128&q=100 HTTP/1.1" 304 0 "https://staging.bumimascitramandiri.com/id" "Mozilla/5.0 (iPhone; CPU iPhone OS 18_3_1 like Mac OS X) AppleWebKit/605.1.15 (KHTML, like Gecko) Version/18.3 Mobile/15E148 Safari/604.1"
113.211.214.178 - - [24/Apr/2025:10:57:52 +0700] "GET /id/kontak-kami?_rsc=18bxy HTTP/1.1" 304 0 "https://staging.bumimascitramandiri.com/id" "Mozilla/5.0 (iPhone; CPU iPhone OS 18_3_1 like Mac OS X) AppleWebKit/605.1.15 (KHTML, like Gecko) Version/18.3 Mobile/15E148 Safari/604.1"
113.211.214.178 - - [24/Apr/2025:10:57:52 +0700] "GET /_next/image?url=%2Fimages%2Flogo.png&w=128&q=100 HTTP/1.1" 304 0 "https://staging.bumimascitramandiri.com/id" "Mozilla/5.0 (iPhone; CPU iPhone OS 18_3_1 like Mac OS X) AppleWebKit/605.1.15 (KHTML, like Gecko) Version/18.3 Mobile/15E148 Safari/604.1"
113.211.214.178 - - [24/Apr/2025:10:57:52 +0700] "GET /_next/image?url=%2Fimages%2Fflag%2FID.png&w=48&q=75 HTTP/1.1" 304 0 "https://staging.bumimascitramandiri.com/id" "Mozilla/5.0 (iPhone; CPU iPhone OS 18_3_1 like Mac OS X) AppleWebKit/605.1.15 (KHTML, like Gecko) Version/18.3 Mobile/15E148 Safari/604.1"
113.211.214.178 - - [24/Apr/2025:10:57:52 +0700] "GET /_next/image?url=%2Fimages%2Fbanner-bg.png&w=2048&q=75 HTTP/1.1" 304 0 "https://staging.bumimascitramandiri.com/id" "Mozilla/5.0 (iPhone; CPU iPhone OS 18_3_1 like Mac OS X) AppleWebKit/605.1.15 (KHTML, like Gecko) Version/18.3 Mobile/15E148 Safari/604.1"
113.211.214.178 - - [24/Apr/2025:10:57:52 +0700] "GET /_next/image?url=%2Fimages%2Fabout-merge.png&w=1080&q=75 HTTP/1.1" 304 0 "https://staging.bumimascitramandiri.com/id" "Mozilla/5.0 (iPhone; CPU iPhone OS 18_3_1 like Mac OS X) AppleWebKit/605.1.15 (KHTML, like Gecko) Version/18.3 Mobile/15E148 Safari/604.1"
113.211.214.178 - - [24/Apr/2025:10:57:52 +0700] "GET /_next/image?url=%2Fimages%2Fuser-1.png&w=96&q=75 HTTP/1.1" 304 0 "https://staging.bumimascitramandiri.com/id" "Mozilla/5.0 (iPhone; CPU iPhone OS 18_3_1 like Mac OS X) AppleWebKit/605.1.15 (KHTML, like Gecko) Version/18.3 Mobile/15E148 Safari/604.1"
113.211.214.178 - - [24/Apr/2025:10:57:52 +0700] "GET /_next/image?url=%2Fimages%2Fvisi-misi.png&w=1200&q=75 HTTP/1.1" 304 0 "https://staging.bumimascitramandiri.com/id" "Mozilla/5.0 (iPhone; CPU iPhone OS 18_3_1 like Mac OS X) AppleWebKit/605.1.15 (KHTML, like Gecko) Version/18.3 Mobile/15E148 Safari/604.1"
113.211.214.178 - - [24/Apr/2025:10:57:52 +0700] "GET /images/icons/align-right.svg HTTP/1.1" 304 0 "https://staging.bumimascitramandiri.com/id" "Mozilla/5.0 (iPhone; CPU iPhone OS 18_3_1 like Mac OS X) AppleWebKit/605.1.15 (KHTML, like Gecko) Version/18.3 Mobile/15E148 Safari/604.1"
113.211.214.178 - - [24/Apr/2025:10:57:52 +0700] "GET /_next/image?url=%2Fimages%2Fuser-1.png&w=96&q=75 HTTP/1.1" 304 0 "https://staging.bumimascitramandiri.com/id" "Mozilla/5.0 (iPhone; CPU iPhone OS 18_3_1 like Mac OS X) AppleWebKit/605.1.15 (KHTML, like Gecko) Version/18.3 Mobile/15E148 Safari/604.1"
113.211.214.178 - - [24/Apr/2025:10:57:53 +0700] "GET /_next/image?url=%2Fimages%2Fbanner-bg.png&w=2048&q=75 HTTP/1.1" 304 0 "https://staging.bumimascitramandiri.com/id" "Mozilla/5.0 (iPhone; CPU iPhone OS 18_3_1 like Mac OS X) AppleWebKit/605.1.15 (KHTML, like Gecko) Version/18.3 Mobile/15E148 Safari/604.1"
113.211.214.178 - - [24/Apr/2025:10:57:53 +0700] "GET /_next/image?url=%2Fimages%2Fflag%2FID.png&w=48&q=75 HTTP/1.1" 304 0 "https://staging.bumimascitramandiri.com/id" "Mozilla/5.0 (iPhone; CPU iPhone OS 18_3_1 like Mac OS X) AppleWebKit/605.1.15 (KHTML, like Gecko) Version/18.3 Mobile/15E148 Safari/604.1"
113.211.214.178 - - [24/Apr/2025:10:57:53 +0700] "GET /_next/image?url=%2Fimages%2Fabout-merge.png&w=1080&q=75 HTTP/1.1" 304 0 "https://staging.bumimascitramandiri.com/id" "Mozilla/5.0 (iPhone; CPU iPhone OS 18_3_1 like Mac OS X) AppleWebKit/605.1.15 (KHTML, like Gecko) Version/18.3 Mobile/15E148 Safari/604.1"
113.211.214.178 - - [24/Apr/2025:10:57:54 +0700] "GET /images/icons/cross.svg HTTP/1.1" 304 0 "https://staging.bumimascitramandiri.com/id" "Mozilla/5.0 (iPhone; CPU iPhone OS 18_3_1 like Mac OS X) AppleWebKit/605.1.15 (KHTML, like Gecko) Version/18.3 Mobile/15E148 Safari/604.1"
113.211.214.178 - - [24/Apr/2025:10:57:54 +0700] "GET /id/tentang-kami?_rsc=18bxy HTTP/1.1" 304 0 "https://staging.bumimascitramandiri.com/id" "Mozilla/5.0 (iPhone; CPU iPhone OS 18_3_1 like Mac OS X) AppleWebKit/605.1.15 (KHTML, like Gecko) Version/18.3 Mobile/15E148 Safari/604.1"
113.211.214.178 - - [24/Apr/2025:10:57:54 +0700] "GET /id/layanan?_rsc=18bxy HTTP/1.1" 304 0 "https://staging.bumimascitramandiri.com/id" "Mozilla/5.0 (iPhone; CPU iPhone OS 18_3_1 like Mac OS X) AppleWebKit/605.1.15 (KHTML, like Gecko) Version/18.3 Mobile/15E148 Safari/604.1"
113.211.214.178 - - [24/Apr/2025:10:57:54 +0700] "GET /id/lowongan?_rsc=18bxy HTTP/1.1" 200 1373 "https://staging.bumimascitramandiri.com/id" "Mozilla/5.0 (iPhone; CPU iPhone OS 18_3_1 like Mac OS X) AppleWebKit/605.1.15 (KHTML, like Gecko) Version/18.3 Mobile/15E148 Safari/604.1"
113.211.214.178 - - [24/Apr/2025:10:58:00 +0700] "GET /images/icons/tiktok-icon.svg HTTP/1.1" 304 0 "https://staging.bumimascitramandiri.com/id" "Mozilla/5.0 (iPhone; CPU iPhone OS 18_3_1 like Mac OS X) AppleWebKit/605.1.15 (KHTML, like Gecko) Version/18.3 Mobile/15E148 Safari/604.1"
113.211.214.178 - - [24/Apr/2025:10:58:00 +0700] "GET /images/vector-footer.svg HTTP/1.1" 304 0 "https://staging.bumimascitramandiri.com/id" "Mozilla/5.0 (iPhone; CPU iPhone OS 18_3_1 like Mac OS X) AppleWebKit/605.1.15 (KHTML, like Gecko) Version/18.3 Mobile/15E148 Safari/604.1"
202.10.42.99 - - [24/Apr/2025:10:58:00 +0700] "GET /api/v1/agencies/ab7cf6f0-c70e-4402-9175-72fb1c1c7a62/jobs?page=1&limit=9&status=ACTIVE HTTP/1.1" 200 8357 "-" "node"
113.211.214.178 - - [24/Apr/2025:10:58:00 +0700] "GET /id/lowongan?_rsc=sokpo HTTP/1.1" 200 3107 "https://staging.bumimascitramandiri.com/id" "Mozilla/5.0 (iPhone; CPU iPhone OS 18_3_1 like Mac OS X) AppleWebKit/605.1.15 (KHTML, like Gecko) Version/18.3 Mobile/15E148 Safari/604.1"
113.211.214.178 - - [24/Apr/2025:10:58:37 +0700] "GET /images/icons/search.svg HTTP/1.1" 304 0 "https://staging.bumimascitramandiri.com/id/lowongan" "Mozilla/5.0 (iPhone; CPU iPhone OS 18_3_1 like Mac OS X) AppleWebKit/605.1.15 (KHTML, like Gecko) Version/18.3 Mobile/15E148 Safari/604.1"
113.211.214.178 - - [24/Apr/2025:10:58:37 +0700] "GET /id/lowongan/0033300f-a7eb-443f-8ebd-649a49225fe3?_rsc=cair4 HTTP/1.1" 200 1444 "https://staging.bumimascitramandiri.com/id/lowongan" "Mozilla/5.0 (iPhone; CPU iPhone OS 18_3_1 like Mac OS X) AppleWebKit/605.1.15 (KHTML, like Gecko) Version/18.3 Mobile/15E148 Safari/604.1"
113.211.214.178 - - [24/Apr/2025:10:58:37 +0700] "GET /images/icons/clock.svg HTTP/1.1" 304 0 "https://staging.bumimascitramandiri.com/id/lowongan" "Mozilla/5.0 (iPhone; CPU iPhone OS 18_3_1 like Mac OS X) AppleWebKit/605.1.15 (KHTML, like Gecko) Version/18.3 Mobile/15E148 Safari/604.1"
113.211.214.178 - - [24/Apr/2025:10:58:37 +0700] "GET /_next/image?url=%2Fimages%2Fvacancy-banner.png&w=1200&q=75 HTTP/1.1" 304 0 "https://staging.bumimascitramandiri.com/id/lowongan" "Mozilla/5.0 (iPhone; CPU iPhone OS 18_3_1 like Mac OS X) AppleWebKit/605.1.15 (KHTML, like Gecko) Version/18.3 Mobile/15E148 Safari/604.1"
113.211.214.178 - - [24/Apr/2025:10:58:38 +0700] "GET /id/lowongan/4b039341-ebad-4a5b-b9d7-1677a03b1804?_rsc=cair4 HTTP/1.1" 200 1445 "https://staging.bumimascitramandiri.com/id/lowongan" "Mozilla/5.0 (iPhone; CPU iPhone OS 18_3_1 like Mac OS X) AppleWebKit/605.1.15 (KHTML, like Gecko) Version/18.3 Mobile/15E148 Safari/604.1"
95.214.54.165 - - [24/Apr/2025:10:59:00 +0700] "GET /.env HTTP/1.1" 444 0 "-" "Mozilla/5.0 (X11; Linux x86_64) AppleWebKit/537.36 (KHTML, like Gecko) Chrome/81.0.4044.129 Safari/537.36"
185.255.122.19 - - [24/Apr/2025:10:59:09 +0700] "GET / HTTP/1.1" 444 0 "-" "Mozilla/5.0 (Windows NT 10.0; Win64; x64) AppleWebKit/537.36 (KHTML, like Gecko) Chrome/90.0.4430.85 Safari/537.36 Edg/90.0.818.46"
113.211.214.178 - - [24/Apr/2025:10:59:46 +0700] "GET /_next/image?url=%2Fimages%2Fflag%2FEN.png&w=48&q=75 HTTP/1.1" 304 0 "https://staging.bumimascitramandiri.com/id/lowongan" "Mozilla/5.0 (iPhone; CPU iPhone OS 18_3_1 like Mac OS X) AppleWebKit/605.1.15 (KHTML, like Gecko) Version/18.3 Mobile/15E148 Safari/604.1"
113.211.214.178 - - [24/Apr/2025:10:59:46 +0700] "GET /_next/image?url=%2Fimages%2Fflag%2FID.png&w=48&q=75 HTTP/1.1" 304 0 "https://staging.bumimascitramandiri.com/id/lowongan" "Mozilla/5.0 (iPhone; CPU iPhone OS 18_3_1 like Mac OS X) AppleWebKit/605.1.15 (KHTML, like Gecko) Version/18.3 Mobile/15E148 Safari/604.1"
202.10.42.99 - - [24/Apr/2025:10:59:47 +0700] "GET /api/v1/agencies/ab7cf6f0-c70e-4402-9175-72fb1c1c7a62/jobs?page=1&limit=9&status=ACTIVE HTTP/1.1" 200 8357 "-" "node"
113.211.214.178 - - [24/Apr/2025:10:59:48 +0700] "GET /en/vacancy?_rsc=1ppqt HTTP/1.1" 200 5516 "https://staging.bumimascitramandiri.com/id/lowongan" "Mozilla/5.0 (iPhone; CPU iPhone OS 18_3_1 like Mac OS X) AppleWebKit/605.1.15 (KHTML, like Gecko) Version/18.3 Mobile/15E148 Safari/604.1"
113.211.214.178 - - [24/Apr/2025:10:59:48 +0700] "GET /images/icons/align-right.svg HTTP/1.1" 304 0 "https://staging.bumimascitramandiri.com/id/lowongan" "Mozilla/5.0 (iPhone; CPU iPhone OS 18_3_1 like Mac OS X) AppleWebKit/605.1.15 (KHTML, like Gecko) Version/18.3 Mobile/15E148 Safari/604.1"
113.211.214.178 - - [24/Apr/2025:10:59:48 +0700] "GET /_next/image?url=%2Fimages%2Flogo.png&w=128&q=100 HTTP/1.1" 304 0 "https://staging.bumimascitramandiri.com/id/lowongan" "Mozilla/5.0 (iPhone; CPU iPhone OS 18_3_1 like Mac OS X) AppleWebKit/605.1.15 (KHTML, like Gecko) Version/18.3 Mobile/15E148 Safari/604.1"
113.211.214.178 - - [24/Apr/2025:10:59:48 +0700] "GET /en/vacancy/4b039341-ebad-4a5b-b9d7-1677a03b1804?_rsc=1bjmp HTTP/1.1" 200 1447 "https://staging.bumimascitramandiri.com/en/vacancy" "Mozilla/5.0 (iPhone; CPU iPhone OS 18_3_1 like Mac OS X) AppleWebKit/605.1.15 (KHTML, like Gecko) Version/18.3 Mobile/15E148 Safari/604.1"
113.211.214.178 - - [24/Apr/2025:10:59:48 +0700] "GET /_next/image?url=%2Fimages%2Fvacancy-banner.png&w=1200&q=75 HTTP/1.1" 304 0 "https://staging.bumimascitramandiri.com/id/lowongan" "Mozilla/5.0 (iPhone; CPU iPhone OS 18_3_1 like Mac OS X) AppleWebKit/605.1.15 (KHTML, like Gecko) Version/18.3 Mobile/15E148 Safari/604.1"
113.211.214.178 - - [24/Apr/2025:10:59:48 +0700] "GET /images/icons/search.svg HTTP/1.1" 304 0 "https://staging.bumimascitramandiri.com/id/lowongan" "Mozilla/5.0 (iPhone; CPU iPhone OS 18_3_1 like Mac OS X) AppleWebKit/605.1.15 (KHTML, like Gecko) Version/18.3 Mobile/15E148 Safari/604.1"
113.211.214.178 - - [24/Apr/2025:10:59:48 +0700] "GET /en?_rsc=1bjmp HTTP/1.1" 200 5730 "https://staging.bumimascitramandiri.com/en/vacancy" "Mozilla/5.0 (iPhone; CPU iPhone OS 18_3_1 like Mac OS X) AppleWebKit/605.1.15 (KHTML, like Gecko) Version/18.3 Mobile/15E148 Safari/604.1"
113.211.214.178 - - [24/Apr/2025:10:59:48 +0700] "GET /en/vacancy/0033300f-a7eb-443f-8ebd-649a49225fe3?_rsc=1bjmp HTTP/1.1" 200 1447 "https://staging.bumimascitramandiri.com/en/vacancy" "Mozilla/5.0 (iPhone; CPU iPhone OS 18_3_1 like Mac OS X) AppleWebKit/605.1.15 (KHTML, like Gecko) Version/18.3 Mobile/15E148 Safari/604.1"
113.211.214.178 - - [24/Apr/2025:10:59:48 +0700] "GET /images/icons/clock.svg HTTP/1.1" 304 0 "https://staging.bumimascitramandiri.com/id/lowongan" "Mozilla/5.0 (iPhone; CPU iPhone OS 18_3_1 like Mac OS X) AppleWebKit/605.1.15 (KHTML, like Gecko) Version/18.3 Mobile/15E148 Safari/604.1"
113.211.214.178 - - [24/Apr/2025:10:59:50 +0700] "GET /images/vector-footer.svg HTTP/1.1" 304 0 "https://staging.bumimascitramandiri.com/id/lowongan" "Mozilla/5.0 (iPhone; CPU iPhone OS 18_3_1 like Mac OS X) AppleWebKit/605.1.15 (KHTML, like Gecko) Version/18.3 Mobile/15E148 Safari/604.1"
113.211.214.178 - - [24/Apr/2025:10:59:50 +0700] "GET /images/icons/tiktok-icon.svg HTTP/1.1" 304 0 "https://staging.bumimascitramandiri.com/id/lowongan" "Mozilla/5.0 (iPhone; CPU iPhone OS 18_3_1 like Mac OS X) AppleWebKit/605.1.15 (KHTML, like Gecko) Version/18.3 Mobile/15E148 Safari/604.1"
202.10.42.99 - - [24/Apr/2025:10:59:50 +0700] "GET /api/v1/agencies/ab7cf6f0-c70e-4402-9175-72fb1c1c7a62/jobs/4b039341-ebad-4a5b-b9d7-1677a03b1804 HTTP/1.1" 200 878 "-" "node"
113.211.214.178 - - [24/Apr/2025:10:59:50 +0700] "GET /en/vacancy/4b039341-ebad-4a5b-b9d7-1677a03b1804?_rsc=kjdm3 HTTP/1.1" 200 2684 "https://staging.bumimascitramandiri.com/en/vacancy" "Mozilla/5.0 (iPhone; CPU iPhone OS 18_3_1 like Mac OS X) AppleWebKit/605.1.15 (KHTML, like Gecko) Version/18.3 Mobile/15E148 Safari/604.1"
113.211.214.178 - - [24/Apr/2025:10:59:50 +0700] "GET /images/icons/flag.svg HTTP/1.1" 304 0 "https://staging.bumimascitramandiri.com/en/vacancy/4b039341-ebad-4a5b-b9d7-1677a03b1804" "Mozilla/5.0 (iPhone; CPU iPhone OS 18_3_1 like Mac OS X) AppleWebKit/605.1.15 (KHTML, like Gecko) Version/18.3 Mobile/15E148 Safari/604.1"
113.211.214.178 - - [24/Apr/2025:10:59:50 +0700] "GET /images/icons/clock.svg HTTP/1.1" 304 0 "https://staging.bumimascitramandiri.com/en/vacancy/4b039341-ebad-4a5b-b9d7-1677a03b1804" "Mozilla/5.0 (iPhone; CPU iPhone OS 18_3_1 like Mac OS X) AppleWebKit/605.1.15 (KHTML, like Gecko) Version/18.3 Mobile/15E148 Safari/604.1"
113.211.214.178 - - [24/Apr/2025:10:59:50 +0700] "GET /_next/image?url=%2Fimages%2Fsuccess.png&w=256&q=75 HTTP/1.1" 304 0 "https://staging.bumimascitramandiri.com/en/vacancy/4b039341-ebad-4a5b-b9d7-1677a03b1804" "Mozilla/5.0 (iPhone; CPU iPhone OS 18_3_1 like Mac OS X) AppleWebKit/605.1.15 (KHTML, like Gecko) Version/18.3 Mobile/15E148 Safari/604.1"
113.211.214.178 - - [24/Apr/2025:10:59:50 +0700] "GET /images/icons/cross-black.svg HTTP/1.1" 304 0 "https://staging.bumimascitramandiri.com/en/vacancy/4b039341-ebad-4a5b-b9d7-1677a03b1804" "Mozilla/5.0 (iPhone; CPU iPhone OS 18_3_1 like Mac OS X) AppleWebKit/605.1.15 (KHTML, like Gecko) Version/18.3 Mobile/15E148 Safari/604.1"
202.10.42.99 - - [24/Apr/2025:10:59:52 +0700] "GET /api/v1/agencies/ab7cf6f0-c70e-4402-9175-72fb1c1c7a62/jobs/%5Bid%5D HTTP/1.1" 500 26 "-" "node"
113.211.214.178 - - [24/Apr/2025:10:59:52 +0700] "GET /id/lowongan/[id]?_rsc=1fx6o HTTP/1.1" 200 4364 "https://staging.bumimascitramandiri.com/en/vacancy/4b039341-ebad-4a5b-b9d7-1677a03b1804" "Mozilla/5.0 (iPhone; CPU iPhone OS 18_3_1 like Mac OS X) AppleWebKit/605.1.15 (KHTML, like Gecko) Version/18.3 Mobile/15E148 Safari/604.1"
113.211.214.178 - - [24/Apr/2025:10:59:52 +0700] "GET /images/icons/align-right.svg HTTP/1.1" 304 0 "https://staging.bumimascitramandiri.com/en/vacancy/4b039341-ebad-4a5b-b9d7-1677a03b1804" "Mozilla/5.0 (iPhone; CPU iPhone OS 18_3_1 like Mac OS X) AppleWebKit/605.1.15 (KHTML, like Gecko) Version/18.3 Mobile/15E148 Safari/604.1"
113.211.214.178 - - [24/Apr/2025:10:59:52 +0700] "GET /images/icons/tiktok-icon.svg HTTP/1.1" 304 0 "https://staging.bumimascitramandiri.com/en/vacancy/4b039341-ebad-4a5b-b9d7-1677a03b1804" "Mozilla/5.0 (iPhone; CPU iPhone OS 18_3_1 like Mac OS X) AppleWebKit/605.1.15 (KHTML, like Gecko) Version/18.3 Mobile/15E148 Safari/604.1"
113.211.214.178 - - [24/Apr/2025:10:59:52 +0700] "GET /images/vector-footer.svg HTTP/1.1" 304 0 "https://staging.bumimascitramandiri.com/en/vacancy/4b039341-ebad-4a5b-b9d7-1677a03b1804" "Mozilla/5.0 (iPhone; CPU iPhone OS 18_3_1 like Mac OS X) AppleWebKit/605.1.15 (KHTML, like Gecko) Version/18.3 Mobile/15E148 Safari/604.1"
113.211.214.178 - - [24/Apr/2025:10:59:52 +0700] "GET /_next/image?url=%2Fimages%2Fempty.png&w=640&q=75 HTTP/1.1" 304 0 "https://staging.bumimascitramandiri.com/en/vacancy/4b039341-ebad-4a5b-b9d7-1677a03b1804" "Mozilla/5.0 (iPhone; CPU iPhone OS 18_3_1 like Mac OS X) AppleWebKit/605.1.15 (KHTML, like Gecko) Version/18.3 Mobile/15E148 Safari/604.1"
202.10.42.99 - - [24/Apr/2025:10:59:54 +0700] "GET /api/v1/agencies/ab7cf6f0-c70e-4402-9175-72fb1c1c7a62/jobs/%5Bid%5D HTTP/1.1" 500 26 "-" "node"
113.211.214.178 - - [24/Apr/2025:10:59:54 +0700] "GET /en/vacancy/[id]?_rsc=1dg4d HTTP/1.1" 200 4350 "https://staging.bumimascitramandiri.com/id/lowongan/[id]" "Mozilla/5.0 (iPhone; CPU iPhone OS 18_3_1 like Mac OS X) AppleWebKit/605.1.15 (KHTML, like Gecko) Version/18.3 Mobile/15E148 Safari/604.1"
113.211.214.178 - - [24/Apr/2025:10:59:54 +0700] "GET /images/vector-footer.svg HTTP/1.1" 304 0 "https://staging.bumimascitramandiri.com/id/lowongan/[id]" "Mozilla/5.0 (iPhone; CPU iPhone OS 18_3_1 like Mac OS X) AppleWebKit/605.1.15 (KHTML, like Gecko) Version/18.3 Mobile/15E148 Safari/604.1"
113.211.214.178 - - [24/Apr/2025:10:59:54 +0700] "GET /images/icons/tiktok-icon.svg HTTP/1.1" 304 0 "https://staging.bumimascitramandiri.com/id/lowongan/[id]" "Mozilla/5.0 (iPhone; CPU iPhone OS 18_3_1 like Mac OS X) AppleWebKit/605.1.15 (KHTML, like Gecko) Version/18.3 Mobile/15E148 Safari/604.1"
113.211.214.178 - - [24/Apr/2025:10:59:54 +0700] "GET /images/icons/align-right.svg HTTP/1.1" 304 0 "https://staging.bumimascitramandiri.com/id/lowongan/[id]" "Mozilla/5.0 (iPhone; CPU iPhone OS 18_3_1 like Mac OS X) AppleWebKit/605.1.15 (KHTML, like Gecko) Version/18.3 Mobile/15E148 Safari/604.1"
